Component: ARM Compiler 5.06 update 1 (build 61) Tool: armlink [4d35a8]

==============================================================================

Section Cross References

    startup_stm32f407xx.o(RESET) refers to startup_stm32f407xx.o(STACK) for __initial_sp
    startup_stm32f407xx.o(RESET) refers to startup_stm32f407xx.o(.text) for Reset_Handler
    startup_stm32f407xx.o(RESET) refers to stm32f4xx_it.o(i.NMI_Handler) for NMI_Handler
    startup_stm32f407xx.o(RESET) refers to stm32f4xx_it.o(i.HardFault_Handler) for HardFault_Handler
    startup_stm32f407xx.o(RESET) refers to stm32f4xx_it.o(i.MemManage_Handler) for MemManage_Handler
    startup_stm32f407xx.o(RESET) refers to stm32f4xx_it.o(i.BusFault_Handler) for BusFault_Handler
    startup_stm32f407xx.o(RESET) refers to stm32f4xx_it.o(i.UsageFault_Handler) for UsageFault_Handler
    startup_stm32f407xx.o(RESET) refers to port.o(.emb_text) for SVC_Handler
    startup_stm32f407xx.o(RESET) refers to stm32f4xx_it.o(i.DebugMon_Handler) for DebugMon_Handler
    startup_stm32f407xx.o(RESET) refers to port.o(i.SysTick_Handler) for SysTick_Handler
    startup_stm32f407xx.o(RESET) refers to stm32f4xx_it.o(i.EXTI0_IRQHandler) for EXTI0_IRQHandler
    startup_stm32f407xx.o(RESET) refers to stm32f4xx_it.o(i.DMA1_Stream3_IRQHandler) for DMA1_Stream3_IRQHandler
    startup_stm32f407xx.o(RESET) refers to stm32f4xx_it.o(i.DMA1_Stream6_IRQHandler) for DMA1_Stream6_IRQHandler
    startup_stm32f407xx.o(RESET) refers to stm32f4xx_it.o(i.TIM1_UP_TIM10_IRQHandler) for TIM1_UP_TIM10_IRQHandler
    startup_stm32f407xx.o(RESET) refers to stm32f4xx_it.o(i.USART1_IRQHandler) for USART1_IRQHandler
    startup_stm32f407xx.o(.text) refers to system_stm32f4xx.o(i.SystemInit) for SystemInit
    startup_stm32f407xx.o(.text) refers to entry.o(.ARM.Collect$$$$00000000) for __main
    main.o(i.HAL_TIM_PeriodElapsedCallback) refers to stm32f4xx_hal.o(i.HAL_IncTick) for HAL_IncTick
    main.o(i.MX_GPIO_Init) refers to memseta.o(.text) for __aeabi_memclr4
    main.o(i.MX_GPIO_Init) refers to stm32f4xx_hal_gpio.o(i.HAL_GPIO_WritePin) for HAL_GPIO_WritePin
    main.o(i.MX_GPIO_Init) refers to stm32f4xx_hal_gpio.o(i.HAL_GPIO_Init) for HAL_GPIO_Init
    main.o(i.MX_GPIO_Init) refers to stm32f4xx_hal_cortex.o(i.HAL_NVIC_SetPriority) for HAL_NVIC_SetPriority
    main.o(i.MX_GPIO_Init) refers to stm32f4xx_hal_cortex.o(i.HAL_NVIC_EnableIRQ) for HAL_NVIC_EnableIRQ
    main.o(i.SystemClock_Config) refers to memseta.o(.text) for __aeabi_memclr4
    main.o(i.SystemClock_Config) refers to stm32f4xx_hal_rcc.o(i.HAL_RCC_OscConfig) for HAL_RCC_OscConfig
    main.o(i.SystemClock_Config) refers to stm32f4xx_hal_rcc.o(i.HAL_RCC_ClockConfig) for HAL_RCC_ClockConfig
    main.o(i.SystemClock_Config) refers to stm32f4xx_hal_rcc_ex.o(i.HAL_RCCEx_PeriphCLKConfig) for HAL_RCCEx_PeriphCLKConfig
    main.o(i.main) refers to stm32f4xx_hal.o(i.HAL_Init) for HAL_Init
    main.o(i.main) refers to main.o(i.SystemClock_Config) for SystemClock_Config
    main.o(i.main) refers to main.o(i.MX_GPIO_Init) for MX_GPIO_Init
    main.o(i.main) refers to stm32f4xx_hal_cortex.o(i.HAL_NVIC_SetPriority) for HAL_NVIC_SetPriority
    main.o(i.main) refers to stm32f4xx_hal_cortex.o(i.HAL_NVIC_EnableIRQ) for HAL_NVIC_EnableIRQ
    main.o(i.main) refers to microphone.o(i.AUDIO_IN_Init) for AUDIO_IN_Init
    main.o(i.main) refers to processing.o(i.proccesing_init) for proccesing_init
    main.o(i.main) refers to cmsis_os.o(i.osKernelStart) for osKernelStart
    main.o(i.main) refers to main.o(.data) for .data
    freertos.o(i.vApplicationGetIdleTaskMemory) refers to freertos.o(.bss) for .bss
    stm32f4xx_it.o(i.DMA1_Stream3_IRQHandler) refers to stm32f4xx_hal_dma.o(i.HAL_DMA_IRQHandler) for HAL_DMA_IRQHandler
    stm32f4xx_it.o(i.DMA1_Stream3_IRQHandler) refers to main.o(.data) for sAudio
    stm32f4xx_it.o(i.DMA1_Stream6_IRQHandler) refers to stm32f4xx_hal_dma.o(i.HAL_DMA_IRQHandler) for HAL_DMA_IRQHandler
    stm32f4xx_it.o(i.DMA1_Stream6_IRQHandler) refers to main.o(.bss) for hdma_dac2
    stm32f4xx_it.o(i.EXTI0_IRQHandler) refers to stm32f4xx_hal_gpio.o(i.HAL_GPIO_EXTI_IRQHandler) for HAL_GPIO_EXTI_IRQHandler
    stm32f4xx_it.o(i.TIM1_UP_TIM10_IRQHandler) refers to stm32f4xx_hal_tim.o(i.HAL_TIM_IRQHandler) for HAL_TIM_IRQHandler
    stm32f4xx_it.o(i.TIM1_UP_TIM10_IRQHandler) refers to stm32f4xx_hal_timebase_tim.o(.bss) for htim1
    stm32f4xx_it.o(i.USART1_IRQHandler) refers to stm32f4xx_hal_uart.o(i.HAL_UART_IRQHandler) for HAL_UART_IRQHandler
    stm32f4xx_it.o(i.USART1_IRQHandler) refers to main.o(.bss) for huart1
    stm32f4xx_hal_msp.o(i.HAL_DAC_MspDeInit) refers to stm32f4xx_hal_gpio.o(i.HAL_GPIO_DeInit) for HAL_GPIO_DeInit
    stm32f4xx_hal_msp.o(i.HAL_DAC_MspDeInit) refers to stm32f4xx_hal_dma.o(i.HAL_DMA_DeInit) for HAL_DMA_DeInit
    stm32f4xx_hal_msp.o(i.HAL_DAC_MspInit) refers to memseta.o(.text) for __aeabi_memclr4
[...]
    i.__hardfp_roundf                        0x08005c18   Section        0  roundf.o(i.__hardfp_roundf)
    i.__mathlib_flt_divzero                  0x08005cb4   Section        0  funder.o(i.__mathlib_flt_divzero)
    i.__mathlib_flt_infnan2                  0x08005cc8   Section        0  funder.o(i.__mathlib_flt_infnan2)
    i.__mathlib_flt_invalid                  0x08005cd0   Section        0  funder.o(i.__mathlib_flt_invalid)
    i.__mathlib_flt_overflow                 0x08005ce0   Section        0  funder.o(i.__mathlib_flt_overflow)
    i.__mathlib_flt_underflow                0x08005cf0   Section        0  funder.o(i.__mathlib_flt_underflow)
    i.__scatterload_copy                     0x08005d00   Section       14  handlers.o(i.__scatterload_copy)
    i.__scatterload_null                     0x08005d0e   Section        2  handlers.o(i.__scatterload_null)
    i.__scatterload_zeroinit                 0x08005d10   Section       14  handlers.o(i.__scatterload_zeroinit)
    i.__set_errno                            0x08005d20   Section        0  errno.o(i.__set_errno)
    i._fp_digits                             0x08005d2c   Section        0  printfa.o(i._fp_digits)
    _fp_digits                               0x08005d2d   Thumb Code   334  printfa.o(i._fp_digits)
    i._printf_core                           0x08005e90   Section        0  printfa.o(i._printf_core)
    _printf_core                             0x08005e91   Thumb Code  1744  printfa.o(i._printf_core)
    i._printf_post_padding                   0x0800656c   Section        0  printfa.o(i._printf_post_padding)
    _printf_post_padding                     0x0800656d   Thumb Code    36  printfa.o(i._printf_post_padding)
    i._printf_pre_padding                    0x08006590   Section        0  printfa.o(i._printf_pre_padding)
    _printf_pre_padding                      0x08006591   Thumb Code    46  printfa.o(i._printf_pre_padding)
    i.fputc                                  0x080065c0   Section        0  retarget_io.o(i.fputc)
    i.inHandlerMode                          0x080065e0   Section        0  cmsis_os.o(i.inHandlerMode)
    inHandlerMode                            0x080065e1   Thumb Code    12  cmsis_os.o(i.inHandlerMode)
    i.main                                   0x080065ec   Section        0  main.o(i.main)
    i.makeFreeRtosPriority                   0x0800663c   Section        0  cmsis_os.o(i.makeFreeRtosPriority)
    makeFreeRtosPriority                     0x0800663d   Thumb Code    12  cmsis_os.o(i.makeFreeRtosPriority)
    i.osKernelStart                          0x08006648   Section        0  cmsis_os.o(i.osKernelStart)
    i.osMutexCreate                          0x08006652   Section        0  cmsis_os.o(i.osMutexCreate)
    i.osMutexRelease                         0x08006664   Section        0  cmsis_os.o(i.osMutexRelease)
    i.osMutexWait                            0x080066b4   Section        0  cmsis_os.o(i.osMutexWait)
    i.osSemaphoreCreate                      0x08006718   Section        0  cmsis_os.o(i.osSemaphoreCreate)
    i.osSemaphoreRelease                     0x08006758   Section        0  cmsis_os.o(i.osSemaphoreRelease)
    i.osSemaphoreWait                        0x080067a8   Section        0  cmsis_os.o(i.osSemaphoreWait)
    i.osThreadCreate                         0x0800680c   Section        0  cmsis_os.o(i.osThreadCreate)
    i.proccesing_init                        0x08006860   Section        0  processing.o(i.proccesing_init)
    i.prvAddCurrentTaskToDelayedList         0x08006898   Section        0  tasks.o(i.prvAddCurrentTaskToDelayedList)
    prvAddCurrentTaskToDelayedList           0x08006899   Thumb Code   102  tasks.o(i.prvAddCurrentTaskToDelayedList)
    i.prvAddNewTaskToReadyList               0x08006908   Section        0  tasks.o(i.prvAddNewTaskToReadyList)
    prvAddNewTaskToReadyList                 0x08006909   Thumb Code   194  tasks.o(i.prvAddNewTaskToReadyList)
    i.prvCopyDataFromQueue                   0x080069d8   Section        0  queue.o(i.prvCopyDataFromQueue)
    prvCopyDataFromQueue                     0x080069d9   Thumb Code    38  queue.o(i.prvCopyDataFromQueue)
    i.prvCopyDataToQueue                     0x080069fe   Section        0  queue.o(i.prvCopyDataToQueue)
    prvCopyDataToQueue                       0x080069ff   Thumb Code   108  queue.o(i.prvCopyDataToQueue)
    i.prvDeleteTCB                           0x08006a6a   Section        0  tasks.o(i.prvDeleteTCB)
    prvDeleteTCB                             0x08006a6b   Thumb Code    52  tasks.o(i.prvDeleteTCB)
    i.prvHeapInit                            0x08006aa0   Section        0  heap_4.o(i.prvHeapInit)
    prvHeapInit                              0x08006aa1   Thumb Code    66  heap_4.o(i.prvHeapInit)
    i.prvIdleTask                            0x08006aec   Section        0  tasks.o(i.prvIdleTask)
    prvIdleTask                              0x08006aed   Thumb Code    82  tasks.o(i.prvIdleTask)
    i.prvInitialiseMutex                     0x08006b4c   Section        0  queue.o(i.prvInitialiseMutex)
    prvInitialiseMutex                       0x08006b4d   Thumb Code    22  queue.o(i.prvInitialiseMutex)
    i.prvInitialiseNewQueue                  0x08006b62   Section        0  queue.o(i.prvInitialiseNewQueue)
    prvInitialiseNewQueue                    0x08006b63   Thumb Code    22  queue.o(i.prvInitialiseNewQueue)
    i.prvInitialiseNewTask                   0x08006b78   Section        0  tasks.o(i.prvInitialiseNewTask)
    prvInitialiseNewTask                     0x08006b79   Thumb Code   142  tasks.o(i.prvInitialiseNewTask)
    i.prvInsertBlockIntoFreeList             0x08006c08   Section        0  heap_4.o(i.prvInsertBlockIntoFreeList)
    prvInsertBlockIntoFreeList               0x08006c09   Thumb Code    72  heap_4.o(i.prvInsertBlockIntoFreeList)
    i.prvIsQueueEmpty                        0x08006c54   Section        0  queue.o(i.prvIsQueueEmpty)
    prvIsQueueEmpty                          0x08006c55   Thumb Code    28  queue.o(i.prvIsQueueEmpty)
    i.prvResetNextTaskUnblockTime            0x08006c70   Section        0  tasks.o(i.prvResetNextTaskUnblockTime)
    prvResetNextTaskUnblockTime              0x08006c71   Thumb Code    26  tasks.o(i.prvResetNextTaskUnblockTime)
    i.prvTaskExitError                       0x08006c90   Section        0  port.o(i.prvTaskExitError)
    prvTaskExitError                         0x08006c91   Thumb Code    36  port.o(i.prvTaskExitError)
    i.prvUnlockQueue                         0x08006cb8   Section        0  queue.o(i.prvUnlockQueue)
    prvUnlockQueue                           0x08006cb9   Thumb Code   106  queue.o(i.prvUnlockQueue)
    i.pvPortMalloc                           0x08006d24   Section        0  heap_4.o(i.pvPortMalloc)
    i.pvTaskIncrementMutexHeldCount          0x08006dfc   Section        0  tasks.o(i.pvTaskIncrementMutexHeldCount)
    i.pxPortInitialiseStack                  0x08006e14   Section        0  port.o(i.pxPortInitialiseStack)
    i.signalProcTask                         0x08006e40   Section        0  processing.o(i.signalProcTask)
    i.uxListRemove                           0x08006f34   Section        0  list.o(i.uxListRemove)
    i.vApplicationGetIdleTaskMemory          0x08006f5c   Section        0  freertos.o(i.vApplicationGetIdleTaskMemory)
    i.vListInitialise                        0x08006f70   Section        0  list.o(i.vListInitialise)
    i.vListInitialiseItem                    0x08006f86   Section        0  list.o(i.vListInitialiseItem)
    i.vListInsert                            0x08006f8c   Section        0  list.o(i.vListInsert)
    i.vListInsertEnd                         0x08006fbc   Section        0  list.o(i.vListInsertEnd)
    i.vPortEnterCritical                     0x08006fd4   Section        0  port.o(i.vPortEnterCritical)
    i.vPortExitCritical                      0x08007014   Section        0  port.o(i.vPortExitCritical)
    i.vPortFree                              0x0800703c   Section        0  heap_4.o(i.vPortFree)
    i.vPortSetupTimerInterrupt               0x08007098   Section        0  port.o(i.vPortSetupTimerInterrupt)
    i.vPortValidateInterruptPriority         0x080070bc   Section        0  port.o(i.vPortValidateInterruptPriority)
    i.vTaskInternalSetTimeOutState           0x08007110   Section        0  tasks.o(i.vTaskInternalSetTimeOutState)
    i.vTaskMissedYield                       0x08007120   Section        0  tasks.o(i.vTaskMissedYield)
    i.vTaskPlaceOnEventList                  0x0800712c   Section        0  tasks.o(i.vTaskPlaceOnEventList)
    i.vTaskPriorityDisinheritAfterTimeout    0x0800715c   Section        0  tasks.o(i.vTaskPriorityDisinheritAfterTimeout)
    i.vTaskStartScheduler                    0x08007204   Section        0  tasks.o(i.vTaskStartScheduler)
    i.vTaskSuspendAll                        0x08007270   Section        0  tasks.o(i.vTaskSuspendAll)
    i.vTaskSwitchContext                     0x08007280   Section        0  tasks.o(i.vTaskSwitchContext)
    i.xPortStartScheduler                    0x080072dc   Section        0  port.o(i.xPortStartScheduler)
    i.xQueueCreateMutex                      0x080073d0   Section        0  queue.o(i.xQueueCreateMutex)
    i.xQueueCreateMutexStatic                0x080073e6   Section        0  queue.o(i.xQueueCreateMutexStatic)
    i.xQueueGenericCreate                    0x08007400   Section        0  queue.o(i.xQueueGenericCreate)
    i.xQueueGenericCreateStatic              0x08007448   Section        0  queue.o(i.xQueueGenericCreateStatic)
    i.xQueueGenericReset                     0x080074b0   Section        0  queue.o(i.xQueueGenericReset)
    i.xQueueGenericSend                      0x08007538   Section        0  queue.o(i.xQueueGenericSend)
    i.xQueueGiveFromISR                      0x08007698   Section        0  queue.o(i.xQueueGiveFromISR)
    i.xQueueReceive                          0x08007734   Section        0  queue.o(i.xQueueReceive)
    i.xQueueReceiveFromISR                   0x0800786c   Section        0  queue.o(i.xQueueReceiveFromISR)
    i.xQueueSemaphoreTake                    0x08007908   Section        0  queue.o(i.xQueueSemaphoreTake)
    i.xTaskCheckForTimeOut                   0x08007a80   Section        0  tasks.o(i.xTaskCheckForTimeOut)
    i.xTaskCreate                            0x08007af4   Section        0  tasks.o(i.xTaskCreate)
    i.xTaskCreateStatic                      0x08007b4e   Section        0  tasks.o(i.xTaskCreateStatic)
    i.xTaskGetSchedulerState                 0x08007ba4   Section        0  tasks.o(i.xTaskGetSchedulerState)
    i.xTaskIncrementTick                     0x08007bc0   Section        0  tasks.o(i.xTaskIncrementTick)
    i.xTaskPriorityDisinherit                0x08007c88   Section        0  tasks.o(i.xTaskPriorityDisinherit)
    i.xTaskPriorityInherit                   0x08007d20   Section        0  tasks.o(i.xTaskPriorityInherit)
    i.xTaskRemoveFromEventList               0x08007db4   Section        0  tasks.o(i.xTaskRemoveFromEventList)
    i.xTaskResumeAll                         0x08007e28   Section        0  tasks.o(i.xTaskResumeAll)
    .constdata                               0x08007eec   Section        8  stm32f4xx_hal_dma.o(.constdata)
    flagBitshiftOffset                       0x08007eec   Data           8  stm32f4xx_hal_dma.o(.constdata)
    .constdata                               0x08007ef4   Section       16  system_stm32f4xx.o(.constdata)
    .constdata                               0x08007f04   Section        8  system_stm32f4xx.o(.constdata)
    .constdata                               0x08007f0c   Section       28  microphone.o(.constdata)
    .constdata                               0x08007f28   Section       28  processing.o(.constdata)
    .constdata                               0x08007f44   Section     2048  arm_common_tables.o(.constdata)
    .constdata                               0x08008744   Section    12288  arm_common_tables.o(.constdata)
    .constdata                               0x0800b744   Section      320  powf.o(.constdata)
    table                                    0x0800b744   Data         128  powf.o(.constdata)
    powersof2to1over16top                    0x0800b7c4   Data          64  powf.o(.constdata)
    powersof2to1over16bot                    0x0800b804   Data          64  powf.o(.constdata)
    powersof2to1over16all                    0x0800b844   Data          64  powf.o(.constdata)
    .conststring                             0x0800b884   Section       12  microphone.o(.conststring)
    .conststring                             0x0800b890   Section        9  processing.o(.conststring)
    .data                                    0x20000000   Section        8  main.o(.data)
    .data                                    0x20000008   Section       12  stm32f4xx_hal.o(.data)
    .data                                    0x20000014   Section       20  stm32f4xx_hal_i2s.o(.data)
    .data                                    0x20000028   Section        4  system_stm32f4xx.o(.data)
    .data                                    0x2000002c   Section       60  tasks.o(.data)
    pxDelayedTaskList                        0x20000030   Data           4  tasks.o(.data)
    pxOverflowDelayedTaskList                0x20000034   Data           4  tasks.o(.data)
    uxDeletedTasksWaitingCleanUp             0x20000038   Data           4  tasks.o(.data)
    uxCurrentNumberOfTasks                   0x2000003c   Data           4  tasks.o(.data)
    xTickCount                               0x20000040   Data           4  tasks.o(.data)
    uxTopReadyPriority                       0x20000044   Data           4  tasks.o(.data)
    xSchedulerRunning                        0x20000048   Data           4  tasks.o(.data)
    uxPendedTicks                            0x2000004c   Data           4  tasks.o(.data)
    xYieldPending                            0x20000050   Data           4  tasks.o(.data)
    xNumOfOverflows                          0x20000054   Data           4  tasks.o(.data)
    uxTaskNumber                             0x20000058   Data           4  tasks.o(.data)
    xNextTaskUnblockTime                     0x2000005c   Data           4  tasks.o(.data)
    xIdleTaskHandle                          0x20000060   Data           4  tasks.o(.data)
    uxSchedulerSuspended                     0x20000064   Data           4  tasks.o(.data)
    .data                                    0x20000068   Section       24  heap_4.o(.data)
    pxEnd                                    0x20000068   Data           4  heap_4.o(.data)
    xFreeBytesRemaining                      0x2000006c   Data           4  heap_4.o(.data)
    xMinimumEverFreeBytesRemaining           0x20000070   Data           4  heap_4.o(.data)
    xBlockAllocatedBit                       0x20000074   Data           4  heap_4.o(.data)
    xStart                                   0x20000078   Data           8  heap_4.o(.data)
    .data                                    0x20000080   Section       12  port.o(.data)
    ucMaxSysCallPriority                     0x20000080   Data           1  port.o(.data)
    uxCriticalNesting                        0x20000084   Data           4  port.o(.data)
    ulMaxPRIGROUPValue                       0x20000088   Data           4  port.o(.data)
    .data                                    0x2000008c   Section        8  microphone.o(.data)
    .data                                    0x20000094   Section       24  processing.o(.data)
    .data                                    0x200000ac   Section     1028  pdm_filter.o(.data)
    LT_Initialization                        0x200000ac   Data           1  pdm_filter.o(.data)
    T_0_1_2                                  0x200000b0   Data        1024  pdm_filter.o(.data)
    .data                                    0x200004b0   Section        4  stdout.o(.data)
    .data                                    0x200004b4   Section        4  stderr.o(.data)
    .data                                    0x200004b8   Section        4  errno.o(.data)
    _errno                                   0x200004b8   Data           4  errno.o(.data)
    .bss                                     0x200004bc   Section       96  main.o(.bss)
    .bss                                     0x2000051c   Section       64  main.o(.bss)
    .bss                                     0x2000055c   Section      596  freertos.o(.bss)
    xIdleTaskTCBBuffer                       0x2000055c   Data          84  freertos.o(.bss)
    xIdleStack                               0x200005b0   Data         512  freertos.o(.bss)
    .bss                                     0x200007b0   Section       64  stm32f4xx_hal_timebase_tim.o(.bss)
    .bss                                     0x200007f0   Section      240  tasks.o(.bss)
    pxReadyTasksLists                        0x200007f0   Data         140  tasks.o(.bss)
    xDelayedTaskList1                        0x2000087c   Data          20  tasks.o(.bss)
    xDelayedTaskList2                        0x20000890   Data          20  tasks.o(.bss)
    xPendingReadyList                        0x200008a4   Data          20  tasks.o(.bss)
    xTasksWaitingTermination                 0x200008b8   Data          20  tasks.o(.bss)
    xSuspendedTaskList                       0x200008cc   Data          20  tasks.o(.bss)
    .bss                                     0x200008e0   Section    15360  heap_4.o(.bss)
    ucHeap                                   0x200008e0   Data       15360  heap_4.o(.bss)
    .bss                                     0x200044e0   Section     8740  microphone.o(.bss)
    hdma_i2sRx                               0x200044e0   Data          96  microphone.o(.bss)
    InternalBuffer                           0x200045e4   Data         256  microphone.o(.bss)
    RecBuf                                   0x200046e4   Data          32  microphone.o(.bss)
    .bss                                     0x20006704   Section     6144  processing.o(.bss)
    STACK                                    0x20007f08   Section    16384  startup_stm32f407xx.o(STACK)

    Global Symbols

    Symbol Name                              Value     Ov Type        Size  Object(Section)

    BuildAttributes$$THM_ISAv4$E$P$D$K$B$S$7EM$VFPi3$EXTD16$VFPS$VFMA$PE$A:L22UL41UL21$X:L11$S22US41US21$IEEE1$IW$USESV6$~STKCKD$USESV7$~SHL$OTIME$ROPI$IEEEX$EBA8$MICROLIB$REQ8$PRES8$EABIv2 0x00000000   Number         0  anon$$obj.o ABSOLUTE
    __ARM_use_no_argv                        0x00000000   Number         0  main.o ABSOLUTE
    _printf_a                                0x00000000   Number         0  stubs.o ABSOLUTE
    _printf_c                                0x00000000   Number         0  stubs.o ABSOLUTE
    _printf_charcount                        0x00000000   Number         0  stubs.o ABSOLUTE
    _printf_d                                0x00000000   Number         0  stubs.o ABSOLUTE
    _printf_e                                0x00000000   Number         0  stubs.o ABSOLUTE
    _printf_f                                0x00000000   Number         0  stubs.o ABSOLUTE
    _printf_flags                            0x00000000   Number         0  stubs.o ABSOLUTE
    _printf_fp_dec                           0x00000000   Number         0  stubs.o ABSOLUTE
    _printf_fp_hex                           0x00000000   Number         0  stubs.o ABSOLUTE
    _printf_g                                0x00000000   Number         0  stubs.o ABSOLUTE
    _printf_i                                0x00000000   Number         0  stubs.o ABSOLUTE
    _printf_int_dec                          0x00000000   Number         0  stubs.o ABSOLUTE
    _printf_l                                0x00000000   Number         0  stubs.o ABSOLUTE
    _printf_lc                               0x00000000   Number         0  stubs.o ABSOLUTE
    _printf_ll                               0x00000000   Number         0  stubs.o ABSOLUTE
    _printf_lld                              0x00000000   Number         0  stubs.o ABSOLUTE
    _printf_lli                              0x00000000   Number         0  stubs.o ABSOLUTE
    _printf_llo                              0x00000000   Number         0  stubs.o ABSOLUTE
    _printf_llu                              0x00000000   Number         0  stubs.o ABSOLUTE
    _printf_llx                              0x00000000   Number         0  stubs.o ABSOLUTE
    _printf_longlong_dec                     0x00000000   Number         0  stubs.o ABSOLUTE
    _printf_longlong_hex                     0x00000000   Number         0  stubs.o ABSOLUTE
    _printf_longlong_oct                     0x00000000   Number         0  stubs.o ABSOLUTE
    _printf_ls                               0x00000000   Number         0  stubs.o ABSOLUTE
    _printf_mbtowc                           0x00000000   Number         0  stubs.o ABSOLUTE
    _printf_n                                0x00000000   Number         0  stubs.o ABSOLUTE
    _printf_o                                0x00000000   Number         0  stubs.o ABSOLUTE
    _printf_p                                0x00000000   Number         0  stubs.o ABSOLUTE
    _printf_percent                          0x00000000   Number         0  stubs.o ABSOLUTE
    _printf_pre_padding                      0x00000000   Number         0  stubs.o ABSOLUTE
    _printf_return_value                     0x00000000   Number         0  stubs.o ABSOLUTE
    _printf_s                                0x00000000   Number         0  stubs.o ABSOLUTE
    _printf_sizespec                         0x00000000   Number         0  stubs.o ABSOLUTE
    _printf_str                              0x00000000   Number         0  stubs.o ABSOLUTE
    _printf_truncate_signed                  0x00000000   Number         0  stubs.o ABSOLUTE
    _printf_truncate_unsigned                0x00000000   Number         0  stubs.o ABSOLUTE
    _printf_u                                0x00000000   Number         0  stubs.o ABSOLUTE
    _printf_wc                               0x00000000   Number         0  stubs.o ABSOLUTE
    _printf_wctomb                           0x00000000   Number         0  stubs.o ABSOLUTE
    _printf_widthprec                        0x00000000   Number         0  stubs.o ABSOLUTE
    _printf_x                                0x00000000   Number         0  stubs.o ABSOLUTE
    __cpp_initialize__aeabi_                  - Undefined Weak Reference
    __cxa_finalize                            - Undefined Weak Reference
    _clock_init                               - Undefined Weak Reference
    _microlib_exit                            - Undefined Weak Reference
    __Vectors_Size                           0x00000188   Number         0  startup_stm32f407xx.o ABSOLUTE
    __Vectors                                0x08000000   Data           4  startup_stm32f407xx.o(RESET)
    __Vectors_End                            0x08000188   Data           0  startup_stm32f407xx.o(RESET)
    __main                                   0x08000189   Thumb Code     0  entry.o(.ARM.Collect$$$$00000000)
    _main_stk                                0x08000189   Thumb Code     0  entry2.o(.ARM.Collect$$$$00000001)
    _main_scatterload                        0x0800018d   Thumb Code     0  entry5.o(.ARM.Collect$$$$00000004)
    __main_after_scatterload                 0x08000191   Thumb Code     0  entry5.o(.ARM.Collect$$$$00000004)
    _main_clock                              0x08000191   Thumb Code     0  entry7b.o(.ARM.Collect$$$$00000008)
    _main_cpp_init                           0x08000191   Thumb Code     0  entry8b.o(.ARM.Collect$$$$0000000A)
    _main_init                               0x08000191   Thumb Code     0  entry9a.o(.ARM.Collect$$$$0000000B)
    __rt_final_cpp                           0x08000199   Thumb Code     0  entry10a.o(.ARM.Collect$$$$0000000D)
    __rt_final_exit                          0x08000199   Thumb Code     0  entry11a.o(.ARM.Collect$$$$0000000F)
    SVC_Handler                              0x0800019d   Thumb Code    28  port.o(.emb_text)
    __asm___6_port_c_39a90d8d__prvStartFirstTask 0x080001bd   Thumb Code    36  port.o(.emb_text)
    __asm___6_port_c_39a90d8d__prvEnableVFP  0x080001e5   Thumb Code    16  port.o(.emb_text)
    PendSV_Handler                           0x080001f9   Thumb Code    88  port.o(.emb_text)
    vPortGetIPSR                             0x08000255   Thumb Code     6  port.o(.emb_text)
    __asm___12_pdm_filter_c_5676b99f____REV16 0x0800025d   Thumb Code     4  pdm_filter.o(.rev16_text)
    Reset_Handler                            0x08000261   Thumb Code     8  startup_stm32f407xx.o(.text)
    ADC_IRQHandler                           0x0800027b   Thumb Code     0  startup_stm32f407xx.o(.text)
    CAN1_RX0_IRQHandler                      0x0800027b   Thumb Code     0  startup_stm32f407xx.o(.text)
    CAN1_RX1_IRQHandler                      0x0800027b   Thumb Code     0  startup_stm32f407xx.o(.text)
    CAN1_SCE_IRQHandler                      0x0800027b   Thumb Code     0  startup_stm32f407xx.o(.text)
    CAN1_TX_IRQHandler                       0x0800027b   Thumb Code     0  startup_stm32f407xx.o(.text)
    CAN2_RX0_IRQHandler                      0x0800027b   Thumb Code     0  startup_stm32f407xx.o(.text)
    CAN2_RX1_IRQHandler                      0x0800027b   Thumb Code     0  startup_stm32f407xx.o(.text)
    CAN2_SCE_IRQHandler                      0x0800027b   Thumb Code     0  startup_stm32f407xx.o(.text)
    CAN2_TX_IRQHandler                       0x0800027b   Thumb Code     0  startup_stm32f407xx.o(.text)
    DCMI_IRQHandler                          0x0800027b   Thumb Code     0  startup_stm32f407xx.o(.text)
    DMA1_Stream0_IRQHandler                  0x0800027b   Thumb Code     0  startup_stm32f407xx.o(.text)
    DMA1_Stream1_IRQHandler                  0x0800027b   Thumb Code     0  startup_stm32f407xx.o(.text)
    DMA1_Stream2_IRQHandler                  0x0800027b   Thumb Code     0  startup_stm32f407xx.o(.text)
    DMA1_Stream4_IRQHandler                  0x0800027b   Thumb Code     0  startup_stm32f407xx.o(.text)
    DMA1_Stream5_IRQHandler                  0x0800027b   Thumb Code     0  startup_stm32f407xx.o(.text)
    DMA1_Stream7_IRQHandler                  0x0800027b   Thumb Code     0  startup_stm32f407xx.o(.text)
    DMA2_Stream0_IRQHandler                  0x0800027b   Thumb Code     0  startup_stm32f407xx.o(.text)
    DMA2_Stream1_IRQHandler                  0x0800027b   Thumb Code     0  startup_stm32f407xx.o(.text)
    DMA2_Stream2_IRQHandler                  0x0800027b   Thumb Code     0  startup_stm32f407xx.o(.text)
    DMA2_Stream3_IRQHandler                  0x0800027b   Thumb Code     0  startup_stm32f407xx.o(.text)
    DMA2_Stream4_IRQHandler                  0x0800027b   Thumb Code     0  startup_stm32f407xx.o(.text)
    DMA2_Stream5_IRQHandler                  0x0800027b   Thumb Code     0  startup_stm32f407xx.o(.text)
    DMA2_Stream6_IRQHandler                  0x0800027b   Thumb Code     0  startup_stm32f407xx.o(.text)
    DMA2_Stream7_IRQHandler                  0x0800027b   Thumb Code     0  startup_stm32f407xx.o(.text)
    ETH_IRQHandler                           0x0800027b   Thumb Code     0  startup_stm32f407xx.o(.text)
    ETH_WKUP_IRQHandler                      0x0800027b   Thumb Code     0  startup_stm32f407xx.o(.text)
    EXTI15_10_IRQHandler                     0x0800027b   Thumb Code     0  startup_stm32f407xx.o(.text)
    EXTI1_IRQHandler                         0x0800027b   Thumb Code     0  startup_stm32f407xx.o(.text)
    EXTI2_IRQHandler                         0x0800027b   Thumb Code     0  startup_stm32f407xx.o(.text)
    EXTI3_IRQHandler                         0x0800027b   Thumb Code     0  startup_stm32f407xx.o(.text)
    EXTI4_IRQHandler                         0x0800027b   Thumb Code     0  startup_stm32f407xx.o(.text)
    EXTI9_5_IRQHandler                       0x0800027b   Thumb Code     0  startup_stm32f407xx.o(.text)
    FLASH_IRQHandler                         0x0800027b   Thumb Code     0  startup_stm32f407xx.o(.text)
    FMC_IRQHandler                           0x0800027b   Thumb Code     0  startup_stm32f407xx.o(.text)
    FPU_IRQHandler                           0x0800027b   Thumb Code     0  startup_stm32f407xx.o(.text)
    HASH_RNG_IRQHandler                      0x0800027b   Thumb Code     0  startup_stm32f407xx.o(.text)
    I2C1_ER_IRQHandler                       0x0800027b   Thumb Code     0  startup_stm32f407xx.o(.text)
    I2C1_EV_IRQHandler                       0x0800027b   Thumb Code     0  startup_stm32f407xx.o(.text)
    I2C2_ER_IRQHandler                       0x0800027b   Thumb Code     0  startup_stm32f407xx.o(.text)
    I2C2_EV_IRQHandler                       0x0800027b   Thumb Code     0  startup_stm32f407xx.o(.text)
    I2C3_ER_IRQHandler                       0x0800027b   Thumb Code     0  startup_stm32f407xx.o(.text)
    I2C3_EV_IRQHandler                       0x0800027b   Thumb Code     0  startup_stm32f407xx.o(.text)
    OTG_FS_IRQHandler                        0x0800027b   Thumb Code     0  startup_stm32f407xx.o(.text)
    OTG_FS_WKUP_IRQHandler                   0x0800027b   Thumb Code     0  startup_stm32f407xx.o(.text)
    OTG_HS_EP1_IN_IRQHandler                 0x0800027b   Thumb Code     0  startup_stm32f407xx.o(.text)
    OTG_HS_EP1_OUT_IRQHandler                0x0800027b   Thumb Code     0  startup_stm32f407xx.o(.text)
    OTG_HS_IRQHandler                        0x0800027b   Thumb Code     0  startup_stm32f407xx.o(.text)
    OTG_HS_WKUP_IRQHandler                   0x0800027b   Thumb Code     0  startup_stm32f407xx.o(.text)
    PVD_IRQHandler                           0x0800027b   Thumb Code     0  startup_stm32f407xx.o(.text)
    RCC_IRQHandler                           0x0800027b   Thumb Code     0  startup_stm32f407xx.o(.text)
    RTC_Alarm_IRQHandler                     0x0800027b   Thumb Code     0  startup_stm32f407xx.o(.text)
    RTC_WKUP_IRQHandler                      0x0800027b   Thumb Code     0  startup_stm32f407xx.o(.text)
    SDIO_IRQHandler                          0x0800027b   Thumb Code     0  startup_stm32f407xx.o(.text)
    SPI1_IRQHandler                          0x0800027b   Thumb Code     0  startup_stm32f407xx.o(.text)
    SPI2_IRQHandler                          0x0800027b   Thumb Code     0  startup_stm32f407xx.o(.text)
    SPI3_IRQHandler                          0x0800027b   Thumb Code     0  startup_stm32f407xx.o(.text)
    TAMP_STAMP_IRQHandler                    0x0800027b   Thumb Code     0  startup_stm32f407xx.o(.text)
    TIM1_BRK_TIM9_IRQHandler                 0x0800027b   Thumb Code     0  startup_stm32f407xx.o(.text)
    TIM1_CC_IRQHandler                       0x0800027b   Thumb Code     0  startup_stm32f407xx.o(.text)
    TIM1_TRG_COM_TIM11_IRQHandler            0x0800027b   Thumb Code     0  startup_stm32f407xx.o(.text)
    TIM2_IRQHandler                          0x0800027b   Thumb Code     0  startup_stm32f407xx.o(.text)
    TIM3_IRQHandler                          0x0800027b   Thumb Code     0  startup_stm32f407xx.o(.text)
    TIM4_IRQHandler                          0x0800027b   Thumb Code     0  startup_stm32f407xx.o(.text)
    TIM5_IRQHandler                          0x0800027b   Thumb Code     0  startup_stm32f407xx.o(.text)
    TIM6_DAC_IRQHandler                      0x0800027b   Thumb Code     0  startup_stm32f407xx.o(.text)
    TIM7_IRQHandler                          0x0800027b   Thumb Code     0  startup_stm32f407xx.o(.text)
    TIM8_BRK_TIM12_IRQHandler                0x0800027b   Thumb Code     0  startup_stm32f407xx.o(.text)
    TIM8_CC_IRQHandler                       0x0800027b   Thumb Code     0  startup_stm32f407xx.o(.text)
    TIM8_TRG_COM_TIM14_IRQHandler            0x0800027b   Thumb Code     0  startup_stm32f407xx.o(.text)
    TIM8_UP_TIM13_IRQHandler                 0x0800027b   Thumb Code     0  startup_stm32f407xx.o(.text)
    UART4_IRQHandler                         0x0800027b   Thumb Code     0  startup_stm32f407xx.o(.text)
    UART5_IRQHandler                         0x0800027b   Thumb Code     0  startup_stm32f407xx.o(.text)
    USART2_IRQHandler                        0x0800027b   Thumb Code     0  startup_stm32f407xx.o(.text)
    USART3_IRQHandler                        0x0800027b   Thumb Code     0  startup_stm32f407xx.o(.text)
    USART6_IRQHandler                        0x0800027b   Thumb Code     0  startup_stm32f407xx.o(.text)
    WWDG_IRQHandler                          0x0800027b   Thumb Code     0  startup_stm32f407xx.o(.text)
    arm_cmplx_mag_q15                        0x08000285   Thumb Code   134  arm_cmplx_mag_q15.o(.text)
    arm_cfft_radix4_init_q15                 0x0800030d   Thumb Code   112  arm_cfft_radix4_init_q15.o(.text)
    arm_radix4_butterfly_q15                 0x08000395   Thumb Code   596  arm_cfft_radix4_q15.o(.text)
    arm_radix4_butterfly_inverse_q15         0x080005e9   Thumb Code   596  arm_cfft_radix4_q15.o(.text)
    arm_cfft_radix4_q15                      0x0800083d   Thumb Code    54  arm_cfft_radix4_q15.o(.text)
    arm_max_q15                              0x08000875   Thumb Code   154  arm_max_q15.o(.text)
    arm_copy_q15                             0x0800090f   Thumb Code   152  arm_copy_q15.o(.text)
    arm_sqrt_q15                             0x080009a9   Thumb Code   234  arm_sqrt_q15.o(.text)
    arm_bitreversal_f32                      0x08000aa1   Thumb Code   178  arm_bitreversal.o(.text)
    arm_bitreversal_q31                      0x08000b53   Thumb Code   170  arm_bitreversal.o(.text)
    arm_bitreversal_q15                      0x08000bfd   Thumb Code   122  arm_bitreversal.o(.text)
    __aeabi_uldivmod                         0x08000c77   Thumb Code    98  uldiv.o(.text)
    __aeabi_memcpy                           0x08000cd9   Thumb Code    36  memcpya.o(.text)
    __aeabi_memcpy4                          0x08000cd9   Thumb Code     0  memcpya.o(.text)
    __aeabi_memcpy8                          0x08000cd9   Thumb Code     0  memcpya.o(.text)
    __aeabi_memset                           0x08000cfd   Thumb Code    14  memseta.o(.text)
    __aeabi_memset4                          0x08000cfd   Thumb Code     0  memseta.o(.text)
    __aeabi_memset8                          0x08000cfd   Thumb Code     0  memseta.o(.text)
    __aeabi_memclr                           0x08000d0b   Thumb Code     4  memseta.o(.text)
    __aeabi_memclr4                          0x08000d0b   Thumb Code     0  memseta.o(.text)
    __aeabi_memclr8                          0x08000d0b   Thumb Code     0  memseta.o(.text)
    memset                                   0x08000d0f   Thumb Code    18  memseta.o(.text)
    __aeabi_f2d                              0x08000d21   Thumb Code    38  f2d.o(.text)
    __aeabi_uidiv                            0x08000d47   Thumb Code     0  uidiv.o(.text)
    __aeabi_uidivmod                         0x08000d47   Thumb Code    44  uidiv.o(.text)
    __aeabi_llsl                             0x08000d73   Thumb Code    30  llshl.o(.text)
    _ll_shift_l                              0x08000d73   Thumb Code     0  llshl.o(.text)
    __aeabi_llsr                             0x08000d91   Thumb Code    32  llushr.o(.text)
    _ll_ushift_r                             0x08000d91   Thumb Code     0  llushr.o(.text)
    __I$use$fp                               0x08000db1   Thumb Code     0  iusefp.o(.text)
    _frnd                                    0x08000db1   Thumb Code    60  frnd.o(.text)
    __aeabi_dadd                             0x08000ded   Thumb Code   322  dadd.o(.text)
    __aeabi_dsub                             0x08000f2f   Thumb Code     6  dadd.o(.text)
    __aeabi_drsub                            0x08000f35   Thumb Code     6  dadd.o(.text)
    __aeabi_dmul                             0x08000f3b   Thumb Code   228  dmul.o(.text)
    __aeabi_ddiv                             0x0800101f   Thumb Code   222  ddiv.o(.text)
    __aeabi_d2ulz                            0x080010fd   Thumb Code    48  dfixul.o(.text)
    __aeabi_cdrcmple                         0x0800112d   Thumb Code    48  cdrcmple.o(.text)
    __fp_status                              0x0800115d   Thumb Code     4  fpstat.o(.text)
    __ieee_status                            0x0800115d   Thumb Code     0  fpstat.o(.text)
    __scatterload                            0x08001161   Thumb Code    28  init.o(.text)
    __scatterload_rt2                        0x08001161   Thumb Code     0  init.o(.text)
    __aeabi_lasr                             0x08001185   Thumb Code    36  llsshr.o(.text)
    _ll_sshift_r                             0x08001185   Thumb Code     0  llsshr.o(.text)
    _float_round                             0x080011a9   Thumb Code    18  fepilogue.o(.text)
    _float_epilogue                          0x080011bb   Thumb Code    92  fepilogue.o(.text)
    _double_round                            0x08001217   Thumb Code    30  depilogue.o(.text)
    _double_epilogue                         0x08001235   Thumb Code   156  depilogue.o(.text)
    __decompress                             0x080012d1   Thumb Code     0  __dclz77c.o(.text)
    __decompress2                            0x080012d1   Thumb Code    94  __dclz77c.o(.text)
    AUDIO_IN_ClockConfig                     0x0800132f   Thumb Code    28  microphone.o(i.AUDIO_IN_ClockConfig)
    AUDIO_IN_I2S2_Init                       0x0800134d   Thumb Code    56  microphone.o(i.AUDIO_IN_I2S2_Init)
    AUDIO_IN_Init                            0x08001389   Thumb Code   148  microphone.o(i.AUDIO_IN_Init)
    AUDIO_IN_MspInit                         0x0800142d   Thumb Code   214  microphone.o(i.AUDIO_IN_MspInit)
    AUDIO_IN_PDMDecoder_Init                 0x0800151d   Thumb Code   120  microphone.o(i.AUDIO_IN_PDMDecoder_Init)
    AUDIO_IN_PDMToPCM                        0x080015a1   Thumb Code    38  microphone.o(i.AUDIO_IN_PDMToPCM)
    AUDIO_IN_Record                          0x080015cd   Thumb Code     8  microphone.o(i.AUDIO_IN_Record)
    AudioInTask                              0x080015d5   Thumb Code   110  microphone.o(i.AudioInTask)
    BusFault_Handler                         0x08001651   Thumb Code     2  stm32f4xx_it.o(i.BusFault_Handler)
    CRC_Lock                                 0x08001655   Thumb Code    82  stm32_crc_lock.o(i.CRC_Lock)
    DMA1_Stream3_IRQHandler                  0x0800346d   Thumb Code    10  stm32f4xx_it.o(i.DMA1_Stream3_IRQHandler)
    DMA1_Stream6_IRQHandler                  0x0800347d   Thumb Code     6  stm32f4xx_it.o(i.DMA1_Stream6_IRQHandler)
    DebugMon_Handler                         0x0800352d   Thumb Code     2  stm32f4xx_it.o(i.DebugMon_Handler)
    EXTI0_IRQHandler                         0x0800352f   Thumb Code     6  stm32f4xx_it.o(i.EXTI0_IRQHandler)
    HAL_DMA_Abort_IT                         0x08003535   Thumb Code    36  stm32f4xx_hal_dma.o(i.HAL_DMA_Abort_IT)
    HAL_DMA_DeInit                           0x08003559   Thumb Code    98  stm32f4xx_hal_dma.o(i.HAL_DMA_DeInit)
    HAL_DMA_IRQHandler                       0x080035bd   Thumb Code   412  stm32f4xx_hal_dma.o(i.HAL_DMA_IRQHandler)
    HAL_DMA_Init                             0x0800375d   Thumb Code   206  stm32f4xx_hal_dma.o(i.HAL_DMA_Init)
    HAL_DMA_Start_IT                         0x08003831   Thumb Code   110  stm32f4xx_hal_dma.o(i.HAL_DMA_Start_IT)
    HAL_GPIO_EXTI_Callback                   0x0800389f   Thumb Code     2  main.o(i.HAL_GPIO_EXTI_Callback)
    HAL_GPIO_EXTI_IRQHandler                 0x080038a1   Thumb Code    18  stm32f4xx_hal_gpio.o(i.HAL_GPIO_EXTI_IRQHandler)
    HAL_GPIO_Init                            0x080038b9   Thumb Code   394  stm32f4xx_hal_gpio.o(i.HAL_GPIO_Init)
    HAL_GPIO_TogglePin                       0x08003a71   Thumb Code    14  stm32f4xx_hal_gpio.o(i.HAL_GPIO_TogglePin)
    HAL_GPIO_WritePin                        0x08003a7f   Thumb Code    10  stm32f4xx_hal_gpio.o(i.HAL_GPIO_WritePin)
    HAL_GetTick                              0x08003a89   Thumb Code     6  stm32f4xx_hal.o(i.HAL_GetTick)
    HAL_I2SEx_FullDuplex_IRQHandler          0x08003a95   Thumb Code   492  stm32f4xx_hal_i2s_ex.o(i.HAL_I2SEx_FullDuplex_IRQHandler)
    HAL_I2SEx_TxRxCpltCallback               0x08003c89   Thumb Code     2  stm32f4xx_hal_i2s_ex.o(i.HAL_I2SEx_TxRxCpltCallback)
    HAL_I2S_ErrorCallback                    0x08003c8b   Thumb Code     2  stm32f4xx_hal_i2s.o(i.HAL_I2S_ErrorCallback)
    HAL_I2S_GetState                         0x08003c8d   Thumb Code     6  stm32f4xx_hal_i2s.o(i.HAL_I2S_GetState)
    HAL_I2S_Init                             0x08003c95   Thumb Code   390  stm32f4xx_hal_i2s.o(i.HAL_I2S_Init)
    HAL_I2S_MspInit                          0x08003e31   Thumb Code   128  stm32f4xx_hal_msp.o(i.HAL_I2S_MspInit)
    HAL_I2S_Receive_DMA                      0x08003ec1   Thumb Code   198  stm32f4xx_hal_i2s.o(i.HAL_I2S_Receive_DMA)
    HAL_I2S_RxCpltCallback                   0x08003f95   Thumb Code    88  microphone.o(i.HAL_I2S_RxCpltCallback)
    HAL_I2S_RxHalfCpltCallback               0x08003ff9   Thumb Code    84  microphone.o(i.HAL_I2S_RxHalfCpltCallback)
    HAL_I2S_TxCpltCallback                   0x08004059   Thumb Code     2  stm32f4xx_hal_i2s.o(i.HAL_I2S_TxCpltCallback)
    HAL_IncTick                              0x0800405d   Thumb Code    12  stm32f4xx_hal.o(i.HAL_IncTick)
    HAL_Init                                 0x0800406d   Thumb Code    48  stm32f4xx_hal.o(i.HAL_Init)
    HAL_InitTick                             0x080040a1   Thumb Code   100  stm32f4xx_hal_timebase_tim.o(i.HAL_InitTick)
    HAL_MspInit                              0x08004115   Thumb Code    52  stm32f4xx_hal_msp.o(i.HAL_MspInit)
    HAL_NVIC_EnableIRQ                       0x0800414d   Thumb Code    26  stm32f4xx_hal_cortex.o(i.HAL_NVIC_EnableIRQ)
    HAL_NVIC_SetPriority                     0x08004169   Thumb Code    60  stm32f4xx_hal_cortex.o(i.HAL_NVIC_SetPriority)
    HAL_NVIC_SetPriorityGrouping             0x080041a9   Thumb Code    26  stm32f4xx_hal_cortex.o(i.HAL_NVIC_SetPriorityGrouping)
    HAL_RCCEx_GetPeriphCLKConfig             0x080041cd   Thumb Code    48  stm32f4xx_hal_rcc_ex.o(i.HAL_RCCEx_GetPeriphCLKConfig)
    HAL_RCCEx_GetPeriphCLKFreq               0x08004201   Thumb Code    76  stm32f4xx_hal_rcc_ex.o(i.HAL_RCCEx_GetPeriphCLKFreq)
    HAL_RCCEx_PeriphCLKConfig                0x0800425d   Thumb Code   296  stm32f4xx_hal_rcc_ex.o(i.HAL_RCCEx_PeriphCLKConfig)
    HAL_RCC_ClockConfig                      0x08004399   Thumb Code   288  stm32f4xx_hal_rcc.o(i.HAL_RCC_ClockConfig)
    HAL_RCC_GetClockConfig                   0x080044cd   Thumb Code    54  stm32f4xx_hal_rcc.o(i.HAL_RCC_GetClockConfig)
    HAL_RCC_GetPCLK2Freq                     0x0800450d   Thumb Code    20  stm32f4xx_hal_rcc.o(i.HAL_RCC_GetPCLK2Freq)
    HAL_RCC_GetSysClockFreq                  0x0800452d   Thumb Code    88  stm32f4xx_hal_rcc.o(i.HAL_RCC_GetSysClockFreq)
    HAL_RCC_OscConfig                        0x0800458d   Thumb Code   834  stm32f4xx_hal_rcc.o(i.HAL_RCC_OscConfig)
    HAL_TIMEx_BreakCallback                  0x080048e9   Thumb Code     2  stm32f4xx_hal_tim_ex.o(i.HAL_TIMEx_BreakCallback)
    HAL_TIMEx_CommutCallback                 0x080048eb   Thumb Code     2  stm32f4xx_hal_tim_ex.o(i.HAL_TIMEx_CommutCallback)
    HAL_TIM_Base_Init                        0x080048ed   Thumb Code    54  stm32f4xx_hal_tim.o(i.HAL_TIM_Base_Init)
    HAL_TIM_Base_MspInit                     0x08004925   Thumb Code    30  stm32f4xx_hal_msp.o(i.HAL_TIM_Base_MspInit)
    HAL_TIM_Base_Start_IT                    0x0800494d   Thumb Code    34  stm32f4xx_hal_tim.o(i.HAL_TIM_Base_Start_IT)
    HAL_TIM_IC_CaptureCallback               0x0800496f   Thumb Code     2  stm32f4xx_hal_tim.o(i.HAL_TIM_IC_CaptureCallback)
    HAL_TIM_IRQHandler                       0x08004971   Thumb Code   358  stm32f4xx_hal_tim.o(i.HAL_TIM_IRQHandler)
    HAL_TIM_OC_DelayElapsedCallback          0x08004ad7   Thumb Code     2  stm32f4xx_hal_tim.o(i.HAL_TIM_OC_DelayElapsedCallback)
    HAL_TIM_PWM_PulseFinishedCallback        0x08004ad9   Thumb Code     2  stm32f4xx_hal_tim.o(i.HAL_TIM_PWM_PulseFinishedCallback)
    HAL_TIM_PeriodElapsedCallback            0x08004add   Thumb Code    14  main.o(i.HAL_TIM_PeriodElapsedCallback)
    HAL_TIM_TriggerCallback                  0x08004af1   Thumb Code     2  stm32f4xx_hal_tim.o(i.HAL_TIM_TriggerCallback)
    HAL_UART_ErrorCallback                   0x08004af3   Thumb Code     2  stm32f4xx_hal_uart.o(i.HAL_UART_ErrorCallback)
    HAL_UART_IRQHandler                      0x08004af5   Thumb Code   270  stm32f4xx_hal_uart.o(i.HAL_UART_IRQHandler)
    HAL_UART_RxCpltCallback                  0x08004c09   Thumb Code     2  stm32f4xx_hal_uart.o(i.HAL_UART_RxCpltCallback)
    HAL_UART_TxCpltCallback                  0x08004c0b   Thumb Code     2  stm32f4xx_hal_uart.o(i.HAL_UART_TxCpltCallback)
    HardFault_Handler                        0x08004c0d   Thumb Code     2  stm32f4xx_it.o(i.HardFault_Handler)
    ITM_SendChar                             0x08004e19   Thumb Code    32  retarget_io.o(i.ITM_SendChar)
    MemManage_Handler                        0x08004ef5   Thumb Code     2  stm32f4xx_it.o(i.MemManage_Handler)
    NMI_Handler                              0x08004ef7   Thumb Code     2  stm32f4xx_it.o(i.NMI_Handler)
    PDM_Filter                               0x08004ef9   Thumb Code    40  pdm_filter.o(i.PDM_Filter)
    PDM_Filter_Init                          0x08004f25   Thumb Code   280  pdm_filter.o(i.PDM_Filter_Init)
    PDM_Filter_setConfig                     0x08005051   Thumb Code   442  pdm_filter.o(i.PDM_Filter_setConfig)
    SysTick_Handler                          0x08005261   Thumb Code    38  port.o(i.SysTick_Handler)
    SystemClock_Config                       0x0800528d   Thumb Code   148  main.o(i.SystemClock_Config)
    SystemInit                               0x08005329   Thumb Code    22  system_stm32f4xx.o(i.SystemInit)
    TIM1_UP_TIM10_IRQHandler                 0x08005345   Thumb Code     6  stm32f4xx_it.o(i.TIM1_UP_TIM10_IRQHandler)
    TIM_Base_SetConfig                       0x08005351   Thumb Code   156  stm32f4xx_hal_tim.o(i.TIM_Base_SetConfig)
    USART1_IRQHandler                        0x0800553d   Thumb Code     6  stm32f4xx_it.o(i.USART1_IRQHandler)
    UsageFault_Handler                       0x08005549   Thumb Code     2  stm32f4xx_it.o(i.UsageFault_Handler)
    __0printf                                0x0800554d   Thumb Code    22  printfa.o(i.__0printf)
    __1printf                                0x0800554d   Thumb Code     0  printfa.o(i.__0printf)
    __2printf                                0x0800554d   Thumb Code     0  printfa.o(i.__0printf)
    __c89printf                              0x0800554d   Thumb Code     0  printfa.o(i.__0printf)
    printf                                   0x0800554d   Thumb Code     0  printfa.o(i.__0printf)
    __ARM_fpclassifyf                        0x0800556d   Thumb Code    38  fpclassifyf.o(i.__ARM_fpclassifyf)
    __hardfp_powf                            0x080055b5   Thumb Code  1606  powf.o(i.__hardfp_powf)
    __mathlib_powf                           0x080055b5   Thumb Code     0  powf.o(i.__hardfp_powf)
    __hardfp_roundf                          0x08005c19   Thumb Code   154  roundf.o(i.__hardfp_roundf)
    __mathlib_flt_divzero                    0x08005cb5   Thumb Code    14  funder.o(i.__mathlib_flt_divzero)
    __mathlib_flt_infnan2                    0x08005cc9   Thumb Code     6  funder.o(i.__mathlib_flt_infnan2)
    __mathlib_flt_invalid                    0x08005cd1   Thumb Code    10  funder.o(i.__mathlib_flt_invalid)
    __mathlib_flt_overflow                   0x08005ce1   Thumb Code    10  funder.o(i.__mathlib_flt_overflow)
    __mathlib_flt_underflow                  0x08005cf1   Thumb Code    10  funder.o(i.__mathlib_flt_underflow)
    __scatterload_copy                       0x08005d01   Thumb Code    14  handlers.o(i.__scatterload_copy)
    __scatterload_null                       0x08005d0f   Thumb Code     2  handlers.o(i.__scatterload_null)
    __scatterload_zeroinit                   0x08005d11   Thumb Code    14  handlers.o(i.__scatterload_zeroinit)
    __set_errno                              0x08005d21   Thumb Code     6  errno.o(i.__set_errno)
    fputc                                    0x080065c1   Thumb Code    22  retarget_io.o(i.fputc)
    main                                     0x080065ed   Thumb Code    70  main.o(i.main)
    osKernelStart                            0x08006649   Thumb Code    10  cmsis_os.o(i.osKernelStart)
    osMutexCreate                            0x08006653   Thumb Code    16  cmsis_os.o(i.osMutexCreate)
    osMutexRelease                           0x08006665   Thumb Code    74  cmsis_os.o(i.osMutexRelease)
    osMutexWait                              0x080066b5   Thumb Code    96  cmsis_os.o(i.osMutexWait)
    osSemaphoreCreate                        0x08006719   Thumb Code    62  cmsis_os.o(i.osSemaphoreCreate)
    osSemaphoreRelease                       0x08006759   Thumb Code    74  cmsis_os.o(i.osSemaphoreRelease)
    osSemaphoreWait                          0x080067a9   Thumb Code    96  cmsis_os.o(i.osSemaphoreWait)
    osThreadCreate                           0x0800680d   Thumb Code    84  cmsis_os.o(i.osThreadCreate)
    proccesing_init                          0x08006861   Thumb Code    46  processing.o(i.proccesing_init)
    pvPortMalloc                             0x08006d25   Thumb Code   210  heap_4.o(i.pvPortMalloc)
    pvTaskIncrementMutexHeldCount            0x08006dfd   Thumb Code    18  tasks.o(i.pvTaskIncrementMutexHeldCount)
    pxPortInitialiseStack                    0x08006e15   Thumb Code    40  port.o(i.pxPortInitialiseStack)
    signalProcTask                           0x08006e41   Thumb Code   200  processing.o(i.signalProcTask)
    uxListRemove                             0x08006f35   Thumb Code    38  list.o(i.uxListRemove)
    vApplicationGetIdleTaskMemory            0x08006f5d   Thumb Code    16  freertos.o(i.vApplicationGetIdleTaskMemory)
    vListInitialise                          0x08006f71   Thumb Code    22  list.o(i.vListInitialise)
    vListInitialiseItem                      0x08006f87   Thumb Code     6  list.o(i.vListInitialiseItem)
    vListInsert                              0x08006f8d   Thumb Code    48  list.o(i.vListInsert)
    vListInsertEnd                           0x08006fbd   Thumb Code    24  list.o(i.vListInsertEnd)
    vPortEnterCritical                       0x08006fd5   Thumb Code    54  port.o(i.vPortEnterCritical)
    vPortExitCritical                        0x08007015   Thumb Code    34  port.o(i.vPortExitCritical)
    vPortFree                                0x0800703d   Thumb Code    88  heap_4.o(i.vPortFree)
    vPortSetupTimerInterrupt                 0x08007099   Thumb Code    32  port.o(i.vPortSetupTimerInterrupt)
    vPortValidateInterruptPriority           0x080070bd   Thumb Code    74  port.o(i.vPortValidateInterruptPriority)
    vTaskInternalSetTimeOutState             0x08007111   Thumb Code    12  tasks.o(i.vTaskInternalSetTimeOutState)
    vTaskMissedYield                         0x08007121   Thumb Code     8  tasks.o(i.vTaskMissedYield)
    vTaskPlaceOnEventList                    0x0800712d   Thumb Code    44  tasks.o(i.vTaskPlaceOnEventList)
    vTaskPriorityDisinheritAfterTimeout      0x0800715d   Thumb Code   160  tasks.o(i.vTaskPriorityDisinheritAfterTimeout)
    vTaskStartScheduler                      0x08007205   Thumb Code    90  tasks.o(i.vTaskStartScheduler)
    vTaskSuspendAll                          0x08007271   Thumb Code    10  tasks.o(i.vTaskSuspendAll)
    vTaskSwitchContext                       0x08007281   Thumb Code    82  tasks.o(i.vTaskSwitchContext)
    xPortStartScheduler                      0x080072dd   Thumb Code   222  port.o(i.xPortStartScheduler)
    xQueueCreateMutex                        0x080073d1   Thumb Code    22  queue.o(i.xQueueCreateMutex)
    xQueueCreateMutexStatic                  0x080073e7   Thumb Code    26  queue.o(i.xQueueCreateMutexStatic)
    xQueueGenericCreate                      0x08007401   Thumb Code    72  queue.o(i.xQueueGenericCreate)
    xQueueGenericCreateStatic                0x08007449   Thumb Code   102  queue.o(i.xQueueGenericCreateStatic)
    xQueueGenericReset                       0x080074b1   Thumb Code   132  queue.o(i.xQueueGenericReset)
    xQueueGenericSend                        0x08007539   Thumb Code   346  queue.o(i.xQueueGenericSend)
    xQueueGiveFromISR                        0x08007699   Thumb Code   156  queue.o(i.xQueueGiveFromISR)
    xQueueReceive                            0x08007735   Thumb Code   308  queue.o(i.xQueueReceive)
    xQueueReceiveFromISR                     0x0800786d   Thumb Code   154  queue.o(i.xQueueReceiveFromISR)
    xQueueSemaphoreTake                      0x08007909   Thumb Code   372  queue.o(i.xQueueSemaphoreTake)
    xTaskCheckForTimeOut                     0x08007a81   Thumb Code   112  tasks.o(i.xTaskCheckForTimeOut)
    xTaskCreate                              0x08007af5   Thumb Code    90  tasks.o(i.xTaskCreate)
    xTaskCreateStatic                        0x08007b4f   Thumb Code    86  tasks.o(i.xTaskCreateStatic)
    xTaskGetSchedulerState                   0x08007ba5   Thumb Code    22  tasks.o(i.xTaskGetSchedulerState)
    xTaskIncrementTick                       0x08007bc1   Thumb Code   192  tasks.o(i.xTaskIncrementTick)
    xTaskPriorityDisinherit                  0x08007c89   Thumb Code   144  tasks.o(i.xTaskPriorityDisinherit)
    xTaskPriorityInherit                     0x08007d21   Thumb Code   138  tasks.o(i.xTaskPriorityInherit)
    xTaskRemoveFromEventList                 0x08007db5   Thumb Code   108  tasks.o(i.xTaskRemoveFromEventList)
    xTaskResumeAll                           0x08007e29   Thumb Code   182  tasks.o(i.xTaskResumeAll)
    AHBPrescTable                            0x08007ef4   Data          16  system_stm32f4xx.o(.constdata)
    APBPrescTable                            0x08007f04   Data           8  system_stm32f4xx.o(.constdata)
    armBitRevTable                           0x08007f44   Data        2048  arm_common_tables.o(.constdata)
    twiddleCoef_4096_q15                     0x08008744   Data       12288  arm_common_tables.o(.constdata)
    Region$$Table$$Base                      0x0800b89c   Number         0  anon$$obj.o(Region$$Table)
    Region$$Table$$Limit                     0x0800b8bc   Number         0  anon$$obj.o(Region$$Table)
    sAudio                                   0x20000000   Data           8  main.o(.data)
    uwTickFreq                               0x20000008   Data           1  stm32f4xx_hal.o(.data)
    uwTickPrio                               0x2000000c   Data           4  stm32f4xx_hal.o(.data)
    uwTick                                   0x20000010   Data           4  stm32f4xx_hal.o(.data)
    i2sdiv                                   0x20000014   Data           4  stm32f4xx_hal_i2s.o(.data)
    i2sodd                                   0x20000018   Data           4  stm32f4xx_hal_i2s.o(.data)
    packetlength                             0x2000001c   Data           4  stm32f4xx_hal_i2s.o(.data)
    tmp                                      0x20000020   Data           4  stm32f4xx_hal_i2s.o(.data)
    i2sclk                                   0x20000024   Data           4  stm32f4xx_hal_i2s.o(.data)
    SystemCoreClock                          0x20000028   Data           4  system_stm32f4xx.o(.data)
    pxCurrentTCB                             0x2000002c   Data           4  tasks.o(.data)
    ITCounter                                0x2000008c   Data           4  microphone.o(.data)
    AudioBuffOffset                          0x20000090   Data           4  microphone.o(.data)
    maxValue                                 0x20000094   Data           2  processing.o(.data)
    nb_cycles                                0x20000098   Data           4  processing.o(.data)
    duration_us                              0x2000009c   Data           4  processing.o(.data)
    katsayi                                  0x200000a0   Data           4  processing.o(.data)
    maxIndex                                 0x200000a4   Data           4  processing.o(.data)
    res                                      0x200000a8   Data           4  processing.o(.data)
    __stdout                                 0x200004b0   Data           4  stdout.o(.data)
    __stderr                                 0x200004b4   Data           4  stderr.o(.data)
    hdma_dac2                                0x200004bc   Data          96  main.o(.bss)
    huart1                                   0x2000051c   Data          64  main.o(.bss)
    htim1                                    0x200007b0   Data          64  stm32f4xx_hal_timebase_tim.o(.bss)
    PDM_FilterHandler                        0x20004540   Data         152  microphone.o(.bss)
    PDM_FilterConfig                         0x200045d8   Data          12  microphone.o(.bss)
    WrBuffer                                 0x20004704   Data        8192  microphone.o(.bss)
    aFFT_Input_Q15                           0x20006704   Data        4096  processing.o(.bss)
    FFT_Output_Q15                           0x20007704   Data        2048  processing.o(.bss)
    __initial_sp                             0x2000bf08   Data           0  startup_stm32f407xx.o(STACK)



==============================================================================

Memory Map of the image

  Image Entry point : 0x08000189

  Load Region LR_IROM1 (Base: 0x08000000, Size: 0x0000bd78, Max: 0x00100000, ABSOLUTE, COMPRESSED[0x0000bccc])

    Execution Region ER_IROM1 (Base: 0x08000000, Size: 0x0000b8bc, Max: 0x00100000, ABSOLUTE)

    Base Addr    Size         Type   Attr      Idx    E Section Name        Object

    0x08000000   0x00000188   Data   RO            3    RESET               startup_stm32f407xx.o
    0x08000188   0x00000000   Code   RO         5687  * .ARM.Collect$$$$00000000  mc_w.l(entry.o)
    0x08000188   0x00000004   Code   RO         5986    .ARM.Collect$$$$00000001  mc_w.l(entry2.o)
    0x0800018c   0x00000004   Code   RO         5989    .ARM.Collect$$$$00000004  mc_w.l(entry5.o)
    0x08000190   0x00000000   Code   RO         5991    .ARM.Collect$$$$00000008  mc_w.l(entry7b.o)
    0x08000190   0x00000000   Code   RO         5993    .ARM.Collect$$$$0000000A  mc_w.l(entry8b.o)
    0x08000190   0x00000008   Code   RO         5994    .ARM.Collect$$$$0000000B  mc_w.l(entry9a.o)
    0x08000198   0x00000000   Code   RO         5996    .ARM.Collect$$$$0000000D  mc_w.l(entry10a.o)
    0x08000198   0x00000000   Code   RO         5998    .ARM.Collect$$$$0000000F  mc_w.l(entry11a.o)
    0x08000198   0x00000004   Code   RO         5987    .ARM.Collect$$$$00002712  mc_w.l(entry2.o)
    0x0800019c   0x000000be   Code   RO         5053    .emb_text           port.o
    0x0800025a   0x00000002   PAD
    0x0800025c   0x00000004   Code   RO         5342    .rev16_text         libPDMFilter_CM4_Keil_wc16.lib(pdm_filter.o)
    0x08000260   0x00000024   Code   RO            4    .text               startup_stm32f407xx.o
    0x08000284   0x00000086   Code   RO         5388    .text               arm_cortexM4lf_math.lib(arm_cmplx_mag_q15.o)
    0x0800030a   0x00000002   PAD
    0x0800030c   0x00000088   Code   RO         5440    .text               arm_cortexM4lf_math.lib(arm_cfft_radix4_init_q15.o)
    0x08000394   0x000004de   Code   RO         5468    .text               arm_cortexM4lf_math.lib(arm_cfft_radix4_q15.o)
    0x08000872   0x00000002   PAD
    0x08000874   0x0000009a   Code   RO         5492    .text               arm_cortexM4lf_math.lib(arm_max_q15.o)
    0x0800090e   0x00000098   Code   RO         5516    .text               arm_cortexM4lf_math.lib(arm_copy_q15.o)
    0x080009a6   0x00000002   PAD
    0x080009a8   0x000000f8   Code   RO         5542    .text               arm_cortexM4lf_math.lib(arm_sqrt_q15.o)
    0x08000aa0   0x000001d6   Code   RO         5566    .text               arm_cortexM4lf_math.lib(arm_bitreversal.o)
    0x08000c76   0x00000062   Code   RO         5697    .text               mc_w.l(uldiv.o)
    0x08000cd8   0x00000024   Code   RO         5699    .text               mc_w.l(memcpya.o)
    0x08000cfc   0x00000024   Code   RO         5703    .text               mc_w.l(memseta.o)
    0x08000d20   0x00000026   Code   RO         5968    .text               mf_w.l(f2d.o)
    0x08000d46   0x0000002c   Code   RO         6000    .text               mc_w.l(uidiv.o)
    0x08000d72   0x0000001e   Code   RO         6002    .text               mc_w.l(llshl.o)
    0x08000d90   0x00000020   Code   RO         6004    .text               mc_w.l(llushr.o)
    0x08000db0   0x00000000   Code   RO         6013    .text               mc_w.l(iusefp.o)
    0x08000db0   0x0000003c   Code   RO         6014    .text               mf_w.l(frnd.o)
    0x08000dec   0x0000014e   Code   RO         6016    .text               mf_w.l(dadd.o)
    0x08000f3a   0x000000e4   Code   RO         6018    .text               mf_w.l(dmul.o)
    0x0800101e   0x000000de   Code   RO         6020    .text               mf_w.l(ddiv.o)
    0x080010fc   0x00000030   Code   RO         6022    .text               mf_w.l(dfixul.o)
    0x0800112c   0x00000030   Code   RO         6024    .text               mf_w.l(cdrcmple.o)
    0x0800115c   0x00000004   Code   RO         6026    .text               mf_w.l(fpstat.o)
    0x08001160   0x00000024   Code   RO         6028    .text               mc_w.l(init.o)
    0x08001184   0x00000024   Code   RO         6030    .text               mc_w.l(llsshr.o)
    0x080011a8   0x0000006e   Code   RO         6032    .text               mf_w.l(fepilogue.o)
    0x08001216   0x000000ba   Code   RO         6034    .text               mf_w.l(depilogue.o)
    0x080012d0   0x0000005e   Code   RO         6044    .text               mc_w.l(__dclz77c.o)
    0x0800132e   0x0000001c   Code   RO         5133    i.AUDIO_IN_ClockConfig  microphone.o
    0x0800134a   0x00000002   PAD
    0x0800134c   0x0000003c   Code   RO         5134    i.AUDIO_IN_I2S2_Init  microphone.o
    0x08001388   0x000000a4   Code   RO         5135    i.AUDIO_IN_Init     microphone.o
    0x0800142c   0x000000f0   Code   RO         5136    i.AUDIO_IN_MspInit  microphone.o
    0x0800151c   0x00000084   Code   RO         5137    i.AUDIO_IN_PDMDecoder_Init  microphone.o
    0x080015a0   0x0000002c   Code   RO         5138    i.AUDIO_IN_PDMToPCM  microphone.o
    0x080015cc   0x00000008   Code   RO         5139    i.AUDIO_IN_Record   microphone.o
    0x080015d4   0x0000007c   Code   RO         5140    i.AudioInTask       microphone.o
    0x08001650   0x00000002   Code   RO          294    i.BusFault_Handler  stm32f4xx_it.o
    0x08001652   0x00000002   PAD
    0x08001654   0x0000006c   Code   RO         5537    i.CRC_Lock          libPDMFilter_CM4_Keil_wc16.lib(stm32_crc_lock.o)
    0x080016c0   0x000003a4   Code   RO         5345    i.D128_1CH_HTONS_VOL_HP  libPDMFilter_CM4_Keil_wc16.lib(pdm_filter.o)
    0x08001a64   0x00000464   Code   RO         5346    i.D128_GENERIC      libPDMFilter_CM4_Keil_wc16.lib(pdm_filter.o)
    0x08001ec8   0x000000e4   Code   RO         5347    i.D16_1CH_HTONS_VOL_HP  libPDMFilter_CM4_Keil_wc16.lib(pdm_filter.o)
    0x08001fac   0x00000110   Code   RO         5348    i.D16_GENERIC       libPDMFilter_CM4_Keil_wc16.lib(pdm_filter.o)
    0x080020bc   0x00000144   Code   RO         5349    i.D24_1CH_HTONS_VOL_HP  libPDMFilter_CM4_Keil_wc16.lib(pdm_filter.o)
    0x08002200   0x00000184   Code   RO         5350    i.D24_GENERIC       libPDMFilter_CM4_Keil_wc16.lib(pdm_filter.o)
    0x08002384   0x0000014c   Code   RO         5351    i.D32_1CH_HTONS_VOL_HP  libPDMFilter_CM4_Keil_wc16.lib(pdm_filter.o)
    0x080024d0   0x00000188   Code   RO         5352    i.D32_GENERIC       libPDMFilter_CM4_Keil_wc16.lib(pdm_filter.o)
    0x08002658   0x000001c8   Code   RO         5353    i.D48_1CH_HTONS_VOL_HP  libPDMFilter_CM4_Keil_wc16.lib(pdm_filter.o)
    0x08002820   0x0000021c   Code   RO         5354    i.D48_GENERIC       libPDMFilter_CM4_Keil_wc16.lib(pdm_filter.o)
    0x08002a3c   0x00000224   Code   RO         5355    i.D64_1CH_HTONS_VOL_HP  libPDMFilter_CM4_Keil_wc16.lib(pdm_filter.o)
    0x08002c60   0x00000254   Code   RO         5356    i.D64_GENERIC       libPDMFilter_CM4_Keil_wc16.lib(pdm_filter.o)
    0x08002eb4   0x00000298   Code   RO         5357    i.D80_1CH_HTONS_VOL_HP  libPDMFilter_CM4_Keil_wc16.lib(pdm_filter.o)
    0x0800314c   0x00000320   Code   RO         5358    i.D80_GENERIC       libPDMFilter_CM4_Keil_wc16.lib(pdm_filter.o)
    0x0800346c   0x00000010   Code   RO          295    i.DMA1_Stream3_IRQHandler  stm32f4xx_it.o
    0x0800347c   0x0000000c   Code   RO          296    i.DMA1_Stream6_IRQHandler  stm32f4xx_it.o
    0x08003488   0x00000028   Code   RO         1190    i.DMA_CalcBaseAndBitshift  stm32f4xx_hal_dma.o
    0x080034b0   0x00000054   Code   RO         1191    i.DMA_CheckFifoParam  stm32f4xx_hal_dma.o
    0x08003504   0x00000028   Code   RO         1192    i.DMA_SetConfig     stm32f4xx_hal_dma.o
    0x0800352c   0x00000002   Code   RO          297    i.DebugMon_Handler  stm32f4xx_it.o
    0x0800352e   0x00000006   Code   RO          298    i.EXTI0_IRQHandler  stm32f4xx_it.o
    0x08003534   0x00000024   Code   RO         1194    i.HAL_DMA_Abort_IT  stm32f4xx_hal_dma.o
    0x08003558   0x00000062   Code   RO         1195    i.HAL_DMA_DeInit    stm32f4xx_hal_dma.o
    0x080035ba   0x00000002   PAD
    0x080035bc   0x000001a0   Code   RO         1198    i.HAL_DMA_IRQHandler  stm32f4xx_hal_dma.o
    0x0800375c   0x000000d4   Code   RO         1199    i.HAL_DMA_Init      stm32f4xx_hal_dma.o
    0x08003830   0x0000006e   Code   RO         1203    i.HAL_DMA_Start_IT  stm32f4xx_hal_dma.o
    0x0800389e   0x00000002   Code   RO           14    i.HAL_GPIO_EXTI_Callback  main.o
    0x080038a0   0x00000018   Code   RO         1085    i.HAL_GPIO_EXTI_IRQHandler  stm32f4xx_hal_gpio.o
    0x080038b8   0x000001b8   Code   RO         1086    i.HAL_GPIO_Init     stm32f4xx_hal_gpio.o
    0x08003a70   0x0000000e   Code   RO         1089    i.HAL_GPIO_TogglePin  stm32f4xx_hal_gpio.o
    0x08003a7e   0x0000000a   Code   RO         1090    i.HAL_GPIO_WritePin  stm32f4xx_hal_gpio.o
    0x08003a88   0x0000000c   Code   RO         1618    i.HAL_GetTick       stm32f4xx_hal.o
    0x08003a94   0x000001f4   Code   RO         2490    i.HAL_I2SEx_FullDuplex_IRQHandler  stm32f4xx_hal_i2s_ex.o
    0x08003c88   0x00000002   Code   RO         2494    i.HAL_I2SEx_TxRxCpltCallback  stm32f4xx_hal_i2s_ex.o
    0x08003c8a   0x00000002   Code   RO         2312    i.HAL_I2S_ErrorCallback  stm32f4xx_hal_i2s.o
    0x08003c8c   0x00000006   Code   RO         2314    i.HAL_I2S_GetState  stm32f4xx_hal_i2s.o
    0x08003c92   0x00000002   PAD
    0x08003c94   0x0000019c   Code   RO         2316    i.HAL_I2S_Init      stm32f4xx_hal_i2s.o
    0x08003e30   0x00000090   Code   RO          387    i.HAL_I2S_MspInit   stm32f4xx_hal_msp.o
    0x08003ec0   0x000000d4   Code   RO         2320    i.HAL_I2S_Receive_DMA  stm32f4xx_hal_i2s.o
    0x08003f94   0x00000064   Code   RO         5141    i.HAL_I2S_RxCpltCallback  microphone.o
    0x08003ff8   0x00000060   Code   RO         5142    i.HAL_I2S_RxHalfCpltCallback  microphone.o
    0x08004058   0x00000002   Code   RO         2327    i.HAL_I2S_TxCpltCallback  stm32f4xx_hal_i2s.o
    0x0800405a   0x00000002   PAD
    0x0800405c   0x00000010   Code   RO         1624    i.HAL_IncTick       stm32f4xx_hal.o
    0x0800406c   0x00000034   Code   RO         1625    i.HAL_Init          stm32f4xx_hal.o
    0x080040a0   0x00000074   Code   RO          467    i.HAL_InitTick      stm32f4xx_hal_timebase_tim.o
    0x08004114   0x00000038   Code   RO          388    i.HAL_MspInit       stm32f4xx_hal_msp.o
    0x0800414c   0x0000001a   Code   RO         1475    i.HAL_NVIC_EnableIRQ  stm32f4xx_hal_cortex.o
    0x08004166   0x00000002   PAD
    0x08004168   0x00000040   Code   RO         1481    i.HAL_NVIC_SetPriority  stm32f4xx_hal_cortex.o
    0x080041a8   0x00000024   Code   RO         1482    i.HAL_NVIC_SetPriorityGrouping  stm32f4xx_hal_cortex.o
    0x080041cc   0x00000034   Code   RO          835    i.HAL_RCCEx_GetPeriphCLKConfig  stm32f4xx_hal_rcc_ex.o
    0x08004200   0x0000005c   Code   RO          836    i.HAL_RCCEx_GetPeriphCLKFreq  stm32f4xx_hal_rcc_ex.o
    0x0800425c   0x0000013c   Code   RO          837    i.HAL_RCCEx_PeriphCLKConfig  stm32f4xx_hal_rcc_ex.o
    0x08004398   0x00000134   Code   RO          732    i.HAL_RCC_ClockConfig  stm32f4xx_hal_rcc.o
    0x080044cc   0x00000040   Code   RO          736    i.HAL_RCC_GetClockConfig  stm32f4xx_hal_rcc.o
    0x0800450c   0x00000020   Code   RO          740    i.HAL_RCC_GetPCLK2Freq  stm32f4xx_hal_rcc.o
    0x0800452c   0x00000060   Code   RO          741    i.HAL_RCC_GetSysClockFreq  stm32f4xx_hal_rcc.o
    0x0800458c   0x0000035c   Code   RO          744    i.HAL_RCC_OscConfig  stm32f4xx_hal_rcc.o
    0x080048e8   0x00000002   Code   RO         3251    i.HAL_TIMEx_BreakCallback  stm32f4xx_hal_tim_ex.o
    0x080048ea   0x00000002   Code   RO         3252    i.HAL_TIMEx_CommutCallback  stm32f4xx_hal_tim_ex.o
    0x080048ec   0x00000036   Code   RO         2576    i.HAL_TIM_Base_Init  stm32f4xx_hal_tim.o
    0x08004922   0x00000002   PAD
    0x08004924   0x00000028   Code   RO          390    i.HAL_TIM_Base_MspInit  stm32f4xx_hal_msp.o
    0x0800494c   0x00000022   Code   RO         2581    i.HAL_TIM_Base_Start_IT  stm32f4xx_hal_tim.o
    0x0800496e   0x00000002   Code   RO         2605    i.HAL_TIM_IC_CaptureCallback  stm32f4xx_hal_tim.o
    0x08004970   0x00000166   Code   RO         2619    i.HAL_TIM_IRQHandler  stm32f4xx_hal_tim.o
    0x08004ad6   0x00000002   Code   RO         2622    i.HAL_TIM_OC_DelayElapsedCallback  stm32f4xx_hal_tim.o
    0x08004ad8   0x00000002   Code   RO         2649    i.HAL_TIM_PWM_PulseFinishedCallback  stm32f4xx_hal_tim.o
    0x08004ada   0x00000002   PAD
    0x08004adc   0x00000014   Code   RO           15    i.HAL_TIM_PeriodElapsedCallback  main.o
    0x08004af0   0x00000002   Code   RO         2662    i.HAL_TIM_TriggerCallback  stm32f4xx_hal_tim.o
    0x08004af2   0x00000002   Code   RO         3523    i.HAL_UART_ErrorCallback  stm32f4xx_hal_uart.o
    0x08004af4   0x00000114   Code   RO         3526    i.HAL_UART_IRQHandler  stm32f4xx_hal_uart.o
    0x08004c08   0x00000002   Code   RO         3533    i.HAL_UART_RxCpltCallback  stm32f4xx_hal_uart.o
    0x08004c0a   0x00000002   Code   RO         3538    i.HAL_UART_TxCpltCallback  stm32f4xx_hal_uart.o
    0x08004c0c   0x00000002   Code   RO          299    i.HardFault_Handler  stm32f4xx_it.o
    0x08004c0e   0x00000002   PAD
    0x08004c10   0x00000060   Code   RO         2497    i.I2SEx_RxISR_I2SExt  stm32f4xx_hal_i2s_ex.o
    0x08004c70   0x00000060   Code   RO         2498    i.I2SEx_TxISR_I2SExt  stm32f4xx_hal_i2s_ex.o
    0x08004cd0   0x00000028   Code   RO         2329    i.I2S_DMAError      stm32f4xx_hal_i2s.o
    0x08004cf8   0x00000024   Code   RO         2330    i.I2S_DMARxCplt     stm32f4xx_hal_i2s.o
    0x08004d1c   0x0000000a   Code   RO         2331    i.I2S_DMARxHalfCplt  stm32f4xx_hal_i2s.o
    0x08004d26   0x000000f2   Code   RO         2334    i.I2S_IRQHandler    stm32f4xx_hal_i2s.o
    0x08004e18   0x00000024   Code   RO         5276    i.ITM_SendChar      retarget_io.o
    0x08004e3c   0x000000b8   Code   RO           16    i.MX_GPIO_Init      main.o
    0x08004ef4   0x00000002   Code   RO          300    i.MemManage_Handler  stm32f4xx_it.o
    0x08004ef6   0x00000002   Code   RO          301    i.NMI_Handler       stm32f4xx_it.o
    0x08004ef8   0x0000002c   Code   RO         5359    i.PDM_Filter        libPDMFilter_CM4_Keil_wc16.lib(pdm_filter.o)
    0x08004f24   0x0000012c   Code   RO         5360    i.PDM_Filter_Init   libPDMFilter_CM4_Keil_wc16.lib(pdm_filter.o)
    0x08005050   0x00000210   Code   RO         5362    i.PDM_Filter_setConfig  libPDMFilter_CM4_Keil_wc16.lib(pdm_filter.o)
    0x08005260   0x0000002c   Code   RO         5054    i.SysTick_Handler   port.o
    0x0800528c   0x0000009c   Code   RO           17    i.SystemClock_Config  main.o
    0x08005328   0x0000001c   Code   RO         3829    i.SystemInit        system_stm32f4xx.o
    0x08005344   0x0000000c   Code   RO          302    i.TIM1_UP_TIM10_IRQHandler  stm32f4xx_it.o
    0x08005350   0x000000c8   Code   RO         2664    i.TIM_Base_SetConfig  stm32f4xx_hal_tim.o
    0x08005418   0x00000010   Code   RO         3540    i.UART_DMAAbortOnError  stm32f4xx_hal_uart.o
    0x08005428   0x0000001c   Code   RO         3550    i.UART_EndRxTransfer  stm32f4xx_hal_uart.o
    0x08005444   0x00000096   Code   RO         3552    i.UART_Receive_IT   stm32f4xx_hal_uart.o
    0x080054da   0x00000062   Code   RO         3554    i.UART_Transmit_IT  stm32f4xx_hal_uart.o
    0x0800553c   0x0000000c   Code   RO          303    i.USART1_IRQHandler  stm32f4xx_it.o
    0x08005548   0x00000002   Code   RO          304    i.UsageFault_Handler  stm32f4xx_it.o
    0x0800554a   0x00000002   PAD
    0x0800554c   0x00000020   Code   RO         5940    i.__0printf         mc_w.l(printfa.o)
    0x0800556c   0x00000026   Code   RO         5970    i.__ARM_fpclassifyf  m_wm.l(fpclassifyf.o)
    0x08005592   0x00000020   Code   RO         1488    i.__NVIC_SetPriority  stm32f4xx_hal_cortex.o
    0x080055b2   0x00000002   PAD
    0x080055b4   0x00000664   Code   RO         5669    i.__hardfp_powf     m_wm.l(powf.o)
    0x08005c18   0x0000009a   Code   RO         5683    i.__hardfp_roundf   m_wm.l(roundf.o)
    0x08005cb2   0x00000002   PAD
    0x08005cb4   0x00000014   Code   RO         5972    i.__mathlib_flt_divzero  m_wm.l(funder.o)
    0x08005cc8   0x00000006   Code   RO         5974    i.__mathlib_flt_infnan2  m_wm.l(funder.o)
    0x08005cce   0x00000002   PAD
    0x08005cd0   0x00000010   Code   RO         5975    i.__mathlib_flt_invalid  m_wm.l(funder.o)
    0x08005ce0   0x00000010   Code   RO         5976    i.__mathlib_flt_overflow  m_wm.l(funder.o)
    0x08005cf0   0x00000010   Code   RO         5978    i.__mathlib_flt_underflow  m_wm.l(funder.o)
    0x08005d00   0x0000000e   Code   RO         6038    i.__scatterload_copy  mc_w.l(handlers.o)
    0x08005d0e   0x00000002   Code   RO         6039    i.__scatterload_null  mc_w.l(handlers.o)
    0x08005d10   0x0000000e   Code   RO         6040    i.__scatterload_zeroinit  mc_w.l(handlers.o)
    0x08005d1e   0x00000002   PAD
    0x08005d20   0x0000000c   Code   RO         6008    i.__set_errno       mc_w.l(errno.o)
    0x08005d2c   0x00000164   Code   RO         5947    i._fp_digits        mc_w.l(printfa.o)
    0x08005e90   0x000006dc   Code   RO         5948    i._printf_core      mc_w.l(printfa.o)
    0x0800656c   0x00000024   Code   RO         5949    i._printf_post_padding  mc_w.l(printfa.o)
    0x08006590   0x0000002e   Code   RO         5950    i._printf_pre_padding  mc_w.l(printfa.o)
    0x080065be   0x00000002   PAD
    0x080065c0   0x00000020   Code   RO         5281    i.fputc             retarget_io.o
    0x080065e0   0x0000000c   Code   RO         4623    i.inHandlerMode     cmsis_os.o
    0x080065ec   0x00000050   Code   RO           18    i.main              main.o
    0x0800663c   0x0000000c   Code   RO         4625    i.makeFreeRtosPriority  cmsis_os.o
    0x08006648   0x0000000a   Code   RO         4630    i.osKernelStart     cmsis_os.o
    0x08006652   0x00000010   Code   RO         4645    i.osMutexCreate     cmsis_os.o
    0x08006662   0x00000002   PAD
    0x08006664   0x00000050   Code   RO         4647    i.osMutexRelease    cmsis_os.o
    0x080066b4   0x00000064   Code   RO         4648    i.osMutexWait       cmsis_os.o
    0x08006718   0x0000003e   Code   RO         4656    i.osSemaphoreCreate  cmsis_os.o
    0x08006756   0x00000002   PAD
    0x08006758   0x00000050   Code   RO         4659    i.osSemaphoreRelease  cmsis_os.o
    0x080067a8   0x00000064   Code   RO         4660    i.osSemaphoreWait   cmsis_os.o
    0x0800680c   0x00000054   Code   RO         4664    i.osThreadCreate    cmsis_os.o
    0x08006860   0x00000038   Code   RO         5232    i.proccesing_init   processing.o
    0x08006898   0x00000070   Code   RO         4322    i.prvAddCurrentTaskToDelayedList  tasks.o
    0x08006908   0x000000d0   Code   RO         4323    i.prvAddNewTaskToReadyList  tasks.o
    0x080069d8   0x00000026   Code   RO         4007    i.prvCopyDataFromQueue  queue.o
    0x080069fe   0x0000006c   Code   RO         4008    i.prvCopyDataToQueue  queue.o
    0x08006a6a   0x00000034   Code   RO         4324    i.prvDeleteTCB      tasks.o
    0x08006a9e   0x00000002   PAD
    0x08006aa0   0x0000004c   Code   RO         4992    i.prvHeapInit       heap_4.o
    0x08006aec   0x00000060   Code   RO         4325    i.prvIdleTask       tasks.o
    0x08006b4c   0x00000016   Code   RO         4009    i.prvInitialiseMutex  queue.o
    0x08006b62   0x00000016   Code   RO         4010    i.prvInitialiseNewQueue  queue.o
    0x08006b78   0x0000008e   Code   RO         4326    i.prvInitialiseNewTask  tasks.o
    0x08006c06   0x00000002   PAD
    0x08006c08   0x0000004c   Code   RO         4993    i.prvInsertBlockIntoFreeList  heap_4.o
    0x08006c54   0x0000001c   Code   RO         4011    i.prvIsQueueEmpty   queue.o
    0x08006c70   0x00000020   Code   RO         4327    i.prvResetNextTaskUnblockTime  tasks.o
    0x08006c90   0x00000028   Code   RO         5055    i.prvTaskExitError  port.o
    0x08006cb8   0x0000006a   Code   RO         4012    i.prvUnlockQueue    queue.o
    0x08006d22   0x00000002   PAD
    0x08006d24   0x000000d8   Code   RO         4994    i.pvPortMalloc      heap_4.o
    0x08006dfc   0x00000018   Code   RO         4329    i.pvTaskIncrementMutexHeldCount  tasks.o
    0x08006e14   0x0000002c   Code   RO         5056    i.pxPortInitialiseStack  port.o
    0x08006e40   0x000000f4   Code   RO         5233    i.signalProcTask    processing.o
    0x08006f34   0x00000026   Code   RO         3967    i.uxListRemove      list.o
    0x08006f5a   0x00000002   PAD
    0x08006f5c   0x00000014   Code   RO          248    i.vApplicationGetIdleTaskMemory  freertos.o
    0x08006f70   0x00000016   Code   RO         3968    i.vListInitialise   list.o
    0x08006f86   0x00000006   Code   RO         3969    i.vListInitialiseItem  list.o
    0x08006f8c   0x00000030   Code   RO         3970    i.vListInsert       list.o
    0x08006fbc   0x00000018   Code   RO         3971    i.vListInsertEnd    list.o
    0x08006fd4   0x00000040   Code   RO         5058    i.vPortEnterCritical  port.o
    0x08007014   0x00000028   Code   RO         5059    i.vPortExitCritical  port.o
    0x0800703c   0x0000005c   Code   RO         4995    i.vPortFree         heap_4.o
    0x08007098   0x00000024   Code   RO         5060    i.vPortSetupTimerInterrupt  port.o
    0x080070bc   0x00000054   Code   RO         5061    i.vPortValidateInterruptPriority  port.o
    0x08007110   0x00000010   Code   RO         4338    i.vTaskInternalSetTimeOutState  tasks.o
    0x08007120   0x0000000c   Code   RO         4339    i.vTaskMissedYield  tasks.o
    0x0800712c   0x00000030   Code   RO         4341    i.vTaskPlaceOnEventList  tasks.o
    0x0800715c   0x000000a8   Code   RO         4343    i.vTaskPriorityDisinheritAfterTimeout  tasks.o
    0x08007204   0x0000006c   Code   RO         4348    i.vTaskStartScheduler  tasks.o
    0x08007270   0x00000010   Code   RO         4350    i.vTaskSuspendAll   tasks.o
    0x08007280   0x0000005c   Code   RO         4351    i.vTaskSwitchContext  tasks.o
    0x080072dc   0x000000f4   Code   RO         5062    i.xPortStartScheduler  port.o
    0x080073d0   0x00000016   Code   RO         4019    i.xQueueCreateMutex  queue.o
    0x080073e6   0x0000001a   Code   RO         4020    i.xQueueCreateMutexStatic  queue.o
    0x08007400   0x00000048   Code   RO         4021    i.xQueueGenericCreate  queue.o
    0x08007448   0x00000066   Code   RO         4022    i.xQueueGenericCreateStatic  queue.o
    0x080074ae   0x00000002   PAD
    0x080074b0   0x00000088   Code   RO         4023    i.xQueueGenericReset  queue.o
    0x08007538   0x00000160   Code   RO         4024    i.xQueueGenericSend  queue.o
    0x08007698   0x0000009c   Code   RO         4026    i.xQueueGiveFromISR  queue.o
    0x08007734   0x00000138   Code   RO         4031    i.xQueueReceive     queue.o
    0x0800786c   0x0000009a   Code   RO         4032    i.xQueueReceiveFromISR  queue.o
    0x08007906   0x00000002   PAD
    0x08007908   0x00000178   Code   RO         4033    i.xQueueSemaphoreTake  queue.o
    0x08007a80   0x00000074   Code   RO         4352    i.xTaskCheckForTimeOut  tasks.o
    0x08007af4   0x0000005a   Code   RO         4353    i.xTaskCreate       tasks.o
    0x08007b4e   0x00000056   Code   RO         4354    i.xTaskCreateStatic  tasks.o
    0x08007ba4   0x0000001c   Code   RO         4358    i.xTaskGetSchedulerState  tasks.o
    0x08007bc0   0x000000c8   Code   RO         4361    i.xTaskIncrementTick  tasks.o
    0x08007c88   0x00000098   Code   RO         4364    i.xTaskPriorityDisinherit  tasks.o
    0x08007d20   0x00000094   Code   RO         4365    i.xTaskPriorityInherit  tasks.o
    0x08007db4   0x00000074   Code   RO         4366    i.xTaskRemoveFromEventList  tasks.o
    0x08007e28   0x000000c4   Code   RO         4367    i.xTaskResumeAll    tasks.o
    0x08007eec   0x00000008   Data   RO         1205    .constdata          stm32f4xx_hal_dma.o
    0x08007ef4   0x00000010   Data   RO         3830    .constdata          system_stm32f4xx.o
    0x08007f04   0x00000008   Data   RO         3831    .constdata          system_stm32f4xx.o
    0x08007f0c   0x0000001c   Data   RO         5144    .constdata          microphone.o
    0x08007f28   0x0000001c   Data   RO         5235    .constdata          processing.o
    0x08007f44   0x00000800   Data   RO         5590    .constdata          arm_cortexM4lf_math.lib(arm_common_tables.o)
    0x08008744   0x00003000   Data   RO         5617    .constdata          arm_cortexM4lf_math.lib(arm_common_tables.o)
    0x0800b744   0x00000140   Data   RO         5672    .constdata          m_wm.l(powf.o)
    0x0800b884   0x0000000c   Data   RO         5145    .conststring        microphone.o
    0x0800b890   0x00000009   Data   RO         5236    .conststring        processing.o
    0x0800b899   0x00000003   PAD
    0x0800b89c   0x00000020   Data   RO         6036    Region$$Table       anon$$obj.o


    Execution Region RW_IRAM1 (Base: 0x20000000, Size: 0x0000bf08, Max: 0x00020000, ABSOLUTE, COMPRESSED[0x00000410])

    Base Addr    Size         Type   Attr      Idx    E Section Name        Object

    0x20000000   0x00000008   Data   RW           25    .data               main.o
    0x20000008   0x0000000c   Data   RW         1632    .data               stm32f4xx_hal.o
    0x20000014   0x00000014   Data   RW         2336    .data               stm32f4xx_hal_i2s.o
    0x20000028   0x00000004   Data   RW         3832    .data               system_stm32f4xx.o
    0x2000002c   0x0000003c   Data   RW         4370    .data               tasks.o
    0x20000068   0x00000018   Data   RW         5000    .data               heap_4.o
    0x20000080   0x0000000c   Data   RW         5063    .data               port.o
    0x2000008c   0x00000008   Data   RW         5146    .data               microphone.o
    0x20000094   0x00000018   Data   RW         5237    .data               processing.o
    0x200000ac   0x00000404   Data   RW         5363    .data               libPDMFilter_CM4_Keil_wc16.lib(pdm_filter.o)
    0x200004b0   0x00000004   Data   RW         5695    .data               mc_w.l(stdout.o)
    0x200004b4   0x00000004   Data   RW         5696    .data               mc_w.l(stderr.o)
    0x200004b8   0x00000004   Data   RW         6009    .data               mc_w.l(errno.o)
    0x200004bc   0x00000060   Zero   RW           20    .bss                main.o
    0x2000051c   0x00000040   Zero   RW           24    .bss                main.o
    0x2000055c   0x00000254   Zero   RW          249    .bss                freertos.o
    0x200007b0   0x00000040   Zero   RW          470    .bss                stm32f4xx_hal_timebase_tim.o
    0x200007f0   0x000000f0   Zero   RW         4369    .bss                tasks.o
    0x200008e0   0x00003c00   Zero   RW         4999    .bss                heap_4.o
    0x200044e0   0x00002224   Zero   RW         5143    .bss                microphone.o
    0x20006704   0x00001800   Zero   RW         5234    .bss                processing.o
    0x20007f04   0x00000004   PAD
    0x20007f08   0x00004000   Zero   RW            1    STACK               startup_stm32f407xx.o


==============================================================================

Image component sizes


      Code (inc. data)   RO Data    RW Data    ZI Data      Debug   Object Name

       556         20          0          0          0      33097   cmsis_os.o
         0          0          0          0          0      18348   event_groups.o
        20          4          0          0        596       1372   freertos.o
       460         24          0         24      15360       7703   heap_4.o
       138          0          0          0          0       3870   list.o
       442         42          0          8        160     742574   main.o
       996        102         40          8       8740      18503   microphone.o
       786         82          0         12          0      12593   port.o
       300         54         37         24       6144      17599   processing.o
      2032         18          0          0          0      19906   queue.o
        68         14          0          0          0       3523   retarget_io.o
        36          8        392          0      16384        892   startup_stm32f407xx.o
        80         14          0         12          0       8402   stm32f4xx_hal.o
       158         14          0          0          0      33426   stm32f4xx_hal_cortex.o
      1036         16          8          0          0       7687   stm32f4xx_hal_dma.o
       488         52          0          0          0       3924   stm32f4xx_hal_gpio.o
       962         36          0         20          0       7837   stm32f4xx_hal_i2s.o
       694         24          0          0          0       4019   stm32f4xx_hal_i2s_ex.o
       240         30          0          0          0       2483   stm32f4xx_hal_msp.o
      1360         76          0          0          0       5622   stm32f4xx_hal_rcc.o
       460         40          0          0          0       3132   stm32f4xx_hal_rcc_ex.o
       654         44          0          0          0       7201   stm32f4xx_hal_tim.o
         4          0          0          0          0       1765   stm32f4xx_hal_tim_ex.o
       116         16          0          0         64       1559   stm32f4xx_hal_timebase_tim.o
       574          6          0          0          0       6515   stm32f4xx_hal_uart.o
        70         24          0          0          0       5667   stm32f4xx_it.o
         0          0          0          0          0        392   stream_buffer.o
        28          6         24          4          0       1295   system_stm32f4xx.o
      2258        162          0         60        240      25374   tasks.o

    ----------------------------------------------------------------------
     15056        928        536        172      47692    1006280   Object Totals
         0          0         32          0          0          0   (incl. Generated)
        40          0          3          0          4          0   (incl. Padding)

    ----------------------------------------------------------------------

      Code (inc. data)   RO Data    RW Data    ZI Data      Debug   Library Member Name

       470          0          0          0          0       3006   arm_bitreversal.o
       136         24          0          0          0        891   arm_cfft_radix4_init_q15.o
      1246          0          0          0          0       3832   arm_cfft_radix4_q15.o
       134          0          0          0          0      17368   arm_cmplx_mag_q15.o
         0          0      14336          0          0       4664   arm_common_tables.o
       152          0          0          0          0       1115   arm_copy_q15.o
       154          0          0          0          0       1586   arm_max_q15.o
       248         14          0          0          0       1039   arm_sqrt_q15.o
      8472        648          0       1028          0       2588   pdm_filter.o
       108         26          0          0          0        116   stm32_crc_lock.o
        38          0          0          0          0        116   fpclassifyf.o
        74         24          0          0          0        580   funder.o
      1636        110        320          0          0        372   powf.o
       154          0          0          0          0        140   roundf.o
        94          0          0          0          0          0   __dclz77c.o
         0          0          0          0          0          0   entry.o
         0          0          0          0          0          0   entry10a.o
         0          0          0          0          0          0   entry11a.o
         8          4          0          0          0          0   entry2.o
         4          0          0          0          0          0   entry5.o
         0          0          0          0          0          0   entry7b.o
         0          0          0          0          0          0   entry8b.o
         8          4          0          0          0          0   entry9a.o
        12          6          0          4          0         68   errno.o
        30          0          0          0          0          0   handlers.o
        36          8          0          0          0         68   init.o
         0          0          0          0          0          0   iusefp.o
        30          0          0          0          0         68   llshl.o
        36          0          0          0          0         68   llsshr.o
        32          0          0          0          0         68   llushr.o
        36          0          0          0          0         68   memcpya.o
        36          0          0          0          0        108   memseta.o
      2226         90          0          0          0        444   printfa.o
         0          0          0          4          0          0   stderr.o
         0          0          0          4          0          0   stdout.o
        44          0          0          0          0         80   uidiv.o
        98          0          0          0          0         92   uldiv.o
        48          0          0          0          0         68   cdrcmple.o
       334          0          0          0          0        148   dadd.o
       222          0          0          0          0        100   ddiv.o
       186          0          0          0          0        176   depilogue.o
        48          0          0          0          0         68   dfixul.o
       228          0          0          0          0         96   dmul.o
        38          0          0          0          0         68   f2d.o
       110          0          0          0          0        168   fepilogue.o
         4          0          0          0          0         68   fpstat.o
        60          0          0          0          0         76   frnd.o

    ----------------------------------------------------------------------
     17044        958      14656       1040          0      39581   Library Totals
        14          0          0          0          0          0   (incl. Padding)

    ----------------------------------------------------------------------

      Code (inc. data)   RO Data    RW Data    ZI Data      Debug   Library Name

      2540         38      14336          0          0      33501   arm_cortexM4lf_math.lib
      8580        674          0       1028          0       2704   libPDMFilter_CM4_Keil_wc16.lib
      1902        134        320          0          0       1208   m_wm.l
      2730        112          0         12          0       1132   mc_w.l
      1278          0          0          0          0       1036   mf_w.l

    ----------------------------------------------------------------------
     17044        958      14656       1040          0      39581   Library Totals

    ----------------------------------------------------------------------

==============================================================================


      Code (inc. data)   RO Data    RW Data    ZI Data      Debug   

     32100       1886      15192       1212      47692    1026253   Grand Totals
     32100       1886      15192       1040      47692    1026253   ELF Image Totals (compressed)
     32100       1886      15192       1040          0          0   ROM Totals

==============================================================================

    Total RO  Size (Code + RO Data)                47292 (  46.18kB)
    Total RW  Size (RW Data + ZI Data)             48904 (  47.76kB)
    Total ROM Size (Code + RO Data + RW Data)      48332 (  47.20kB)

==============================================================================

