Component: ARM Compiler 5.06 update 1 (build 61) Tool: armlink [4d35a8]

==============================================================================

Section Cross References

    startup_stm32f407xx.o(RESET) refers to startup_stm32f407xx.o(STACK) for __initial_sp
    startup_stm32f407xx.o(RESET) refers to startup_stm32f407xx.o(.text) for Reset_Handler
    startup_stm32f407xx.o(RESET) refers to stm32f4xx_it.o(i.NMI_Handler) for NMI_Handler
    startup_stm32f407xx.o(RESET) refers to stm32f4xx_it.o(i.HardFault_Handler) for HardFault_Handler
    startup_stm32f407xx.o(RESET) refers to stm32f4xx_it.o(i.MemManage_Handler) for MemManage_Handler
    startup_stm32f407xx.o(RESET) refers to stm32f4xx_it.o(i.BusFault_Handler) for BusFault_Handler
    startup_stm32f407xx.o(RESET) refers to stm32f4xx_it.o(i.UsageFault_Handler) for UsageFault_Handler
    startup_stm32f407xx.o(RESET) refers to port.o(.emb_text) for SVC_Handler
    startup_stm32f407xx.o(RESET) refers to stm32f4xx_it.o(i.DebugMon_Handler) for DebugMon_Handler
    startup_stm32f407xx.o(RESET) refers to port.o(i.SysTick_Handler) for SysTick_Handler
    startup_stm32f407xx.o(RESET) refers to stm32f4xx_it.o(i.EXTI0_IRQHandler) for EXTI0_IRQHandler
    startup_stm32f407xx.o(RESET) refers to stm32f4xx_it.o(i.DMA1_Stream3_IRQHandler) for DMA1_Stream3_IRQHandler
    startup_stm32f407xx.o(RESET) refers to stm32f4xx_it.o(i.DMA1_Stream6_IRQHandler) for DMA1_Stream6_IRQHandler
    startup_stm32f407xx.o(RESET) refers to stm32f4xx_it.o(i.TIM1_UP_TIM10_IRQHandler) for TIM1_UP_TIM10_IRQHandler
    startup_stm32f407xx.o(RESET) refers to stm32f4xx_it.o(i.USART1_IRQHandler) for USART1_IRQHandler
    startup_stm32f407xx.o(.text) refers to system_stm32f4xx.o(i.SystemInit) for SystemInit
    startup_stm32f407xx.o(.text) refers to entry.o(.ARM.Collect$$$$00000000) for __main
    main.o(i.HAL_TIM_PeriodElapsedCallback) refers to stm32f4xx_hal.o(i.HAL_IncTick) for HAL_IncTick
    main.o(i.MX_GPIO_Init) refers to memseta.o(.text) for __aeabi_memclr4
    main.o(i.MX_GPIO_Init) refers to stm32f4xx_hal_gpio.o(i.HAL_GPIO_WritePin) for HAL_GPIO_WritePin
    main.o(i.MX_GPIO_Init) refers to stm32f4xx_hal_gpio.o(i.HAL_GPIO_Init) for HAL_GPIO_Init
    main.o(i.MX_GPIO_Init) refers to stm32f4xx_hal_cortex.o(i.HAL_NVIC_SetPriority) for HAL_NVIC_SetPriority
    main.o(i.MX_GPIO_Init) refers to stm32f4xx_hal_cortex.o(i.HAL_NVIC_EnableIRQ) for HAL_NVIC_EnableIRQ
    main.o(i.SystemClock_Config) refers to memseta.o(.text) for __aeabi_memclr4
    main.o(i.SystemClock_Config) refers to stm32f4xx_hal_rcc.o(i.HAL_RCC_OscConfig) for HAL_RCC_OscConfig
    main.o(i.SystemClock_Config) refers to stm32f4xx_hal_rcc.o(i.HAL_RCC_ClockConfig) for HAL_RCC_ClockConfig
    main.o(i.SystemClock_Config) refers to stm32f4xx_hal_rcc_ex.o(i.HAL_RCCEx_PeriphCLKConfig) for HAL_RCCEx_PeriphCLKConfig
    main.o(i.main) refers to stm32f4xx_hal.o(i.HAL_Init) for HAL_Init
    main.o(i.main) refers to main.o(i.SystemClock_Config) for SystemClock_Config
    main.o(i.main) refers to main.o(i.MX_GPIO_Init) for MX_GPIO_Init
    main.o(i.main) refers to stm32f4xx_hal_cortex.o(i.HAL_NVIC_SetPriority) for HAL_NVIC_SetPriority
    main.o(i.main) refers to stm32f4xx_hal_cortex.o(i.HAL_NVIC_EnableIRQ) for HAL_NVIC_EnableIRQ
    main.o(i.main) refers to microphone.o(i.AUDIO_IN_Init) for AUDIO_IN_Init
    main.o(i.main) refers to processing.o(i.proccesing_init) for proccesing_init
    main.o(i.main) refers to cmsis_os.o(i.osKernelStart) for osKernelStart
    main.o(i.main) refers to main.o(.data) for .data
    freertos.o(i.vApplicationGetIdleTaskMemory) refers to freertos.o(.bss) for .bss
    stm32f4xx_it.o(i.DMA1_Stream3_IRQHandler) refers to stm32f4xx_hal_dma.o(i.HAL_DMA_IRQHandler) for HAL_DMA_IRQHandler
    stm32f4xx_it.o(i.DMA1_Stream3_IRQHandler) refers to main.o(.data) for sAudio
    stm32f4xx_it.o(i.DMA1_Stream6_IRQHandler) refers to stm32f4xx_hal_dma.o(i.HAL_DMA_IRQHandler) for HAL_DMA_IRQHandler
    stm32f4xx_it.o(i.DMA1_Stream6_IRQHandler) refers to main.o(.bss) for hdma_dac2
    stm32f4xx_it.o(i.EXTI0_IRQHandler) refers to stm32f4xx_hal_gpio.o(i.HAL_GPIO_EXTI_IRQHandler) for HAL_GPIO_EXTI_IRQHandler
    stm32f4xx_it.o(i.TIM1_UP_TIM10_IRQHandler) refers to stm32f4xx_hal_tim.o(i.HAL_TIM_IRQHandler) for HAL_TIM_IRQHandler
    stm32f4xx_it.o(i.TIM1_UP_TIM10_IRQHandler) refers to stm32f4xx_hal_timebase_tim.o(.bss) for htim1
    stm32f4xx_it.o(i.USART1_IRQHandler) refers to stm32f4xx_hal_uart.o(i.HAL_UART_IRQHandler) for HAL_UART_IRQHandler
    stm32f4xx_it.o(i.USART1_IRQHandler) refers to main.o(.bss) for huart1
    stm32f4xx_hal_msp.o(i.HAL_DAC_MspDeInit) refers to stm32f4xx_hal_gpio.o(i.HAL_GPIO_DeInit) for HAL_GPIO_DeInit
    stm32f4xx_hal_msp.o(i.HAL_DAC_MspDeInit) refers to stm32f4xx_hal_dma.o(i.HAL_DMA_DeInit) for HAL_DMA_DeInit
    stm32f4xx_hal_msp.o(i.HAL_DAC_MspInit) refers to memseta.o(.text) for __aeabi_memclr4
[...]
    i.HAL_GPIO_EXTI_IRQHandler               0x08003400   Section        0  stm32f4xx_hal_gpio.o(i.HAL_GPIO_EXTI_IRQHandler)
    i.HAL_GPIO_Init                          0x08003418   Section        0  stm32f4xx_hal_gpio.o(i.HAL_GPIO_Init)
    i.HAL_GPIO_TogglePin                     0x080035d0   Section        0  stm32f4xx_hal_gpio.o(i.HAL_GPIO_TogglePin)
    i.HAL_GPIO_WritePin                      0x080035de   Section        0  stm32f4xx_hal_gpio.o(i.HAL_GPIO_WritePin)
    i.HAL_GetTick                            0x080035e8   Section        0  stm32f4xx_hal.o(i.HAL_GetTick)
    i.HAL_I2SEx_FullDuplex_IRQHandler        0x080035f4   Section        0  stm32f4xx_hal_i2s_ex.o(i.HAL_I2SEx_FullDuplex_IRQHandler)
    i.HAL_I2SEx_TxRxCpltCallback             0x080037e8   Section        0  stm32f4xx_hal_i2s_ex.o(i.HAL_I2SEx_TxRxCpltCallback)
    i.HAL_I2S_ErrorCallback                  0x080037ea   Section        0  stm32f4xx_hal_i2s.o(i.HAL_I2S_ErrorCallback)
    i.HAL_I2S_GetState                       0x080037ec   Section        0  stm32f4xx_hal_i2s.o(i.HAL_I2S_GetState)
    i.HAL_I2S_Init                           0x080037f4   Section        0  stm32f4xx_hal_i2s.o(i.HAL_I2S_Init)
    i.HAL_I2S_MspInit                        0x08003990   Section        0  stm32f4xx_hal_msp.o(i.HAL_I2S_MspInit)
    i.HAL_I2S_Receive_DMA                    0x08003a20   Section        0  stm32f4xx_hal_i2s.o(i.HAL_I2S_Receive_DMA)
    i.HAL_I2S_RxCpltCallback                 0x08003af4   Section        0  microphone.o(i.HAL_I2S_RxCpltCallback)
    i.HAL_I2S_RxHalfCpltCallback             0x08003b58   Section        0  microphone.o(i.HAL_I2S_RxHalfCpltCallback)
    i.HAL_I2S_TxCpltCallback                 0x08003bb8   Section        0  stm32f4xx_hal_i2s.o(i.HAL_I2S_TxCpltCallback)
    i.HAL_IncTick                            0x08003bbc   Section        0  stm32f4xx_hal.o(i.HAL_IncTick)
    i.HAL_Init                               0x08003bcc   Section        0  stm32f4xx_hal.o(i.HAL_Init)
    i.HAL_InitTick                           0x08003c00   Section        0  stm32f4xx_hal_timebase_tim.o(i.HAL_InitTick)
    i.HAL_MspInit                            0x08003c74   Section        0  stm32f4xx_hal_msp.o(i.HAL_MspInit)
    i.HAL_NVIC_EnableIRQ                     0x08003cac   Section        0  stm32f4xx_hal_cortex.o(i.HAL_NVIC_EnableIRQ)
    i.HAL_NVIC_SetPriority                   0x08003cc8   Section        0  stm32f4xx_hal_cortex.o(i.HAL_NVIC_SetPriority)
    i.HAL_NVIC_SetPriorityGrouping           0x08003d08   Section        0  stm32f4xx_hal_cortex.o(i.HAL_NVIC_SetPriorityGrouping)
    i.HAL_RCCEx_GetPeriphCLKConfig           0x08003d2c   Section        0  stm32f4xx_hal_rcc_ex.o(i.HAL_RCCEx_GetPeriphCLKConfig)
    i.HAL_RCCEx_GetPeriphCLKFreq             0x08003d60   Section        0  stm32f4xx_hal_rcc_ex.o(i.HAL_RCCEx_GetPeriphCLKFreq)
    i.HAL_RCCEx_PeriphCLKConfig              0x08003dbc   Section        0  stm32f4xx_hal_rcc_ex.o(i.HAL_RCCEx_PeriphCLKConfig)
    i.HAL_RCC_ClockConfig                    0x08003ef8   Section        0  stm32f4xx_hal_rcc.o(i.HAL_RCC_ClockConfig)
    i.HAL_RCC_GetClockConfig                 0x0800402c   Section        0  stm32f4xx_hal_rcc.o(i.HAL_RCC_GetClockConfig)
    i.HAL_RCC_GetPCLK2Freq                   0x0800406c   Section        0  stm32f4xx_hal_rcc.o(i.HAL_RCC_GetPCLK2Freq)
    i.HAL_RCC_GetSysClockFreq                0x0800408c   Section        0  stm32f4xx_hal_rcc.o(i.HAL_RCC_GetSysClockFreq)
    i.HAL_RCC_OscConfig                      0x080040ec   Section        0  stm32f4xx_hal_rcc.o(i.HAL_RCC_OscConfig)
    i.HAL_TIMEx_BreakCallback                0x08004448   Section        0  stm32f4xx_hal_tim_ex.o(i.HAL_TIMEx_BreakCallback)
    i.HAL_TIMEx_CommutCallback               0x0800444a   Section        0  stm32f4xx_hal_tim_ex.o(i.HAL_TIMEx_CommutCallback)
    i.HAL_TIM_Base_Init                      0x0800444c   Section        0  stm32f4xx_hal_tim.o(i.HAL_TIM_Base_Init)
    i.HAL_TIM_Base_MspInit                   0x08004484   Section        0  stm32f4xx_hal_msp.o(i.HAL_TIM_Base_MspInit)
    i.HAL_TIM_Base_Start_IT                  0x080044ac   Section        0  stm32f4xx_hal_tim.o(i.HAL_TIM_Base_Start_IT)
    i.HAL_TIM_IC_CaptureCallback             0x080044ce   Section        0  stm32f4xx_hal_tim.o(i.HAL_TIM_IC_CaptureCallback)
    i.HAL_TIM_IRQHandler                     0x080044d0   Section        0  stm32f4xx_hal_tim.o(i.HAL_TIM_IRQHandler)
    i.HAL_TIM_OC_DelayElapsedCallback        0x08004636   Section        0  stm32f4xx_hal_tim.o(i.HAL_TIM_OC_DelayElapsedCallback)
    i.HAL_TIM_PWM_PulseFinishedCallback      0x08004638   Section        0  stm32f4xx_hal_tim.o(i.HAL_TIM_PWM_PulseFinishedCallback)
    i.HAL_TIM_PeriodElapsedCallback          0x0800463c   Section        0  main.o(i.HAL_TIM_PeriodElapsedCallback)
    i.HAL_TIM_TriggerCallback                0x08004650   Section        0  stm32f4xx_hal_tim.o(i.HAL_TIM_TriggerCallback)
    i.HAL_UART_ErrorCallback                 0x08004652   Section        0  stm32f4xx_hal_uart.o(i.HAL_UART_ErrorCallback)
    i.HAL_UART_IRQHandler                    0x08004654   Section        0  stm32f4xx_hal_uart.o(i.HAL_UART_IRQHandler)
    i.HAL_UART_RxCpltCallback                0x08004768   Section        0  stm32f4xx_hal_uart.o(i.HAL_UART_RxCpltCallback)
    i.HAL_UART_TxCpltCallback                0x0800476a   Section        0  stm32f4xx_hal_uart.o(i.HAL_UART_TxCpltCallback)
    i.HardFault_Handler                      0x0800476c   Section        0  stm32f4xx_it.o(i.HardFault_Handler)
    i.I2SEx_RxISR_I2SExt                     0x08004770   Section        0  stm32f4xx_hal_i2s_ex.o(i.I2SEx_RxISR_I2SExt)
    I2SEx_RxISR_I2SExt                       0x08004771   Thumb Code    88  stm32f4xx_hal_i2s_ex.o(i.I2SEx_RxISR_I2SExt)
    i.I2SEx_TxISR_I2SExt                     0x080047d0   Section        0  stm32f4xx_hal_i2s_ex.o(i.I2SEx_TxISR_I2SExt)
    I2SEx_TxISR_I2SExt                       0x080047d1   Thumb Code    88  stm32f4xx_hal_i2s_ex.o(i.I2SEx_TxISR_I2SExt)
    i.I2S_DMAError                           0x08004830   Section        0  stm32f4xx_hal_i2s.o(i.I2S_DMAError)
    I2S_DMAError                             0x08004831   Thumb Code    40  stm32f4xx_hal_i2s.o(i.I2S_DMAError)
    i.I2S_DMARxCplt                          0x08004858   Section        0  stm32f4xx_hal_i2s.o(i.I2S_DMARxCplt)
    I2S_DMARxCplt                            0x08004859   Thumb Code    36  stm32f4xx_hal_i2s.o(i.I2S_DMARxCplt)
    i.I2S_DMARxHalfCplt                      0x0800487c   Section        0  stm32f4xx_hal_i2s.o(i.I2S_DMARxHalfCplt)
    I2S_DMARxHalfCplt                        0x0800487d   Thumb Code    10  stm32f4xx_hal_i2s.o(i.I2S_DMARxHalfCplt)
    i.I2S_IRQHandler                         0x08004886   Section        0  stm32f4xx_hal_i2s.o(i.I2S_IRQHandler)
    I2S_IRQHandler                           0x08004887   Thumb Code   242  stm32f4xx_hal_i2s.o(i.I2S_IRQHandler)
    i.MX_GPIO_Init                           0x08004978   Section        0  main.o(i.MX_GPIO_Init)
    MX_GPIO_Init                             0x08004979   Thumb Code   166  main.o(i.MX_GPIO_Init)
    i.MemManage_Handler                      0x08004a30   Section        0  stm32f4xx_it.o(i.MemManage_Handler)
    i.NMI_Handler                            0x08004a32   Section        0  stm32f4xx_it.o(i.NMI_Handler)
    i.PDM_Filter                             0x08004a34   Section        0  pdm_filter.o(i.PDM_Filter)
    i.PDM_Filter_Init                        0x08004a60   Section        0  pdm_filter.o(i.PDM_Filter_Init)
    i.PDM_Filter_setConfig                   0x08004b8c   Section        0  pdm_filter.o(i.PDM_Filter_setConfig)
    i.SysTick_Handler                        0x08004d9c   Section        0  port.o(i.SysTick_Handler)
    i.SystemClock_Config                     0x08004dc8   Section        0  main.o(i.SystemClock_Config)
    i.SystemInit                             0x08004e64   Section        0  system_stm32f4xx.o(i.SystemInit)
    i.TIM1_UP_TIM10_IRQHandler               0x08004e80   Section        0  stm32f4xx_it.o(i.TIM1_UP_TIM10_IRQHandler)
    i.TIM_Base_SetConfig                     0x08004e8c   Section        0  stm32f4xx_hal_tim.o(i.TIM_Base_SetConfig)
    i.UART_DMAAbortOnError                   0x08004f54   Section        0  stm32f4xx_hal_uart.o(i.UART_DMAAbortOnError)
    UART_DMAAbortOnError                     0x08004f55   Thumb Code    16  stm32f4xx_hal_uart.o(i.UART_DMAAbortOnError)
    i.UART_EndRxTransfer                     0x08004f64   Section        0  stm32f4xx_hal_uart.o(i.UART_EndRxTransfer)
    UART_EndRxTransfer                       0x08004f65   Thumb Code    28  stm32f4xx_hal_uart.o(i.UART_EndRxTransfer)
    i.UART_Receive_IT                        0x08004f80   Section        0  stm32f4xx_hal_uart.o(i.UART_Receive_IT)
    UART_Receive_IT                          0x08004f81   Thumb Code   150  stm32f4xx_hal_uart.o(i.UART_Receive_IT)
    i.UART_Transmit_IT                       0x08005016   Section        0  stm32f4xx_hal_uart.o(i.UART_Transmit_IT)
    UART_Transmit_IT                         0x08005017   Thumb Code    98  stm32f4xx_hal_uart.o(i.UART_Transmit_IT)
    i.USART1_IRQHandler                      0x08005078   Section        0  stm32f4xx_it.o(i.USART1_IRQHandler)
    i.UsageFault_Handler                     0x08005084   Section        0  stm32f4xx_it.o(i.UsageFault_Handler)
    i.__ARM_fpclassifyf                      0x08005086   Section        0  fpclassifyf.o(i.__ARM_fpclassifyf)
    i.__NVIC_SetPriority                     0x080050ac   Section        0  stm32f4xx_hal_cortex.o(i.__NVIC_SetPriority)
    __NVIC_SetPriority                       0x080050ad   Thumb Code    32  stm32f4xx_hal_cortex.o(i.__NVIC_SetPriority)
    i.__hardfp_powf                          0x080050cc   Section        0  powf.o(i.__hardfp_powf)
    i.__hardfp_roundf                        0x08005730   Section        0  roundf.o(i.__hardfp_roundf)
    i.__mathlib_flt_divzero                  0x080057cc   Section        0  funder.o(i.__mathlib_flt_divzero)
    i.__mathlib_flt_infnan2                  0x080057e0   Section        0  funder.o(i.__mathlib_flt_infnan2)
    i.__mathlib_flt_invalid                  0x080057e8   Section        0  funder.o(i.__mathlib_flt_invalid)
    i.__mathlib_flt_overflow                 0x080057f8   Section        0  funder.o(i.__mathlib_flt_overflow)
    i.__mathlib_flt_underflow                0x08005808   Section        0  funder.o(i.__mathlib_flt_underflow)
    i.__scatterload_copy                     0x08005818   Section       14  handlers.o(i.__scatterload_copy)
    i.__scatterload_null                     0x08005826   Section        2  handlers.o(i.__scatterload_null)
    i.__scatterload_zeroinit                 0x08005828   Section       14  handlers.o(i.__scatterload_zeroinit)
    i.__set_errno                            0x08005838   Section        0  errno.o(i.__set_errno)
    i.inHandlerMode                          0x08005844   Section        0  cmsis_os.o(i.inHandlerMode)
    inHandlerMode                            0x08005845   Thumb Code    12  cmsis_os.o(i.inHandlerMode)
    i.main                                   0x08005850   Section        0  main.o(i.main)
    i.makeFreeRtosPriority                   0x080058a0   Section        0  cmsis_os.o(i.makeFreeRtosPriority)
    makeFreeRtosPriority                     0x080058a1   Thumb Code    12  cmsis_os.o(i.makeFreeRtosPriority)
    i.osKernelStart                          0x080058ac   Section        0  cmsis_os.o(i.osKernelStart)
    i.osMutexCreate                          0x080058b6   Section        0  cmsis_os.o(i.osMutexCreate)
    i.osMutexRelease                         0x080058c8   Section        0  cmsis_os.o(i.osMutexRelease)
    i.osMutexWait                            0x08005918   Section        0  cmsis_os.o(i.osMutexWait)
    i.osSemaphoreCreate                      0x0800597c   Section        0  cmsis_os.o(i.osSemaphoreCreate)
    i.osSemaphoreRelease                     0x080059bc   Section        0  cmsis_os.o(i.osSemaphoreRelease)
    i.osSemaphoreWait                        0x08005a0c   Section        0  cmsis_os.o(i.osSemaphoreWait)
    i.osThreadCreate                         0x08005a70   Section        0  cmsis_os.o(i.osThreadCreate)
    i.proccesing_init                        0x08005ac4   Section        0  processing.o(i.proccesing_init)
    i.prvAddCurrentTaskToDelayedList         0x08005afc   Section        0  tasks.o(i.prvAddCurrentTaskToDelayedList)
    prvAddCurrentTaskToDelayedList           0x08005afd   Thumb Code   102  tasks.o(i.prvAddCurrentTaskToDelayedList)
    i.prvAddNewTaskToReadyList               0x08005b6c   Section        0  tasks.o(i.prvAddNewTaskToReadyList)
    prvAddNewTaskToReadyList                 0x08005b6d   Thumb Code   194  tasks.o(i.prvAddNewTaskToReadyList)
    i.prvCopyDataFromQueue                   0x08005c3c   Section        0  queue.o(i.prvCopyDataFromQueue)
    prvCopyDataFromQueue                     0x08005c3d   Thumb Code    38  queue.o(i.prvCopyDataFromQueue)
    i.prvCopyDataToQueue                     0x08005c62   Section        0  queue.o(i.prvCopyDataToQueue)
    prvCopyDataToQueue                       0x08005c63   Thumb Code   108  queue.o(i.prvCopyDataToQueue)
    i.prvDeleteTCB                           0x08005cce   Section        0  tasks.o(i.prvDeleteTCB)
    prvDeleteTCB                             0x08005ccf   Thumb Code    52  tasks.o(i.prvDeleteTCB)
    i.prvHeapInit                            0x08005d04   Section        0  heap_4.o(i.prvHeapInit)
    prvHeapInit                              0x08005d05   Thumb Code    66  heap_4.o(i.prvHeapInit)
    i.prvIdleTask                            0x08005d50   Section        0  tasks.o(i.prvIdleTask)
    prvIdleTask                              0x08005d51   Thumb Code    82  tasks.o(i.prvIdleTask)
    i.prvInitialiseMutex                     0x08005db0   Section        0  queue.o(i.prvInitialiseMutex)
    prvInitialiseMutex                       0x08005db1   Thumb Code    22  queue.o(i.prvInitialiseMutex)
    i.prvInitialiseNewQueue                  0x08005dc6   Section        0  queue.o(i.prvInitialiseNewQueue)
    prvInitialiseNewQueue                    0x08005dc7   Thumb Code    22  queue.o(i.prvInitialiseNewQueue)
    i.prvInitialiseNewTask                   0x08005ddc   Section        0  tasks.o(i.prvInitialiseNewTask)
    prvInitialiseNewTask                     0x08005ddd   Thumb Code   142  tasks.o(i.prvInitialiseNewTask)
    i.prvInsertBlockIntoFreeList             0x08005e6c   Section        0  heap_4.o(i.prvInsertBlockIntoFreeList)
    prvInsertBlockIntoFreeList               0x08005e6d   Thumb Code    72  heap_4.o(i.prvInsertBlockIntoFreeList)
    i.prvIsQueueEmpty                        0x08005eb8   Section        0  queue.o(i.prvIsQueueEmpty)
    prvIsQueueEmpty                          0x08005eb9   Thumb Code    28  queue.o(i.prvIsQueueEmpty)
    i.prvResetNextTaskUnblockTime            0x08005ed4   Section        0  tasks.o(i.prvResetNextTaskUnblockTime)
    prvResetNextTaskUnblockTime              0x08005ed5   Thumb Code    26  tasks.o(i.prvResetNextTaskUnblockTime)
    i.prvTaskExitError                       0x08005ef4   Section        0  port.o(i.prvTaskExitError)
    prvTaskExitError                         0x08005ef5   Thumb Code    36  port.o(i.prvTaskExitError)
    i.prvUnlockQueue                         0x08005f1c   Section        0  queue.o(i.prvUnlockQueue)
    prvUnlockQueue                           0x08005f1d   Thumb Code   106  queue.o(i.prvUnlockQueue)
    i.pvPortMalloc                           0x08005f88   Section        0  heap_4.o(i.pvPortMalloc)
    i.pvTaskIncrementMutexHeldCount          0x08006060   Section        0  tasks.o(i.pvTaskIncrementMutexHeldCount)
    i.pxPortInitialiseStack                  0x08006078   Section        0  port.o(i.pxPortInitialiseStack)
    i.signalProcTask                         0x080060a4   Section        0  processing.o(i.signalProcTask)
    i.uxListRemove                           0x08006170   Section        0  list.o(i.uxListRemove)
    i.vApplicationGetIdleTaskMemory          0x08006198   Section        0  freertos.o(i.vApplicationGetIdleTaskMemory)
    i.vListInitialise                        0x080061ac   Section        0  list.o(i.vListInitialise)
    i.vListInitialiseItem                    0x080061c2   Section        0  list.o(i.vListInitialiseItem)
    i.vListInsert                            0x080061c8   Section        0  list.o(i.vListInsert)
    i.vListInsertEnd                         0x080061f8   Section        0  list.o(i.vListInsertEnd)
    i.vPortEnterCritical                     0x08006210   Section        0  port.o(i.vPortEnterCritical)
    i.vPortExitCritical                      0x08006250   Section        0  port.o(i.vPortExitCritical)
    i.vPortFree                              0x08006278   Section        0  heap_4.o(i.vPortFree)
    i.vPortSetupTimerInterrupt               0x080062d4   Section        0  port.o(i.vPortSetupTimerInterrupt)
    i.vPortValidateInterruptPriority         0x080062f8   Section        0  port.o(i.vPortValidateInterruptPriority)
    i.vTaskInternalSetTimeOutState           0x0800634c   Section        0  tasks.o(i.vTaskInternalSetTimeOutState)
    i.vTaskMissedYield                       0x0800635c   Section        0  tasks.o(i.vTaskMissedYield)
    i.vTaskPlaceOnEventList                  0x08006368   Section        0  tasks.o(i.vTaskPlaceOnEventList)
    i.vTaskPriorityDisinheritAfterTimeout    0x08006398   Section        0  tasks.o(i.vTaskPriorityDisinheritAfterTimeout)
    i.vTaskStartScheduler                    0x08006440   Section        0  tasks.o(i.vTaskStartScheduler)
    i.vTaskSuspendAll                        0x080064ac   Section        0  tasks.o(i.vTaskSuspendAll)
    i.vTaskSwitchContext                     0x080064bc   Section        0  tasks.o(i.vTaskSwitchContext)
    i.xPortStartScheduler                    0x08006518   Section        0  port.o(i.xPortStartScheduler)
    i.xQueueCreateMutex                      0x0800660c   Section        0  queue.o(i.xQueueCreateMutex)
    i.xQueueCreateMutexStatic                0x08006622   Section        0  queue.o(i.xQueueCreateMutexStatic)
    i.xQueueGenericCreate                    0x0800663c   Section        0  queue.o(i.xQueueGenericCreate)
    i.xQueueGenericCreateStatic              0x08006684   Section        0  queue.o(i.xQueueGenericCreateStatic)
    i.xQueueGenericReset                     0x080066ec   Section        0  queue.o(i.xQueueGenericReset)
    i.xQueueGenericSend                      0x08006774   Section        0  queue.o(i.xQueueGenericSend)
    i.xQueueGiveFromISR                      0x080068d4   Section        0  queue.o(i.xQueueGiveFromISR)
    i.xQueueReceive                          0x08006970   Section        0  queue.o(i.xQueueReceive)
    i.xQueueReceiveFromISR                   0x08006aa8   Section        0  queue.o(i.xQueueReceiveFromISR)
    i.xQueueSemaphoreTake                    0x08006b44   Section        0  queue.o(i.xQueueSemaphoreTake)
    i.xTaskCheckForTimeOut                   0x08006cbc   Section        0  tasks.o(i.xTaskCheckForTimeOut)
    i.xTaskCreate                            0x08006d30   Section        0  tasks.o(i.xTaskCreate)
    i.xTaskCreateStatic                      0x08006d8a   Section        0  tasks.o(i.xTaskCreateStatic)
    i.xTaskGetSchedulerState                 0x08006de0   Section        0  tasks.o(i.xTaskGetSchedulerState)
    i.xTaskIncrementTick                     0x08006dfc   Section        0  tasks.o(i.xTaskIncrementTick)
    i.xTaskPriorityDisinherit                0x08006ec4   Section        0  tasks.o(i.xTaskPriorityDisinherit)
    i.xTaskPriorityInherit                   0x08006f5c   Section        0  tasks.o(i.xTaskPriorityInherit)
    i.xTaskRemoveFromEventList               0x08006ff0   Section        0  tasks.o(i.xTaskRemoveFromEventList)
    i.xTaskResumeAll                         0x08007064   Section        0  tasks.o(i.xTaskResumeAll)
    .constdata                               0x08007128   Section        8  stm32f4xx_hal_dma.o(.constdata)
    flagBitshiftOffset                       0x08007128   Data           8  stm32f4xx_hal_dma.o(.constdata)
    .constdata                               0x08007130   Section       16  system_stm32f4xx.o(.constdata)
    .constdata                               0x08007140   Section        8  system_stm32f4xx.o(.constdata)
    .constdata                               0x08007148   Section       28  microphone.o(.constdata)
    .constdata                               0x08007164   Section       28  processing.o(.constdata)
    .constdata                               0x08007180   Section     2048  arm_common_tables.o(.constdata)
    .constdata                               0x08007980   Section    12288  arm_common_tables.o(.constdata)
    .constdata                               0x0800a980   Section      320  powf.o(.constdata)
    table                                    0x0800a980   Data         128  powf.o(.constdata)
    powersof2to1over16top                    0x0800aa00   Data          64  powf.o(.constdata)
    powersof2to1over16bot                    0x0800aa40   Data          64  powf.o(.constdata)
    powersof2to1over16all                    0x0800aa80   Data          64  powf.o(.constdata)
    .conststring                             0x0800aac0   Section       12  microphone.o(.conststring)
    .conststring                             0x0800aacc   Section        9  processing.o(.conststring)
    .data                                    0x20000000   Section        8  main.o(.data)
    .data                                    0x20000008   Section       12  stm32f4xx_hal.o(.data)
    .data                                    0x20000014   Section       20  stm32f4xx_hal_i2s.o(.data)
    .data                                    0x20000028   Section        4  system_stm32f4xx.o(.data)
    .data                                    0x2000002c   Section       60  tasks.o(.data)
    pxDelayedTaskList                        0x20000030   Data           4  tasks.o(.data)
    pxOverflowDelayedTaskList                0x20000034   Data           4  tasks.o(.data)
    uxDeletedTasksWaitingCleanUp             0x20000038   Data           4  tasks.o(.data)
    uxCurrentNumberOfTasks                   0x2000003c   Data           4  tasks.o(.data)
    xTickCount                               0x20000040   Data           4  tasks.o(.data)
    uxTopReadyPriority                       0x20000044   Data           4  tasks.o(.data)
    xSchedulerRunning                        0x20000048   Data           4  tasks.o(.data)
    uxPendedTicks                            0x2000004c   Data           4  tasks.o(.data)
    xYieldPending                            0x20000050   Data           4  tasks.o(.data)
    xNumOfOverflows                          0x20000054   Data           4  tasks.o(.data)
    uxTaskNumber                             0x20000058   Data           4  tasks.o(.data)
    xNextTaskUnblockTime                     0x2000005c   Data           4  tasks.o(.data)
    xIdleTaskHandle                          0x20000060   Data           4  tasks.o(.data)
    uxSchedulerSuspended                     0x20000064   Data           4  tasks.o(.data)
    .data                                    0x20000068   Section       24  heap_4.o(.data)
    pxEnd                                    0x20000068   Data           4  heap_4.o(.data)
    xFreeBytesRemaining                      0x2000006c   Data           4  heap_4.o(.data)
    xMinimumEverFreeBytesRemaining           0x20000070   Data           4  heap_4.o(.data)
    xBlockAllocatedBit                       0x20000074   Data           4  heap_4.o(.data)
    xStart                                   0x20000078   Data           8  heap_4.o(.data)
    .data                                    0x20000080   Section       12  port.o(.data)
    ucMaxSysCallPriority                     0x20000080   Data           1  port.o(.data)
    uxCriticalNesting                        0x20000084   Data           4  port.o(.data)
    ulMaxPRIGROUPValue                       0x20000088   Data           4  port.o(.data)
    .data                                    0x2000008c   Section        8  microphone.o(.data)
    .data                                    0x20000094   Section       24  processing.o(.data)
    .data                                    0x200000ac   Section     1028  pdm_filter.o(.data)
    LT_Initialization                        0x200000ac   Data           1  pdm_filter.o(.data)
    T_0_1_2                                  0x200000b0   Data        1024  pdm_filter.o(.data)
    .data                                    0x200004b0   Section        4  errno.o(.data)
    _errno                                   0x200004b0   Data           4  errno.o(.data)
    .bss                                     0x200004b4   Section       96  main.o(.bss)
    .bss                                     0x20000514   Section       64  main.o(.bss)
    .bss                                     0x20000554   Section      596  freertos.o(.bss)
    xIdleTaskTCBBuffer                       0x20000554   Data          84  freertos.o(.bss)
    xIdleStack                               0x200005a8   Data         512  freertos.o(.bss)
    .bss                                     0x200007a8   Section       64  stm32f4xx_hal_timebase_tim.o(.bss)
    .bss                                     0x200007e8   Section      240  tasks.o(.bss)
    pxReadyTasksLists                        0x200007e8   Data         140  tasks.o(.bss)
    xDelayedTaskList1                        0x20000874   Data          20  tasks.o(.bss)
    xDelayedTaskList2                        0x20000888   Data          20  tasks.o(.bss)
    xPendingReadyList                        0x2000089c   Data          20  tasks.o(.bss)
    xTasksWaitingTermination                 0x200008b0   Data          20  tasks.o(.bss)
    xSuspendedTaskList                       0x200008c4   Data          20  tasks.o(.bss)
    .bss                                     0x200008d8   Section    15360  heap_4.o(.bss)
    ucHeap                                   0x200008d8   Data       15360  heap_4.o(.bss)
    .bss                                     0x200044d8   Section     8740  microphone.o(.bss)
    hdma_i2sRx                               0x200044d8   Data          96  microphone.o(.bss)
    InternalBuffer                           0x200045dc   Data         256  microphone.o(.bss)
    RecBuf                                   0x200046dc   Data          32  microphone.o(.bss)
    .bss                                     0x200066fc   Section     6144  processing.o(.bss)
    STACK                                    0x20007f00   Section    16384  startup_stm32f407xx.o(STACK)

    Global Symbols

    Symbol Name                              Value     Ov Type        Size  Object(Section)

    BuildAttributes$$THM_ISAv4$E$P$D$K$B$S$7EM$VFPi3$EXTD16$VFPS$VFMA$PE$A:L22UL41UL21$X:L11$S22US41US21$IEEE1$IW$USESV6$~STKCKD$USESV7$~SHL$OTIME$ROPI$IEEEX$EBA8$MICROLIB$REQ8$PRES8$EABIv2 0x00000000   Number         0  anon$$obj.o ABSOLUTE
    __ARM_use_no_argv                        0x00000000   Number         0  main.o ABSOLUTE
    __cpp_initialize__aeabi_                  - Undefined Weak Reference
    __cxa_finalize                            - Undefined Weak Reference
    _clock_init                               - Undefined Weak Reference
    _microlib_exit                            - Undefined Weak Reference
    __Vectors_Size                           0x00000188   Number         0  startup_stm32f407xx.o ABSOLUTE
    __Vectors                                0x08000000   Data           4  startup_stm32f407xx.o(RESET)
    __Vectors_End                            0x08000188   Data           0  startup_stm32f407xx.o(RESET)
    __main                                   0x08000189   Thumb Code     0  entry.o(.ARM.Collect$$$$00000000)
    _main_stk                                0x08000189   Thumb Code     0  entry2.o(.ARM.Collect$$$$00000001)
    _main_scatterload                        0x0800018d   Thumb Code     0  entry5.o(.ARM.Collect$$$$00000004)
    __main_after_scatterload                 0x08000191   Thumb Code     0  entry5.o(.ARM.Collect$$$$00000004)
    _main_clock                              0x08000191   Thumb Code     0  entry7b.o(.ARM.Collect$$$$00000008)
    _main_cpp_init                           0x08000191   Thumb Code     0  entry8b.o(.ARM.Collect$$$$0000000A)
    _main_init                               0x08000191   Thumb Code     0  entry9a.o(.ARM.Collect$$$$0000000B)
    __rt_final_cpp                           0x08000199   Thumb Code     0  entry10a.o(.ARM.Collect$$$$0000000D)
    __rt_final_exit                          0x08000199   Thumb Code     0  entry11a.o(.ARM.Collect$$$$0000000F)
    SVC_Handler                              0x0800019d   Thumb Code    28  port.o(.emb_text)
    __asm___6_port_c_39a90d8d__prvStartFirstTask 0x080001bd   Thumb Code    36  port.o(.emb_text)
    __asm___6_port_c_39a90d8d__prvEnableVFP  0x080001e5   Thumb Code    16  port.o(.emb_text)
    PendSV_Handler                           0x080001f9   Thumb Code    88  port.o(.emb_text)
    vPortGetIPSR                             0x08000255   Thumb Code     6  port.o(.emb_text)
    __asm___12_pdm_filter_c_5676b99f____REV16 0x0800025d   Thumb Code     4  pdm_filter.o(.rev16_text)
    Reset_Handler                            0x08000261   Thumb Code     8  startup_stm32f407xx.o(.text)
    ADC_IRQHandler                           0x0800027b   Thumb Code     0  startup_stm32f407xx.o(.text)
    CAN1_RX0_IRQHandler                      0x0800027b   Thumb Code     0  startup_stm32f407xx.o(.text)
    CAN1_RX1_IRQHandler                      0x0800027b   Thumb Code     0  startup_stm32f407xx.o(.text)
    CAN1_SCE_IRQHandler                      0x0800027b   Thumb Code     0  startup_stm32f407xx.o(.text)
    CAN1_TX_IRQHandler                       0x0800027b   Thumb Code     0  startup_stm32f407xx.o(.text)
    CAN2_RX0_IRQHandler                      0x0800027b   Thumb Code     0  startup_stm32f407xx.o(.text)
    CAN2_RX1_IRQHandler                      0x0800027b   Thumb Code     0  startup_stm32f407xx.o(.text)
    CAN2_SCE_IRQHandler                      0x0800027b   Thumb Code     0  startup_stm32f407xx.o(.text)
    CAN2_TX_IRQHandler                       0x0800027b   Thumb Code     0  startup_stm32f407xx.o(.text)
    DCMI_IRQHandler                          0x0800027b   Thumb Code     0  startup_stm32f407xx.o(.text)
    DMA1_Stream0_IRQHandler                  0x0800027b   Thumb Code     0  startup_stm32f407xx.o(.text)
    DMA1_Stream1_IRQHandler                  0x0800027b   Thumb Code     0  startup_stm32f407xx.o(.text)
    DMA1_Stream2_IRQHandler                  0x0800027b   Thumb Code     0  startup_stm32f407xx.o(.text)
    DMA1_Stream4_IRQHandler                  0x0800027b   Thumb Code     0  startup_stm32f407xx.o(.text)
    DMA1_Stream5_IRQHandler                  0x0800027b   Thumb Code     0  startup_stm32f407xx.o(.text)
    DMA1_Stream7_IRQHandler                  0x0800027b   Thumb Code     0  startup_stm32f407xx.o(.text)
    DMA2_Stream0_IRQHandler                  0x0800027b   Thumb Code     0  startup_stm32f407xx.o(.text)
    DMA2_Stream1_IRQHandler                  0x0800027b   Thumb Code     0  startup_stm32f407xx.o(.text)
    DMA2_Stream2_IRQHandler                  0x0800027b   Thumb Code     0  startup_stm32f407xx.o(.text)
    DMA2_Stream3_IRQHandler                  0x0800027b   Thumb Code     0  startup_stm32f407xx.o(.text)
    DMA2_Stream4_IRQHandler                  0x0800027b   Thumb Code     0  startup_stm32f407xx.o(.text)
    DMA2_Stream5_IRQHandler                  0x0800027b   Thumb Code     0  startup_stm32f407xx.o(.text)
    DMA2_Stream6_IRQHandler                  0x0800027b   Thumb Code     0  startup_stm32f407xx.o(.text)
    DMA2_Stream7_IRQHandler                  0x0800027b   Thumb Code     0  startup_stm32f407xx.o(.text)
    ETH_IRQHandler                           0x0800027b   Thumb Code     0  startup_stm32f407xx.o(.text)
    ETH_WKUP_IRQHandler                      0x0800027b   Thumb Code     0  startup_stm32f407xx.o(.text)
    EXTI15_10_IRQHandler                     0x0800027b   Thumb Code     0  startup_stm32f407xx.o(.text)
    EXTI1_IRQHandler                         0x0800027b   Thumb Code     0  startup_stm32f407xx.o(.text)
    EXTI2_IRQHandler                         0x0800027b   Thumb Code     0  startup_stm32f407xx.o(.text)
    EXTI3_IRQHandler                         0x0800027b   Thumb Code     0  startup_stm32f407xx.o(.text)
    EXTI4_IRQHandler                         0x0800027b   Thumb Code     0  startup_stm32f407xx.o(.text)
    EXTI9_5_IRQHandler                       0x0800027b   Thumb Code     0  startup_stm32f407xx.o(.text)
    FLASH_IRQHandler                         0x0800027b   Thumb Code     0  startup_stm32f407xx.o(.text)
    FMC_IRQHandler                           0x0800027b   Thumb Code     0  startup_stm32f407xx.o(.text)
    FPU_IRQHandler                           0x0800027b   Thumb Code     0  startup_stm32f407xx.o(.text)
    HASH_RNG_IRQHandler                      0x0800027b   Thumb Code     0  startup_stm32f407xx.o(.text)
    I2C1_ER_IRQHandler                       0x0800027b   Thumb Code     0  startup_stm32f407xx.o(.text)
    I2C1_EV_IRQHandler                       0x0800027b   Thumb Code     0  startup_stm32f407xx.o(.text)
    I2C2_ER_IRQHandler                       0x0800027b   Thumb Code     0  startup_stm32f407xx.o(.text)
    I2C2_EV_IRQHandler                       0x0800027b   Thumb Code     0  startup_stm32f407xx.o(.text)
    I2C3_ER_IRQHandler                       0x0800027b   Thumb Code     0  startup_stm32f407xx.o(.text)
    I2C3_EV_IRQHandler                       0x0800027b   Thumb Code     0  startup_stm32f407xx.o(.text)
    OTG_FS_IRQHandler                        0x0800027b   Thumb Code     0  startup_stm32f407xx.o(.text)
    OTG_FS_WKUP_IRQHandler                   0x0800027b   Thumb Code     0  startup_stm32f407xx.o(.text)
    OTG_HS_EP1_IN_IRQHandler                 0x0800027b   Thumb Code     0  startup_stm32f407xx.o(.text)
    OTG_HS_EP1_OUT_IRQHandler                0x0800027b   Thumb Code     0  startup_stm32f407xx.o(.text)
    OTG_HS_IRQHandler                        0x0800027b   Thumb Code     0  startup_stm32f407xx.o(.text)
    OTG_HS_WKUP_IRQHandler                   0x0800027b   Thumb Code     0  startup_stm32f407xx.o(.text)
    PVD_IRQHandler                           0x0800027b   Thumb Code     0  startup_stm32f407xx.o(.text)
    RCC_IRQHandler                           0x0800027b   Thumb Code     0  startup_stm32f407xx.o(.text)
    RTC_Alarm_IRQHandler                     0x0800027b   Thumb Code     0  startup_stm32f407xx.o(.text)
    RTC_WKUP_IRQHandler                      0x0800027b   Thumb Code     0  startup_stm32f407xx.o(.text)
    SDIO_IRQHandler                          0x0800027b   Thumb Code     0  startup_stm32f407xx.o(.text)
    SPI1_IRQHandler                          0x0800027b   Thumb Code     0  startup_stm32f407xx.o(.text)
    SPI2_IRQHandler                          0x0800027b   Thumb Code     0  startup_stm32f407xx.o(.text)
    SPI3_IRQHandler                          0x0800027b   Thumb Code     0  startup_stm32f407xx.o(.text)
    TAMP_STAMP_IRQHandler                    0x0800027b   Thumb Code     0  startup_stm32f407xx.o(.text)
    TIM1_BRK_TIM9_IRQHandler                 0x0800027b   Thumb Code     0  startup_stm32f407xx.o(.text)
    TIM1_CC_IRQHandler                       0x0800027b   Thumb Code     0  startup_stm32f407xx.o(.text)
    TIM1_TRG_COM_TIM11_IRQHandler            0x0800027b   Thumb Code     0  startup_stm32f407xx.o(.text)
    TIM2_IRQHandler                          0x0800027b   Thumb Code     0  startup_stm32f407xx.o(.text)
    TIM3_IRQHandler                          0x0800027b   Thumb Code     0  startup_stm32f407xx.o(.text)
    TIM4_IRQHandler                          0x0800027b   Thumb Code     0  startup_stm32f407xx.o(.text)
    TIM5_IRQHandler                          0x0800027b   Thumb Code     0  startup_stm32f407xx.o(.text)
    TIM6_DAC_IRQHandler                      0x0800027b   Thumb Code     0  startup_stm32f407xx.o(.text)
    TIM7_IRQHandler                          0x0800027b   Thumb Code     0  startup_stm32f407xx.o(.text)
    TIM8_BRK_TIM12_IRQHandler                0x0800027b   Thumb Code     0  startup_stm32f407xx.o(.text)
    TIM8_CC_IRQHandler                       0x0800027b   Thumb Code     0  startup_stm32f407xx.o(.text)
    TIM8_TRG_COM_TIM14_IRQHandler            0x0800027b   Thumb Code     0  startup_stm32f407xx.o(.text)
    TIM8_UP_TIM13_IRQHandler                 0x0800027b   Thumb Code     0  startup_stm32f407xx.o(.text)
    UART4_IRQHandler                         0x0800027b   Thumb Code     0  startup_stm32f407xx.o(.text)
    UART5_IRQHandler                         0x0800027b   Thumb Code     0  startup_stm32f407xx.o(.text)
    USART2_IRQHandler                        0x0800027b   Thumb Code     0  startup_stm32f407xx.o(.text)
    USART3_IRQHandler                        0x0800027b   Thumb Code     0  startup_stm32f407xx.o(.text)
    USART6_IRQHandler                        0x0800027b   Thumb Code     0  startup_stm32f407xx.o(.text)
    WWDG_IRQHandler                          0x0800027b   Thumb Code     0  startup_stm32f407xx.o(.text)
    arm_cmplx_mag_q15                        0x08000285   Thumb Code   134  arm_cmplx_mag_q15.o(.text)
    arm_cfft_radix4_init_q15                 0x0800030d   Thumb Code   112  arm_cfft_radix4_init_q15.o(.text)
    arm_radix4_butterfly_q15                 0x08000395   Thumb Code   596  arm_cfft_radix4_q15.o(.text)
    arm_radix4_butterfly_inverse_q15         0x080005e9   Thumb Code   596  arm_cfft_radix4_q15.o(.text)
    arm_cfft_radix4_q15                      0x0800083d   Thumb Code    54  arm_cfft_radix4_q15.o(.text)
    arm_max_q15                              0x08000875   Thumb Code   154  arm_max_q15.o(.text)
    arm_copy_q15                             0x0800090f   Thumb Code   152  arm_copy_q15.o(.text)
    arm_sqrt_q15                             0x080009a9   Thumb Code   234  arm_sqrt_q15.o(.text)
    arm_bitreversal_f32                      0x08000aa1   Thumb Code   178  arm_bitreversal.o(.text)
    arm_bitreversal_q31                      0x08000b53   Thumb Code   170  arm_bitreversal.o(.text)
    arm_bitreversal_q15                      0x08000bfd   Thumb Code   122  arm_bitreversal.o(.text)
    __aeabi_uldivmod                         0x08000c77   Thumb Code    98  uldiv.o(.text)
    __aeabi_memcpy                           0x08000cd9   Thumb Code    36  memcpya.o(.text)
    __aeabi_memcpy4                          0x08000cd9   Thumb Code     0  memcpya.o(.text)
    __aeabi_memcpy8                          0x08000cd9   Thumb Code     0  memcpya.o(.text)
    __aeabi_memset                           0x08000cfd   Thumb Code    14  memseta.o(.text)
    __aeabi_memset4                          0x08000cfd   Thumb Code     0  memseta.o(.text)
    __aeabi_memset8                          0x08000cfd   Thumb Code     0  memseta.o(.text)
    __aeabi_memclr                           0x08000d0b   Thumb Code     4  memseta.o(.text)
    __aeabi_memclr4                          0x08000d0b   Thumb Code     0  memseta.o(.text)
    __aeabi_memclr8                          0x08000d0b   Thumb Code     0  memseta.o(.text)
    memset                                   0x08000d0f   Thumb Code    18  memseta.o(.text)
    __aeabi_llsl                             0x08000d21   Thumb Code    30  llshl.o(.text)
    _ll_shift_l                              0x08000d21   Thumb Code     0  llshl.o(.text)
    __aeabi_llsr                             0x08000d3f   Thumb Code    32  llushr.o(.text)
    _ll_ushift_r                             0x08000d3f   Thumb Code     0  llushr.o(.text)
    __I$use$fp                               0x08000d5f   Thumb Code     0  iusefp.o(.text)
    _frnd                                    0x08000d5f   Thumb Code    60  frnd.o(.text)
    __fp_status                              0x08000d9b   Thumb Code     4  fpstat.o(.text)
    __ieee_status                            0x08000d9b   Thumb Code     0  fpstat.o(.text)
    __scatterload                            0x08000da1   Thumb Code    28  init.o(.text)
    __scatterload_rt2                        0x08000da1   Thumb Code     0  init.o(.text)
    _float_round                             0x08000dc5   Thumb Code    18  fepilogue.o(.text)
    _float_epilogue                          0x08000dd7   Thumb Code    92  fepilogue.o(.text)
    __decompress                             0x08000e33   Thumb Code     0  __dclz77c.o(.text)
    __decompress2                            0x08000e33   Thumb Code    94  __dclz77c.o(.text)
    AUDIO_IN_ClockConfig                     0x08000e91   Thumb Code    28  microphone.o(i.AUDIO_IN_ClockConfig)
    AUDIO_IN_I2S2_Init                       0x08000ead   Thumb Code    56  microphone.o(i.AUDIO_IN_I2S2_Init)
    AUDIO_IN_Init                            0x08000ee9   Thumb Code   148  microphone.o(i.AUDIO_IN_Init)
    AUDIO_IN_MspInit                         0x08000f8d   Thumb Code   214  microphone.o(i.AUDIO_IN_MspInit)
    AUDIO_IN_PDMDecoder_Init                 0x0800107d   Thumb Code   120  microphone.o(i.AUDIO_IN_PDMDecoder_Init)
    AUDIO_IN_PDMToPCM                        0x08001101   Thumb Code    38  microphone.o(i.AUDIO_IN_PDMToPCM)
    AUDIO_IN_Record                          0x0800112d   Thumb Code     8  microphone.o(i.AUDIO_IN_Record)
    AudioInTask                              0x08001135   Thumb Code   110  microphone.o(i.AudioInTask)
    BusFault_Handler                         0x080011b1   Thumb Code     2  stm32f4xx_it.o(i.BusFault_Handler)
    CRC_Lock                                 0x080011b5   Thumb Code    82  stm32_crc_lock.o(i.CRC_Lock)
    DMA1_Stream3_IRQHandler                  0x08002fcd   Thumb Code    10  stm32f4xx_it.o(i.DMA1_Stream3_IRQHandler)
    DMA1_Stream6_IRQHandler                  0x08002fdd   Thumb Code     6  stm32f4xx_it.o(i.DMA1_Stream6_IRQHandler)
    DebugMon_Handler                         0x0800308d   Thumb Code     2  stm32f4xx_it.o(i.DebugMon_Handler)
    EXTI0_IRQHandler                         0x0800308f   Thumb Code     6  stm32f4xx_it.o(i.EXTI0_IRQHandler)
    HAL_DMA_Abort_IT                         0x08003095   Thumb Code    36  stm32f4xx_hal_dma.o(i.HAL_DMA_Abort_IT)
    HAL_DMA_DeInit                           0x080030b9   Thumb Code    98  stm32f4xx_hal_dma.o(i.HAL_DMA_DeInit)
    HAL_DMA_IRQHandler                       0x0800311d   Thumb Code   412  stm32f4xx_hal_dma.o(i.HAL_DMA_IRQHandler)
    HAL_DMA_Init                             0x080032bd   Thumb Code   206  stm32f4xx_hal_dma.o(i.HAL_DMA_Init)
    HAL_DMA_Start_IT                         0x08003391   Thumb Code   110  stm32f4xx_hal_dma.o(i.HAL_DMA_Start_IT)
    HAL_GPIO_EXTI_Callback                   0x080033ff   Thumb Code     2  main.o(i.HAL_GPIO_EXTI_Callback)
    HAL_GPIO_EXTI_IRQHandler                 0x08003401   Thumb Code    18  stm32f4xx_hal_gpio.o(i.HAL_GPIO_EXTI_IRQHandler)
    HAL_GPIO_Init                            0x08003419   Thumb Code   394  stm32f4xx_hal_gpio.o(i.HAL_GPIO_Init)
    HAL_GPIO_TogglePin                       0x080035d1   Thumb Code    14  stm32f4xx_hal_gpio.o(i.HAL_GPIO_TogglePin)
    HAL_GPIO_WritePin                        0x080035df   Thumb Code    10  stm32f4xx_hal_gpio.o(i.HAL_GPIO_WritePin)
    HAL_GetTick                              0x080035e9   Thumb Code     6  stm32f4xx_hal.o(i.HAL_GetTick)
    HAL_I2SEx_FullDuplex_IRQHandler          0x080035f5   Thumb Code   492  stm32f4xx_hal_i2s_ex.o(i.HAL_I2SEx_FullDuplex_IRQHandler)
    HAL_I2SEx_TxRxCpltCallback               0x080037e9   Thumb Code     2  stm32f4xx_hal_i2s_ex.o(i.HAL_I2SEx_TxRxCpltCallback)
    HAL_I2S_ErrorCallback                    0x080037eb   Thumb Code     2  stm32f4xx_hal_i2s.o(i.HAL_I2S_ErrorCallback)
    HAL_I2S_GetState                         0x080037ed   Thumb Code     6  stm32f4xx_hal_i2s.o(i.HAL_I2S_GetState)
    HAL_I2S_Init                             0x080037f5   Thumb Code   390  stm32f4xx_hal_i2s.o(i.HAL_I2S_Init)
    HAL_I2S_MspInit                          0x08003991   Thumb Code   128  stm32f4xx_hal_msp.o(i.HAL_I2S_MspInit)
    HAL_I2S_Receive_DMA                      0x08003a21   Thumb Code   198  stm32f4xx_hal_i2s.o(i.HAL_I2S_Receive_DMA)
    HAL_I2S_RxCpltCallback                   0x08003af5   Thumb Code    88  microphone.o(i.HAL_I2S_RxCpltCallback)
    HAL_I2S_RxHalfCpltCallback               0x08003b59   Thumb Code    84  microphone.o(i.HAL_I2S_RxHalfCpltCallback)
    HAL_I2S_TxCpltCallback                   0x08003bb9   Thumb Code     2  stm32f4xx_hal_i2s.o(i.HAL_I2S_TxCpltCallback)
    HAL_IncTick                              0x08003bbd   Thumb Code    12  stm32f4xx_hal.o(i.HAL_IncTick)
    HAL_Init                                 0x08003bcd   Thumb Code    48  stm32f4xx_hal.o(i.HAL_Init)
    HAL_InitTick                             0x08003c01   Thumb Code   100  stm32f4xx_hal_timebase_tim.o(i.HAL_InitTick)
    HAL_MspInit                              0x08003c75   Thumb Code    52  stm32f4xx_hal_msp.o(i.HAL_MspInit)
    HAL_NVIC_EnableIRQ                       0x08003cad   Thumb Code    26  stm32f4xx_hal_cortex.o(i.HAL_NVIC_EnableIRQ)
    HAL_NVIC_SetPriority                     0x08003cc9   Thumb Code    60  stm32f4xx_hal_cortex.o(i.HAL_NVIC_SetPriority)
    HAL_NVIC_SetPriorityGrouping             0x08003d09   Thumb Code    26  stm32f4xx_hal_cortex.o(i.HAL_NVIC_SetPriorityGrouping)
    HAL_RCCEx_GetPeriphCLKConfig             0x08003d2d   Thumb Code    48  stm32f4xx_hal_rcc_ex.o(i.HAL_RCCEx_GetPeriphCLKConfig)
    HAL_RCCEx_GetPeriphCLKFreq               0x08003d61   Thumb Code    76  stm32f4xx_hal_rcc_ex.o(i.HAL_RCCEx_GetPeriphCLKFreq)
    HAL_RCCEx_PeriphCLKConfig                0x08003dbd   Thumb Code   296  stm32f4xx_hal_rcc_ex.o(i.HAL_RCCEx_PeriphCLKConfig)
    HAL_RCC_ClockConfig                      0x08003ef9   Thumb Code   288  stm32f4xx_hal_rcc.o(i.HAL_RCC_ClockConfig)
    HAL_RCC_GetClockConfig                   0x0800402d   Thumb Code    54  stm32f4xx_hal_rcc.o(i.HAL_RCC_GetClockConfig)
    HAL_RCC_GetPCLK2Freq                     0x0800406d   Thumb Code    20  stm32f4xx_hal_rcc.o(i.HAL_RCC_GetPCLK2Freq)
    HAL_RCC_GetSysClockFreq                  0x0800408d   Thumb Code    88  stm32f4xx_hal_rcc.o(i.HAL_RCC_GetSysClockFreq)
    HAL_RCC_OscConfig                        0x080040ed   Thumb Code   834  stm32f4xx_hal_rcc.o(i.HAL_RCC_OscConfig)
    HAL_TIMEx_BreakCallback                  0x08004449   Thumb Code     2  stm32f4xx_hal_tim_ex.o(i.HAL_TIMEx_BreakCallback)
    HAL_TIMEx_CommutCallback                 0x0800444b   Thumb Code     2  stm32f4xx_hal_tim_ex.o(i.HAL_TIMEx_CommutCallback)
    HAL_TIM_Base_Init                        0x0800444d   Thumb Code    54  stm32f4xx_hal_tim.o(i.HAL_TIM_Base_Init)
    HAL_TIM_Base_MspInit                     0x08004485   Thumb Code    30  stm32f4xx_hal_msp.o(i.HAL_TIM_Base_MspInit)
    HAL_TIM_Base_Start_IT                    0x080044ad   Thumb Code    34  stm32f4xx_hal_tim.o(i.HAL_TIM_Base_Start_IT)
    HAL_TIM_IC_CaptureCallback               0x080044cf   Thumb Code     2  stm32f4xx_hal_tim.o(i.HAL_TIM_IC_CaptureCallback)
    HAL_TIM_IRQHandler                       0x080044d1   Thumb Code   358  stm32f4xx_hal_tim.o(i.HAL_TIM_IRQHandler)
    HAL_TIM_OC_DelayElapsedCallback          0x08004637   Thumb Code     2  stm32f4xx_hal_tim.o(i.HAL_TIM_OC_DelayElapsedCallback)
    HAL_TIM_PWM_PulseFinishedCallback        0x08004639   Thumb Code     2  stm32f4xx_hal_tim.o(i.HAL_TIM_PWM_PulseFinishedCallback)
    HAL_TIM_PeriodElapsedCallback            0x0800463d   Thumb Code    14  main.o(i.HAL_TIM_PeriodElapsedCallback)
    HAL_TIM_TriggerCallback                  0x08004651   Thumb Code     2  stm32f4xx_hal_tim.o(i.HAL_TIM_TriggerCallback)
    HAL_UART_ErrorCallback                   0x08004653   Thumb Code     2  stm32f4xx_hal_uart.o(i.HAL_UART_ErrorCallback)
    HAL_UART_IRQHandler                      0x08004655   Thumb Code   270  stm32f4xx_hal_uart.o(i.HAL_UART_IRQHandler)
    HAL_UART_RxCpltCallback                  0x08004769   Thumb Code     2  stm32f4xx_hal_uart.o(i.HAL_UART_RxCpltCallback)
    HAL_UART_TxCpltCallback                  0x0800476b   Thumb Code     2  stm32f4xx_hal_uart.o(i.HAL_UART_TxCpltCallback)
    HardFault_Handler                        0x0800476d   Thumb Code     2  stm32f4xx_it.o(i.HardFault_Handler)
    MemManage_Handler                        0x08004a31   Thumb Code     2  stm32f4xx_it.o(i.MemManage_Handler)
    NMI_Handler                              0x08004a33   Thumb Code     2  stm32f4xx_it.o(i.NMI_Handler)
    PDM_Filter                               0x08004a35   Thumb Code    40  pdm_filter.o(i.PDM_Filter)
    PDM_Filter_Init                          0x08004a61   Thumb Code   280  pdm_filter.o(i.PDM_Filter_Init)
    PDM_Filter_setConfig                     0x08004b8d   Thumb Code   442  pdm_filter.o(i.PDM_Filter_setConfig)
    SysTick_Handler                          0x08004d9d   Thumb Code    38  port.o(i.SysTick_Handler)
    SystemClock_Config                       0x08004dc9   Thumb Code   148  main.o(i.SystemClock_Config)
    SystemInit                               0x08004e65   Thumb Code    22  system_stm32f4xx.o(i.SystemInit)
    TIM1_UP_TIM10_IRQHandler                 0x08004e81   Thumb Code     6  stm32f4xx_it.o(i.TIM1_UP_TIM10_IRQHandler)
    TIM_Base_SetConfig                       0x08004e8d   Thumb Code   156  stm32f4xx_hal_tim.o(i.TIM_Base_SetConfig)
    USART1_IRQHandler                        0x08005079   Thumb Code     6  stm32f4xx_it.o(i.USART1_IRQHandler)
    UsageFault_Handler                       0x08005085   Thumb Code     2  stm32f4xx_it.o(i.UsageFault_Handler)
    __ARM_fpclassifyf                        0x08005087   Thumb Code    38  fpclassifyf.o(i.__ARM_fpclassifyf)
    __hardfp_powf                            0x080050cd   Thumb Code  1606  powf.o(i.__hardfp_powf)
    __mathlib_powf                           0x080050cd   Thumb Code     0  powf.o(i.__hardfp_powf)
    __hardfp_roundf                          0x08005731   Thumb Code   154  roundf.o(i.__hardfp_roundf)
    __mathlib_flt_divzero                    0x080057cd   Thumb Code    14  funder.o(i.__mathlib_flt_divzero)
    __mathlib_flt_infnan2                    0x080057e1   Thumb Code     6  funder.o(i.__mathlib_flt_infnan2)
    __mathlib_flt_invalid                    0x080057e9   Thumb Code    10  funder.o(i.__mathlib_flt_invalid)
    __mathlib_flt_overflow                   0x080057f9   Thumb Code    10  funder.o(i.__mathlib_flt_overflow)
    __mathlib_flt_underflow                  0x08005809   Thumb Code    10  funder.o(i.__mathlib_flt_underflow)
    __scatterload_copy                       0x08005819   Thumb Code    14  handlers.o(i.__scatterload_copy)
    __scatterload_null                       0x08005827   Thumb Code     2  handlers.o(i.__scatterload_null)
    __scatterload_zeroinit                   0x08005829   Thumb Code    14  handlers.o(i.__scatterload_zeroinit)
    __set_errno                              0x08005839   Thumb Code     6  errno.o(i.__set_errno)
    main                                     0x08005851   Thumb Code    70  main.o(i.main)
    osKernelStart                            0x080058ad   Thumb Code    10  cmsis_os.o(i.osKernelStart)
    osMutexCreate                            0x080058b7   Thumb Code    16  cmsis_os.o(i.osMutexCreate)
    osMutexRelease                           0x080058c9   Thumb Code    74  cmsis_os.o(i.osMutexRelease)
    osMutexWait                              0x08005919   Thumb Code    96  cmsis_os.o(i.osMutexWait)
    osSemaphoreCreate                        0x0800597d   Thumb Code    62  cmsis_os.o(i.osSemaphoreCreate)
    osSemaphoreRelease                       0x080059bd   Thumb Code    74  cmsis_os.o(i.osSemaphoreRelease)
    osSemaphoreWait                          0x08005a0d   Thumb Code    96  cmsis_os.o(i.osSemaphoreWait)
    osThreadCreate                           0x08005a71   Thumb Code    84  cmsis_os.o(i.osThreadCreate)
    proccesing_init                          0x08005ac5   Thumb Code    46  processing.o(i.proccesing_init)
    pvPortMalloc                             0x08005f89   Thumb Code   210  heap_4.o(i.pvPortMalloc)
    pvTaskIncrementMutexHeldCount            0x08006061   Thumb Code    18  tasks.o(i.pvTaskIncrementMutexHeldCount)
    pxPortInitialiseStack                    0x08006079   Thumb Code    40  port.o(i.pxPortInitialiseStack)
    signalProcTask                           0x080060a5   Thumb Code   178  processing.o(i.signalProcTask)
    uxListRemove                             0x08006171   Thumb Code    38  list.o(i.uxListRemove)
    vApplicationGetIdleTaskMemory            0x08006199   Thumb Code    16  freertos.o(i.vApplicationGetIdleTaskMemory)
    vListInitialise                          0x080061ad   Thumb Code    22  list.o(i.vListInitialise)
    vListInitialiseItem                      0x080061c3   Thumb Code     6  list.o(i.vListInitialiseItem)
    vListInsert                              0x080061c9   Thumb Code    48  list.o(i.vListInsert)
    vListInsertEnd                           0x080061f9   Thumb Code    24  list.o(i.vListInsertEnd)
    vPortEnterCritical                       0x08006211   Thumb Code    54  port.o(i.vPortEnterCritical)
    vPortExitCritical                        0x08006251   Thumb Code    34  port.o(i.vPortExitCritical)
    vPortFree                                0x08006279   Thumb Code    88  heap_4.o(i.vPortFree)
    vPortSetupTimerInterrupt                 0x080062d5   Thumb Code    32  port.o(i.vPortSetupTimerInterrupt)
    vPortValidateInterruptPriority           0x080062f9   Thumb Code    74  port.o(i.vPortValidateInterruptPriority)
    vTaskInternalSetTimeOutState             0x0800634d   Thumb Code    12  tasks.o(i.vTaskInternalSetTimeOutState)
    vTaskMissedYield                         0x0800635d   Thumb Code     8  tasks.o(i.vTaskMissedYield)
    vTaskPlaceOnEventList                    0x08006369   Thumb Code    44  tasks.o(i.vTaskPlaceOnEventList)
    vTaskPriorityDisinheritAfterTimeout      0x08006399   Thumb Code   160  tasks.o(i.vTaskPriorityDisinheritAfterTimeout)
    vTaskStartScheduler                      0x08006441   Thumb Code    90  tasks.o(i.vTaskStartScheduler)
    vTaskSuspendAll                          0x080064ad   Thumb Code    10  tasks.o(i.vTaskSuspendAll)
    vTaskSwitchContext                       0x080064bd   Thumb Code    82  tasks.o(i.vTaskSwitchContext)
    xPortStartScheduler                      0x08006519   Thumb Code   222  port.o(i.xPortStartScheduler)
    xQueueCreateMutex                        0x0800660d   Thumb Code    22  queue.o(i.xQueueCreateMutex)
    xQueueCreateMutexStatic                  0x08006623   Thumb Code    26  queue.o(i.xQueueCreateMutexStatic)
    xQueueGenericCreate                      0x0800663d   Thumb Code    72  queue.o(i.xQueueGenericCreate)
    xQueueGenericCreateStatic                0x08006685   Thumb Code   102  queue.o(i.xQueueGenericCreateStatic)
    xQueueGenericReset                       0x080066ed   Thumb Code   132  queue.o(i.xQueueGenericReset)
    xQueueGenericSend                        0x08006775   Thumb Code   346  queue.o(i.xQueueGenericSend)
    xQueueGiveFromISR                        0x080068d5   Thumb Code   156  queue.o(i.xQueueGiveFromISR)
    xQueueReceive                            0x08006971   Thumb Code   308  queue.o(i.xQueueReceive)
    xQueueReceiveFromISR                     0x08006aa9   Thumb Code   154  queue.o(i.xQueueReceiveFromISR)
    xQueueSemaphoreTake                      0x08006b45   Thumb Code   372  queue.o(i.xQueueSemaphoreTake)
    xTaskCheckForTimeOut                     0x08006cbd   Thumb Code   112  tasks.o(i.xTaskCheckForTimeOut)
    xTaskCreate                              0x08006d31   Thumb Code    90  tasks.o(i.xTaskCreate)
    xTaskCreateStatic                        0x08006d8b   Thumb Code    86  tasks.o(i.xTaskCreateStatic)
    xTaskGetSchedulerState                   0x08006de1   Thumb Code    22  tasks.o(i.xTaskGetSchedulerState)
    xTaskIncrementTick                       0x08006dfd   Thumb Code   192  tasks.o(i.xTaskIncrementTick)
    xTaskPriorityDisinherit                  0x08006ec5   Thumb Code   144  tasks.o(i.xTaskPriorityDisinherit)
    xTaskPriorityInherit                     0x08006f5d   Thumb Code   138  tasks.o(i.xTaskPriorityInherit)
    xTaskRemoveFromEventList                 0x08006ff1   Thumb Code   108  tasks.o(i.xTaskRemoveFromEventList)
    xTaskResumeAll                           0x08007065   Thumb Code   182  tasks.o(i.xTaskResumeAll)
    AHBPrescTable                            0x08007130   Data          16  system_stm32f4xx.o(.constdata)
    APBPrescTable                            0x08007140   Data           8  system_stm32f4xx.o(.constdata)
    armBitRevTable                           0x08007180   Data        2048  arm_common_tables.o(.constdata)
    twiddleCoef_4096_q15                     0x08007980   Data       12288  arm_common_tables.o(.constdata)
    Region$$Table$$Base                      0x0800aad8   Number         0  anon$$obj.o(Region$$Table)
    Region$$Table$$Limit                     0x0800aaf8   Number         0  anon$$obj.o(Region$$Table)
    sAudio                                   0x20000000   Data           8  main.o(.data)
    uwTickFreq                               0x20000008   Data           1  stm32f4xx_hal.o(.data)
    uwTickPrio                               0x2000000c   Data           4  stm32f4xx_hal.o(.data)
    uwTick                                   0x20000010   Data           4  stm32f4xx_hal.o(.data)
    i2sdiv                                   0x20000014   Data           4  stm32f4xx_hal_i2s.o(.data)
    i2sodd                                   0x20000018   Data           4  stm32f4xx_hal_i2s.o(.data)
    packetlength                             0x2000001c   Data           4  stm32f4xx_hal_i2s.o(.data)
    tmp                                      0x20000020   Data           4  stm32f4xx_hal_i2s.o(.data)
    i2sclk                                   0x20000024   Data           4  stm32f4xx_hal_i2s.o(.data)
    SystemCoreClock                          0x20000028   Data           4  system_stm32f4xx.o(.data)
    pxCurrentTCB                             0x2000002c   Data           4  tasks.o(.data)
    ITCounter                                0x2000008c   Data           4  microphone.o(.data)
    AudioBuffOffset                          0x20000090   Data           4  microphone.o(.data)
    maxValue                                 0x20000094   Data           2  processing.o(.data)
    nb_cycles                                0x20000098   Data           4  processing.o(.data)
    duration_us                              0x2000009c   Data           4  processing.o(.data)
    katsayi                                  0x200000a0   Data           4  processing.o(.data)
    maxIndex                                 0x200000a4   Data           4  processing.o(.data)
    res                                      0x200000a8   Data           4  processing.o(.data)
    hdma_dac2                                0x200004b4   Data          96  main.o(.bss)
    huart1                                   0x20000514   Data          64  main.o(.bss)
    htim1                                    0x200007a8   Data          64  stm32f4xx_hal_timebase_tim.o(.bss)
    PDM_FilterHandler                        0x20004538   Data         152  microphone.o(.bss)
    PDM_FilterConfig                         0x200045d0   Data          12  microphone.o(.bss)
    WrBuffer                                 0x200046fc   Data        8192  microphone.o(.bss)
    aFFT_Input_Q15                           0x200066fc   Data        4096  processing.o(.bss)
    FFT_Output_Q15                           0x200076fc   Data        2048  processing.o(.bss)
    __initial_sp                             0x2000bf00   Data           0  startup_stm32f407xx.o(STACK)



==============================================================================

Memory Map of the image

  Image Entry point : 0x08000189

  Load Region LR_IROM1 (Base: 0x08000000, Size: 0x0000afac, Max: 0x00100000, ABSOLUTE, COMPRESSED[0x0000af08])

    Execution Region ER_IROM1 (Base: 0x08000000, Size: 0x0000aaf8, Max: 0x00100000, ABSOLUTE)

    Base Addr    Size         Type   Attr      Idx    E Section Name        Object

    0x08000000   0x00000188   Data   RO            3    RESET               startup_stm32f407xx.o
    0x08000188   0x00000000   Code   RO         5620  * .ARM.Collect$$$$00000000  mc_w.l(entry.o)
    0x08000188   0x00000004   Code   RO         5649    .ARM.Collect$$$$00000001  mc_w.l(entry2.o)
    0x0800018c   0x00000004   Code   RO         5652    .ARM.Collect$$$$00000004  mc_w.l(entry5.o)
    0x08000190   0x00000000   Code   RO         5654    .ARM.Collect$$$$00000008  mc_w.l(entry7b.o)
    0x08000190   0x00000000   Code   RO         5656    .ARM.Collect$$$$0000000A  mc_w.l(entry8b.o)
    0x08000190   0x00000008   Code   RO         5657    .ARM.Collect$$$$0000000B  mc_w.l(entry9a.o)
    0x08000198   0x00000000   Code   RO         5659    .ARM.Collect$$$$0000000D  mc_w.l(entry10a.o)
    0x08000198   0x00000000   Code   RO         5661    .ARM.Collect$$$$0000000F  mc_w.l(entry11a.o)
    0x08000198   0x00000004   Code   RO         5650    .ARM.Collect$$$$00002712  mc_w.l(entry2.o)
    0x0800019c   0x000000be   Code   RO         5053    .emb_text           port.o
    0x0800025a   0x00000002   PAD
    0x0800025c   0x00000004   Code   RO         5275    .rev16_text         libPDMFilter_CM4_Keil_wc16.lib(pdm_filter.o)
    0x08000260   0x00000024   Code   RO            4    .text               startup_stm32f407xx.o
    0x08000284   0x00000086   Code   RO         5321    .text               arm_cortexM4lf_math.lib(arm_cmplx_mag_q15.o)
    0x0800030a   0x00000002   PAD
    0x0800030c   0x00000088   Code   RO         5373    .text               arm_cortexM4lf_math.lib(arm_cfft_radix4_init_q15.o)
    0x08000394   0x000004de   Code   RO         5401    .text               arm_cortexM4lf_math.lib(arm_cfft_radix4_q15.o)
    0x08000872   0x00000002   PAD
    0x08000874   0x0000009a   Code   RO         5425    .text               arm_cortexM4lf_math.lib(arm_max_q15.o)
    0x0800090e   0x00000098   Code   RO         5449    .text               arm_cortexM4lf_math.lib(arm_copy_q15.o)
    0x080009a6   0x00000002   PAD
    0x080009a8   0x000000f8   Code   RO         5475    .text               arm_cortexM4lf_math.lib(arm_sqrt_q15.o)
    0x08000aa0   0x000001d6   Code   RO         5499    .text               arm_cortexM4lf_math.lib(arm_bitreversal.o)
    0x08000c76   0x00000062   Code   RO         5623    .text               mc_w.l(uldiv.o)
    0x08000cd8   0x00000024   Code   RO         5625    .text               mc_w.l(memcpya.o)
    0x08000cfc   0x00000024   Code   RO         5629    .text               mc_w.l(memseta.o)
    0x08000d20   0x0000001e   Code   RO         5663    .text               mc_w.l(llshl.o)
    0x08000d3e   0x00000020   Code   RO         5665    .text               mc_w.l(llushr.o)
    0x08000d5e   0x00000000   Code   RO         5674    .text               mc_w.l(iusefp.o)
    0x08000d5e   0x0000003c   Code   RO         5675    .text               mf_w.l(frnd.o)
    0x08000d9a   0x00000004   Code   RO         5677    .text               mf_w.l(fpstat.o)
    0x08000d9e   0x00000002   PAD
    0x08000da0   0x00000024   Code   RO         5679    .text               mc_w.l(init.o)
    0x08000dc4   0x0000006e   Code   RO         5681    .text               mf_w.l(fepilogue.o)
    0x08000e32   0x0000005e   Code   RO         5691    .text               mc_w.l(__dclz77c.o)
    0x08000e90   0x0000001c   Code   RO         5133    i.AUDIO_IN_ClockConfig  microphone.o
    0x08000eac   0x0000003c   Code   RO         5134    i.AUDIO_IN_I2S2_Init  microphone.o
    0x08000ee8   0x000000a4   Code   RO         5135    i.AUDIO_IN_Init     microphone.o
    0x08000f8c   0x000000f0   Code   RO         5136    i.AUDIO_IN_MspInit  microphone.o
    0x0800107c   0x00000084   Code   RO         5137    i.AUDIO_IN_PDMDecoder_Init  microphone.o
    0x08001100   0x0000002c   Code   RO         5138    i.AUDIO_IN_PDMToPCM  microphone.o
    0x0800112c   0x00000008   Code   RO         5139    i.AUDIO_IN_Record   microphone.o
    0x08001134   0x0000007c   Code   RO         5140    i.AudioInTask       microphone.o
    0x080011b0   0x00000002   Code   RO          294    i.BusFault_Handler  stm32f4xx_it.o
    0x080011b2   0x00000002   PAD
    0x080011b4   0x0000006c   Code   RO         5470    i.CRC_Lock          libPDMFilter_CM4_Keil_wc16.lib(stm32_crc_lock.o)
    0x08001220   0x000003a4   Code   RO         5278    i.D128_1CH_HTONS_VOL_HP  libPDMFilter_CM4_Keil_wc16.lib(pdm_filter.o)
    0x080015c4   0x00000464   Code   RO         5279    i.D128_GENERIC      libPDMFilter_CM4_Keil_wc16.lib(pdm_filter.o)
    0x08001a28   0x000000e4   Code   RO         5280    i.D16_1CH_HTONS_VOL_HP  libPDMFilter_CM4_Keil_wc16.lib(pdm_filter.o)
    0x08001b0c   0x00000110   Code   RO         5281    i.D16_GENERIC       libPDMFilter_CM4_Keil_wc16.lib(pdm_filter.o)
    0x08001c1c   0x00000144   Code   RO         5282    i.D24_1CH_HTONS_VOL_HP  libPDMFilter_CM4_Keil_wc16.lib(pdm_filter.o)
    0x08001d60   0x00000184   Code   RO         5283    i.D24_GENERIC       libPDMFilter_CM4_Keil_wc16.lib(pdm_filter.o)
    0x08001ee4   0x0000014c   Code   RO         5284    i.D32_1CH_HTONS_VOL_HP  libPDMFilter_CM4_Keil_wc16.lib(pdm_filter.o)
    0x08002030   0x00000188   Code   RO         5285    i.D32_GENERIC       libPDMFilter_CM4_Keil_wc16.lib(pdm_filter.o)
    0x080021b8   0x000001c8   Code   RO         5286    i.D48_1CH_HTONS_VOL_HP  libPDMFilter_CM4_Keil_wc16.lib(pdm_filter.o)
    0x08002380   0x0000021c   Code   RO         5287    i.D48_GENERIC       libPDMFilter_CM4_Keil_wc16.lib(pdm_filter.o)
    0x0800259c   0x00000224   Code   RO         5288    i.D64_1CH_HTONS_VOL_HP  libPDMFilter_CM4_Keil_wc16.lib(pdm_filter.o)
    0x080027c0   0x00000254   Code   RO         5289    i.D64_GENERIC       libPDMFilter_CM4_Keil_wc16.lib(pdm_filter.o)
    0x08002a14   0x00000298   Code   RO         5290    i.D80_1CH_HTONS_VOL_HP  libPDMFilter_CM4_Keil_wc16.lib(pdm_filter.o)
    0x08002cac   0x00000320   Code   RO         5291    i.D80_GENERIC       libPDMFilter_CM4_Keil_wc16.lib(pdm_filter.o)
    0x08002fcc   0x00000010   Code   RO          295    i.DMA1_Stream3_IRQHandler  stm32f4xx_it.o
    0x08002fdc   0x0000000c   Code   RO          296    i.DMA1_Stream6_IRQHandler  stm32f4xx_it.o
    0x08002fe8   0x00000028   Code   RO         1190    i.DMA_CalcBaseAndBitshift  stm32f4xx_hal_dma.o
    0x08003010   0x00000054   Code   RO         1191    i.DMA_CheckFifoParam  stm32f4xx_hal_dma.o
    0x08003064   0x00000028   Code   RO         1192    i.DMA_SetConfig     stm32f4xx_hal_dma.o
    0x0800308c   0x00000002   Code   RO          297    i.DebugMon_Handler  stm32f4xx_it.o
    0x0800308e   0x00000006   Code   RO          298    i.EXTI0_IRQHandler  stm32f4xx_it.o
    0x08003094   0x00000024   Code   RO         1194    i.HAL_DMA_Abort_IT  stm32f4xx_hal_dma.o
    0x080030b8   0x00000062   Code   RO         1195    i.HAL_DMA_DeInit    stm32f4xx_hal_dma.o
    0x0800311a   0x00000002   PAD
    0x0800311c   0x000001a0   Code   RO         1198    i.HAL_DMA_IRQHandler  stm32f4xx_hal_dma.o
    0x080032bc   0x000000d4   Code   RO         1199    i.HAL_DMA_Init      stm32f4xx_hal_dma.o
    0x08003390   0x0000006e   Code   RO         1203    i.HAL_DMA_Start_IT  stm32f4xx_hal_dma.o
    0x080033fe   0x00000002   Code   RO           14    i.HAL_GPIO_EXTI_Callback  main.o
    0x08003400   0x00000018   Code   RO         1085    i.HAL_GPIO_EXTI_IRQHandler  stm32f4xx_hal_gpio.o
    0x08003418   0x000001b8   Code   RO         1086    i.HAL_GPIO_Init     stm32f4xx_hal_gpio.o
    0x080035d0   0x0000000e   Code   RO         1089    i.HAL_GPIO_TogglePin  stm32f4xx_hal_gpio.o
    0x080035de   0x0000000a   Code   RO         1090    i.HAL_GPIO_WritePin  stm32f4xx_hal_gpio.o
    0x080035e8   0x0000000c   Code   RO         1618    i.HAL_GetTick       stm32f4xx_hal.o
    0x080035f4   0x000001f4   Code   RO         2490    i.HAL_I2SEx_FullDuplex_IRQHandler  stm32f4xx_hal_i2s_ex.o
    0x080037e8   0x00000002   Code   RO         2494    i.HAL_I2SEx_TxRxCpltCallback  stm32f4xx_hal_i2s_ex.o
    0x080037ea   0x00000002   Code   RO         2312    i.HAL_I2S_ErrorCallback  stm32f4xx_hal_i2s.o
    0x080037ec   0x00000006   Code   RO         2314    i.HAL_I2S_GetState  stm32f4xx_hal_i2s.o
    0x080037f2   0x00000002   PAD
    0x080037f4   0x0000019c   Code   RO         2316    i.HAL_I2S_Init      stm32f4xx_hal_i2s.o
    0x08003990   0x00000090   Code   RO          387    i.HAL_I2S_MspInit   stm32f4xx_hal_msp.o
    0x08003a20   0x000000d4   Code   RO         2320    i.HAL_I2S_Receive_DMA  stm32f4xx_hal_i2s.o
    0x08003af4   0x00000064   Code   RO         5141    i.HAL_I2S_RxCpltCallback  microphone.o
    0x08003b58   0x00000060   Code   RO         5142    i.HAL_I2S_RxHalfCpltCallback  microphone.o
    0x08003bb8   0x00000002   Code   RO         2327    i.HAL_I2S_TxCpltCallback  stm32f4xx_hal_i2s.o
    0x08003bba   0x00000002   PAD
    0x08003bbc   0x00000010   Code   RO         1624    i.HAL_IncTick       stm32f4xx_hal.o
    0x08003bcc   0x00000034   Code   RO         1625    i.HAL_Init          stm32f4xx_hal.o
    0x08003c00   0x00000074   Code   RO          467    i.HAL_InitTick      stm32f4xx_hal_timebase_tim.o
    0x08003c74   0x00000038   Code   RO          388    i.HAL_MspInit       stm32f4xx_hal_msp.o
    0x08003cac   0x0000001a   Code   RO         1475    i.HAL_NVIC_EnableIRQ  stm32f4xx_hal_cortex.o
    0x08003cc6   0x00000002   PAD
    0x08003cc8   0x00000040   Code   RO         1481    i.HAL_NVIC_SetPriority  stm32f4xx_hal_cortex.o
    0x08003d08   0x00000024   Code   RO         1482    i.HAL_NVIC_SetPriorityGrouping  stm32f4xx_hal_cortex.o
    0x08003d2c   0x00000034   Code   RO          835    i.HAL_RCCEx_GetPeriphCLKConfig  stm32f4xx_hal_rcc_ex.o
    0x08003d60   0x0000005c   Code   RO          836    i.HAL_RCCEx_GetPeriphCLKFreq  stm32f4xx_hal_rcc_ex.o
    0x08003dbc   0x0000013c   Code   RO          837    i.HAL_RCCEx_PeriphCLKConfig  stm32f4xx_hal_rcc_ex.o
    0x08003ef8   0x00000134   Code   RO          732    i.HAL_RCC_ClockConfig  stm32f4xx_hal_rcc.o
    0x0800402c   0x00000040   Code   RO          736    i.HAL_RCC_GetClockConfig  stm32f4xx_hal_rcc.o
    0x0800406c   0x00000020   Code   RO          740    i.HAL_RCC_GetPCLK2Freq  stm32f4xx_hal_rcc.o
    0x0800408c   0x00000060   Code   RO          741    i.HAL_RCC_GetSysClockFreq  stm32f4xx_hal_rcc.o
    0x080040ec   0x0000035c   Code   RO          744    i.HAL_RCC_OscConfig  stm32f4xx_hal_rcc.o
    0x08004448   0x00000002   Code   RO         3251    i.HAL_TIMEx_BreakCallback  stm32f4xx_hal_tim_ex.o
    0x0800444a   0x00000002   Code   RO         3252    i.HAL_TIMEx_CommutCallback  stm32f4xx_hal_tim_ex.o
    0x0800444c   0x00000036   Code   RO         2576    i.HAL_TIM_Base_Init  stm32f4xx_hal_tim.o
    0x08004482   0x00000002   PAD
    0x08004484   0x00000028   Code   RO          390    i.HAL_TIM_Base_MspInit  stm32f4xx_hal_msp.o
    0x080044ac   0x00000022   Code   RO         2581    i.HAL_TIM_Base_Start_IT  stm32f4xx_hal_tim.o
    0x080044ce   0x00000002   Code   RO         2605    i.HAL_TIM_IC_CaptureCallback  stm32f4xx_hal_tim.o
    0x080044d0   0x00000166   Code   RO         2619    i.HAL_TIM_IRQHandler  stm32f4xx_hal_tim.o
    0x08004636   0x00000002   Code   RO         2622    i.HAL_TIM_OC_DelayElapsedCallback  stm32f4xx_hal_tim.o
    0x08004638   0x00000002   Code   RO         2649    i.HAL_TIM_PWM_PulseFinishedCallback  stm32f4xx_hal_tim.o
    0x0800463a   0x00000002   PAD
    0x0800463c   0x00000014   Code   RO           15    i.HAL_TIM_PeriodElapsedCallback  main.o
    0x08004650   0x00000002   Code   RO         2662    i.HAL_TIM_TriggerCallback  stm32f4xx_hal_tim.o
    0x08004652   0x00000002   Code   RO         3523    i.HAL_UART_ErrorCallback  stm32f4xx_hal_uart.o
    0x08004654   0x00000114   Code   RO         3526    i.HAL_UART_IRQHandler  stm32f4xx_hal_uart.o
    0x08004768   0x00000002   Code   RO         3533    i.HAL_UART_RxCpltCallback  stm32f4xx_hal_uart.o
    0x0800476a   0x00000002   Code   RO         3538    i.HAL_UART_TxCpltCallback  stm32f4xx_hal_uart.o
    0x0800476c   0x00000002   Code   RO          299    i.HardFault_Handler  stm32f4xx_it.o
    0x0800476e   0x00000002   PAD
    0x08004770   0x00000060   Code   RO         2497    i.I2SEx_RxISR_I2SExt  stm32f4xx_hal_i2s_ex.o
    0x080047d0   0x00000060   Code   RO         2498    i.I2SEx_TxISR_I2SExt  stm32f4xx_hal_i2s_ex.o
    0x08004830   0x00000028   Code   RO         2329    i.I2S_DMAError      stm32f4xx_hal_i2s.o
    0x08004858   0x00000024   Code   RO         2330    i.I2S_DMARxCplt     stm32f4xx_hal_i2s.o
    0x0800487c   0x0000000a   Code   RO         2331    i.I2S_DMARxHalfCplt  stm32f4xx_hal_i2s.o
    0x08004886   0x000000f2   Code   RO         2334    i.I2S_IRQHandler    stm32f4xx_hal_i2s.o
    0x08004978   0x000000b8   Code   RO           16    i.MX_GPIO_Init      main.o
    0x08004a30   0x00000002   Code   RO          300    i.MemManage_Handler  stm32f4xx_it.o
    0x08004a32   0x00000002   Code   RO          301    i.NMI_Handler       stm32f4xx_it.o
    0x08004a34   0x0000002c   Code   RO         5292    i.PDM_Filter        libPDMFilter_CM4_Keil_wc16.lib(pdm_filter.o)
    0x08004a60   0x0000012c   Code   RO         5293    i.PDM_Filter_Init   libPDMFilter_CM4_Keil_wc16.lib(pdm_filter.o)
    0x08004b8c   0x00000210   Code   RO         5295    i.PDM_Filter_setConfig  libPDMFilter_CM4_Keil_wc16.lib(pdm_filter.o)
    0x08004d9c   0x0000002c   Code   RO         5054    i.SysTick_Handler   port.o
    0x08004dc8   0x0000009c   Code   RO           17    i.SystemClock_Config  main.o
    0x08004e64   0x0000001c   Code   RO         3829    i.SystemInit        system_stm32f4xx.o
    0x08004e80   0x0000000c   Code   RO          302    i.TIM1_UP_TIM10_IRQHandler  stm32f4xx_it.o
    0x08004e8c   0x000000c8   Code   RO         2664    i.TIM_Base_SetConfig  stm32f4xx_hal_tim.o
    0x08004f54   0x00000010   Code   RO         3540    i.UART_DMAAbortOnError  stm32f4xx_hal_uart.o
    0x08004f64   0x0000001c   Code   RO         3550    i.UART_EndRxTransfer  stm32f4xx_hal_uart.o
    0x08004f80   0x00000096   Code   RO         3552    i.UART_Receive_IT   stm32f4xx_hal_uart.o
    0x08005016   0x00000062   Code   RO         3554    i.UART_Transmit_IT  stm32f4xx_hal_uart.o
    0x08005078   0x0000000c   Code   RO          303    i.USART1_IRQHandler  stm32f4xx_it.o
    0x08005084   0x00000002   Code   RO          304    i.UsageFault_Handler  stm32f4xx_it.o
    0x08005086   0x00000026   Code   RO         5633    i.__ARM_fpclassifyf  m_wm.l(fpclassifyf.o)
    0x080050ac   0x00000020   Code   RO         1488    i.__NVIC_SetPriority  stm32f4xx_hal_cortex.o
    0x080050cc   0x00000664   Code   RO         5602    i.__hardfp_powf     m_wm.l(powf.o)
    0x08005730   0x0000009a   Code   RO         5616    i.__hardfp_roundf   m_wm.l(roundf.o)
    0x080057ca   0x00000002   PAD
    0x080057cc   0x00000014   Code   RO         5635    i.__mathlib_flt_divzero  m_wm.l(funder.o)
    0x080057e0   0x00000006   Code   RO         5637    i.__mathlib_flt_infnan2  m_wm.l(funder.o)
    0x080057e6   0x00000002   PAD
    0x080057e8   0x00000010   Code   RO         5638    i.__mathlib_flt_invalid  m_wm.l(funder.o)
    0x080057f8   0x00000010   Code   RO         5639    i.__mathlib_flt_overflow  m_wm.l(funder.o)
    0x08005808   0x00000010   Code   RO         5641    i.__mathlib_flt_underflow  m_wm.l(funder.o)
    0x08005818   0x0000000e   Code   RO         5685    i.__scatterload_copy  mc_w.l(handlers.o)
    0x08005826   0x00000002   Code   RO         5686    i.__scatterload_null  mc_w.l(handlers.o)
    0x08005828   0x0000000e   Code   RO         5687    i.__scatterload_zeroinit  mc_w.l(handlers.o)
    0x08005836   0x00000002   PAD
    0x08005838   0x0000000c   Code   RO         5669    i.__set_errno       mc_w.l(errno.o)
    0x08005844   0x0000000c   Code   RO         4623    i.inHandlerMode     cmsis_os.o
    0x08005850   0x00000050   Code   RO           18    i.main              main.o
    0x080058a0   0x0000000c   Code   RO         4625    i.makeFreeRtosPriority  cmsis_os.o
    0x080058ac   0x0000000a   Code   RO         4630    i.osKernelStart     cmsis_os.o
    0x080058b6   0x00000010   Code   RO         4645    i.osMutexCreate     cmsis_os.o
    0x080058c6   0x00000002   PAD
    0x080058c8   0x00000050   Code   RO         4647    i.osMutexRelease    cmsis_os.o
    0x08005918   0x00000064   Code   RO         4648    i.osMutexWait       cmsis_os.o
    0x0800597c   0x0000003e   Code   RO         4656    i.osSemaphoreCreate  cmsis_os.o
    0x080059ba   0x00000002   PAD
    0x080059bc   0x00000050   Code   RO         4659    i.osSemaphoreRelease  cmsis_os.o
    0x08005a0c   0x00000064   Code   RO         4660    i.osSemaphoreWait   cmsis_os.o
    0x08005a70   0x00000054   Code   RO         4664    i.osThreadCreate    cmsis_os.o
    0x08005ac4   0x00000038   Code   RO         5232    i.proccesing_init   processing.o
    0x08005afc   0x00000070   Code   RO         4322    i.prvAddCurrentTaskToDelayedList  tasks.o
    0x08005b6c   0x000000d0   Code   RO         4323    i.prvAddNewTaskToReadyList  tasks.o
    0x08005c3c   0x00000026   Code   RO         4007    i.prvCopyDataFromQueue  queue.o
    0x08005c62   0x0000006c   Code   RO         4008    i.prvCopyDataToQueue  queue.o
    0x08005cce   0x00000034   Code   RO         4324    i.prvDeleteTCB      tasks.o
    0x08005d02   0x00000002   PAD
    0x08005d04   0x0000004c   Code   RO         4992    i.prvHeapInit       heap_4.o
    0x08005d50   0x00000060   Code   RO         4325    i.prvIdleTask       tasks.o
    0x08005db0   0x00000016   Code   RO         4009    i.prvInitialiseMutex  queue.o
    0x08005dc6   0x00000016   Code   RO         4010    i.prvInitialiseNewQueue  queue.o
    0x08005ddc   0x0000008e   Code   RO         4326    i.prvInitialiseNewTask  tasks.o
    0x08005e6a   0x00000002   PAD
    0x08005e6c   0x0000004c   Code   RO         4993    i.prvInsertBlockIntoFreeList  heap_4.o
    0x08005eb8   0x0000001c   Code   RO         4011    i.prvIsQueueEmpty   queue.o
    0x08005ed4   0x00000020   Code   RO         4327    i.prvResetNextTaskUnblockTime  tasks.o
    0x08005ef4   0x00000028   Code   RO         5055    i.prvTaskExitError  port.o
    0x08005f1c   0x0000006a   Code   RO         4012    i.prvUnlockQueue    queue.o
    0x08005f86   0x00000002   PAD
    0x08005f88   0x000000d8   Code   RO         4994    i.pvPortMalloc      heap_4.o
    0x08006060   0x00000018   Code   RO         4329    i.pvTaskIncrementMutexHeldCount  tasks.o
    0x08006078   0x0000002c   Code   RO         5056    i.pxPortInitialiseStack  port.o
    0x080060a4   0x000000cc   Code   RO         5233    i.signalProcTask    processing.o
    0x08006170   0x00000026   Code   RO         3967    i.uxListRemove      list.o
    0x08006196   0x00000002   PAD
    0x08006198   0x00000014   Code   RO          248    i.vApplicationGetIdleTaskMemory  freertos.o
    0x080061ac   0x00000016   Code   RO         3968    i.vListInitialise   list.o
    0x080061c2   0x00000006   Code   RO         3969    i.vListInitialiseItem  list.o
    0x080061c8   0x00000030   Code   RO         3970    i.vListInsert       list.o
    0x080061f8   0x00000018   Code   RO         3971    i.vListInsertEnd    list.o
    0x08006210   0x00000040   Code   RO         5058    i.vPortEnterCritical  port.o
    0x08006250   0x00000028   Code   RO         5059    i.vPortExitCritical  port.o
    0x08006278   0x0000005c   Code   RO         4995    i.vPortFree         heap_4.o
    0x080062d4   0x00000024   Code   RO         5060    i.vPortSetupTimerInterrupt  port.o
    0x080062f8   0x00000054   Code   RO         5061    i.vPortValidateInterruptPriority  port.o
    0x0800634c   0x00000010   Code   RO         4338    i.vTaskInternalSetTimeOutState  tasks.o
    0x0800635c   0x0000000c   Code   RO         4339    i.vTaskMissedYield  tasks.o
    0x08006368   0x00000030   Code   RO         4341    i.vTaskPlaceOnEventList  tasks.o
    0x08006398   0x000000a8   Code   RO         4343    i.vTaskPriorityDisinheritAfterTimeout  tasks.o
    0x08006440   0x0000006c   Code   RO         4348    i.vTaskStartScheduler  tasks.o
    0x080064ac   0x00000010   Code   RO         4350    i.vTaskSuspendAll   tasks.o
    0x080064bc   0x0000005c   Code   RO         4351    i.vTaskSwitchContext  tasks.o
    0x08006518   0x000000f4   Code   RO         5062    i.xPortStartScheduler  port.o
    0x0800660c   0x00000016   Code   RO         4019    i.xQueueCreateMutex  queue.o
    0x08006622   0x0000001a   Code   RO         4020    i.xQueueCreateMutexStatic  queue.o
    0x0800663c   0x00000048   Code   RO         4021    i.xQueueGenericCreate  queue.o
    0x08006684   0x00000066   Code   RO         4022    i.xQueueGenericCreateStatic  queue.o
    0x080066ea   0x00000002   PAD
    0x080066ec   0x00000088   Code   RO         4023    i.xQueueGenericReset  queue.o
    0x08006774   0x00000160   Code   RO         4024    i.xQueueGenericSend  queue.o
    0x080068d4   0x0000009c   Code   RO         4026    i.xQueueGiveFromISR  queue.o
    0x08006970   0x00000138   Code   RO         4031    i.xQueueReceive     queue.o
    0x08006aa8   0x0000009a   Code   RO         4032    i.xQueueReceiveFromISR  queue.o
    0x08006b42   0x00000002   PAD
    0x08006b44   0x00000178   Code   RO         4033    i.xQueueSemaphoreTake  queue.o
    0x08006cbc   0x00000074   Code   RO         4352    i.xTaskCheckForTimeOut  tasks.o
    0x08006d30   0x0000005a   Code   RO         4353    i.xTaskCreate       tasks.o
    0x08006d8a   0x00000056   Code   RO         4354    i.xTaskCreateStatic  tasks.o
    0x08006de0   0x0000001c   Code   RO         4358    i.xTaskGetSchedulerState  tasks.o
    0x08006dfc   0x000000c8   Code   RO         4361    i.xTaskIncrementTick  tasks.o
    0x08006ec4   0x00000098   Code   RO         4364    i.xTaskPriorityDisinherit  tasks.o
    0x08006f5c   0x00000094   Code   RO         4365    i.xTaskPriorityInherit  tasks.o
    0x08006ff0   0x00000074   Code   RO         4366    i.xTaskRemoveFromEventList  tasks.o
    0x08007064   0x000000c4   Code   RO         4367    i.xTaskResumeAll    tasks.o
    0x08007128   0x00000008   Data   RO         1205    .constdata          stm32f4xx_hal_dma.o
    0x08007130   0x00000010   Data   RO         3830    .constdata          system_stm32f4xx.o
    0x08007140   0x00000008   Data   RO         3831    .constdata          system_stm32f4xx.o
    0x08007148   0x0000001c   Data   RO         5144    .constdata          microphone.o
    0x08007164   0x0000001c   Data   RO         5235    .constdata          processing.o
    0x08007180   0x00000800   Data   RO         5523    .constdata          arm_cortexM4lf_math.lib(arm_common_tables.o)
    0x08007980   0x00003000   Data   RO         5550    .constdata          arm_cortexM4lf_math.lib(arm_common_tables.o)
    0x0800a980   0x00000140   Data   RO         5605    .constdata          m_wm.l(powf.o)
    0x0800aac0   0x0000000c   Data   RO         5145    .conststring        microphone.o
    0x0800aacc   0x00000009   Data   RO         5236    .conststring        processing.o
    0x0800aad5   0x00000003   PAD
    0x0800aad8   0x00000020   Data   RO         5683    Region$$Table       anon$$obj.o


    Execution Region RW_IRAM1 (Base: 0x20000000, Size: 0x0000bf00, Max: 0x00020000, ABSOLUTE, COMPRESSED[0x00000410])

    Base Addr    Size         Type   Attr      Idx    E Section Name        Object

    0x20000000   0x00000008   Data   RW           25    .data               main.o
    0x20000008   0x0000000c   Data   RW         1632    .data               stm32f4xx_hal.o
    0x20000014   0x00000014   Data   RW         2336    .data               stm32f4xx_hal_i2s.o
    0x20000028   0x00000004   Data   RW         3832    .data               system_stm32f4xx.o
    0x2000002c   0x0000003c   Data   RW         4370    .data               tasks.o
    0x20000068   0x00000018   Data   RW         5000    .data               heap_4.o
    0x20000080   0x0000000c   Data   RW         5063    .data               port.o
    0x2000008c   0x00000008   Data   RW         5146    .data               microphone.o
    0x20000094   0x00000018   Data   RW         5237    .data               processing.o
    0x200000ac   0x00000404   Data   RW         5296    .data               libPDMFilter_CM4_Keil_wc16.lib(pdm_filter.o)
    0x200004b0   0x00000004   Data   RW         5670    .data               mc_w.l(errno.o)
    0x200004b4   0x00000060   Zero   RW           20    .bss                main.o
    0x20000514   0x00000040   Zero   RW           24    .bss                main.o
    0x20000554   0x00000254   Zero   RW          249    .bss                freertos.o
    0x200007a8   0x00000040   Zero   RW          470    .bss                stm32f4xx_hal_timebase_tim.o
    0x200007e8   0x000000f0   Zero   RW         4369    .bss                tasks.o
    0x200008d8   0x00003c00   Zero   RW         4999    .bss                heap_4.o
    0x200044d8   0x00002224   Zero   RW         5143    .bss                microphone.o
    0x200066fc   0x00001800   Zero   RW         5234    .bss                processing.o
    0x20007efc   0x00000004   PAD
    0x20007f00   0x00004000   Zero   RW            1    STACK               startup_stm32f407xx.o


==============================================================================

Image component sizes


      Code (inc. data)   RO Data    RW Data    ZI Data      Debug   Object Name

       556         20          0          0          0      32421   cmsis_os.o
         0          0          0          0          0      18176   event_groups.o
        20          4          0          0        596       1244   freertos.o
       460         24          0         24      15360       7415   heap_4.o
       138          0          0          0          0       3622   list.o
       442         42          0          8        160     741234   main.o
       996        102         40          8       8740      17799   microphone.o
       786         82          0         12          0      12093   port.o
       260         36         37         24       6144      17371   processing.o
      2032         18          0          0          0      19194   queue.o
        36          8        392          0      16384        848   startup_stm32f407xx.o
        80         14          0         12          0       8154   stm32f4xx_hal.o
       158         14          0          0          0      33222   stm32f4xx_hal_cortex.o
      1036         16          8          0          0       7315   stm32f4xx_hal_dma.o
       488         52          0          0          0       3708   stm32f4xx_hal_gpio.o
       962         36          0         20          0       7373   stm32f4xx_hal_i2s.o
       694         24          0          0          0       3811   stm32f4xx_hal_i2s_ex.o
       240         30          0          0          0       2319   stm32f4xx_hal_msp.o
      1360         76          0          0          0       5370   stm32f4xx_hal_rcc.o
       460         40          0          0          0       2972   stm32f4xx_hal_rcc_ex.o
       654         44          0          0          0       6825   stm32f4xx_hal_tim.o
         4          0          0          0          0       1637   stm32f4xx_hal_tim_ex.o
       116         16          0          0         64       1431   stm32f4xx_hal_timebase_tim.o
       574          6          0          0          0       6127   stm32f4xx_hal_uart.o
        70         24          0          0          0       5207   stm32f4xx_it.o
         0          0          0          0          0        392   stream_buffer.o
        28          6         24          4          0       1167   system_stm32f4xx.o
      2258        162          0         60        240      24330   tasks.o

    ----------------------------------------------------------------------
     14942        896        536        172      47692     992777   Object Totals
         0          0         32          0          0          0   (incl. Generated)
        34          0          3          0          4          0   (incl. Padding)

    ----------------------------------------------------------------------

      Code (inc. data)   RO Data    RW Data    ZI Data      Debug   Library Member Name

       470          0          0          0          0       3006   arm_bitreversal.o
       136         24          0          0          0        891   arm_cfft_radix4_init_q15.o
      1246          0          0          0          0       3832   arm_cfft_radix4_q15.o
       134          0          0          0          0      17368   arm_cmplx_mag_q15.o
         0          0      14336          0          0       4664   arm_common_tables.o
       152          0          0          0          0       1115   arm_copy_q15.o
       154          0          0          0          0       1586   arm_max_q15.o
       248         14          0          0          0       1039   arm_sqrt_q15.o
      8472        648          0       1028          0       2588   pdm_filter.o
       108         26          0          0          0        116   stm32_crc_lock.o
        38          0          0          0          0        116   fpclassifyf.o
        74         24          0          0          0        580   funder.o
      1636        110        320          0          0        372   powf.o
       154          0          0          0          0        140   roundf.o
        94          0          0          0          0          0   __dclz77c.o
         0          0          0          0          0          0   entry.o
         0          0          0          0          0          0   entry10a.o
         0          0          0          0          0          0   entry11a.o
         8          4          0          0          0          0   entry2.o
         4          0          0          0          0          0   entry5.o
         0          0          0          0          0          0   entry7b.o
         0          0          0          0          0          0   entry8b.o
         8          4          0          0          0          0   entry9a.o
        12          6          0          4          0         68   errno.o
        30          0          0          0          0          0   handlers.o
        36          8          0          0          0         68   init.o
         0          0          0          0          0          0   iusefp.o
        30          0          0          0          0         68   llshl.o
        32          0          0          0          0         68   llushr.o
        36          0          0          0          0         68   memcpya.o
        36          0          0          0          0        108   memseta.o
        98          0          0          0          0         92   uldiv.o
       110          0          0          0          0        168   fepilogue.o
         4          0          0          0          0         68   fpstat.o
        60          0          0          0          0         76   frnd.o

    ----------------------------------------------------------------------
     13634        868      14656       1032          0      38265   Library Totals
        14          0          0          0          0          0   (incl. Padding)

    ----------------------------------------------------------------------

      Code (inc. data)   RO Data    RW Data    ZI Data      Debug   Library Name

      2540         38      14336          0          0      33501   arm_cortexM4lf_math.lib
      8580        674          0       1028          0       2704   libPDMFilter_CM4_Keil_wc16.lib
      1902        134        320          0          0       1208   m_wm.l
       424         22          0          4          0        540   mc_w.l
       174          0          0          0          0        312   mf_w.l

    ----------------------------------------------------------------------
     13634        868      14656       1032          0      38265   Library Totals

    ----------------------------------------------------------------------

==============================================================================


      Code (inc. data)   RO Data    RW Data    ZI Data      Debug   

     28576       1764      15192       1204      47692    1012362   Grand Totals
     28576       1764      15192       1040      47692    1012362   ELF Image Totals (compressed)
     28576       1764      15192       1040          0          0   ROM Totals

==============================================================================

    Total RO  Size (Code + RO Data)                43768 (  42.74kB)
    Total RW  Size (RW Data + ZI Data)             48896 (  47.75kB)
    Total ROM Size (Code + RO Data + RW Data)      44808 (  43.76kB)

==============================================================================

