<html>
<body>
<pre>
<h1>µVision Build Log</h1>
<h2>Tool Versions:</h2>
IDE-Version: µVision V5.17.0.0
Copyright (C) 2015 ARM Ltd and ARM Germany GmbH. All rights reserved.
License Information: hakan Microsoft, Microsoft, LIC=R4HKP-MNLJI-XA9DC-7RX55-AUNXI-A245M
 
Tool Versions:
Toolchain:       MDK-ARM Professional  Version: 5.17
Toolchain Path:  C:\Keil_v5\ARM\ARMCC\Bin
C Compiler:      Armcc.exe V5.06 update 1 (build 61)
Assembler:       Armasm.exe V5.06 update 1 (build 61)
Linker/Locator:  ArmLink.exe V5.06 update 1 (build 61)
Library Manager: ArmAr.exe V5.06 update 1 (build 61)
Hex Converter:   FromElf.exe V5.06 update 1 (build 61)
CPU DLL:         SARMCM3.DLL V5.17
Dialog DLL:      DCM.DLL V1.13.4.0
Target DLL:      STLink\ST-LINKIII-KEIL_SWO.dll V2.0.18.0
Dialog DLL:      TCM.DLL V1.14.6.0
 
<h2>Project:</h2>
C:\Users\HAKANAYDIN\Desktop\stm32F4_dsp_microphone_fft_rtos.git\trunk\stm32_audio_processing\MDK-ARM\stm32_audio_processing.uvprojx
Project File Date:  06/19/2020

<h2>Output:</h2>
*** Using Compiler 'V5.06 update 1 (build 61)', folder: 'C:\Keil_v5\ARM\ARMCC\Bin'
Build target 'stm32_audio_processing'
compiling stm32f4xx_hal_cortex.c...
../Drivers/CMSIS/Device/ST/STM32F4xx/Include/stm32f407xx.h(68): warning:  #47-D: incompatible redefinition of macro "__FPU_PRESENT"
  #define __FPU_PRESENT             1U       /*!< FPU present                                   */
../Drivers/STM32F4xx_HAL_Driver/Src/stm32f4xx_hal_cortex.c: 1 warning, 0 errors
compiling stm32f4xx_hal.c...
../Drivers/CMSIS/Device/ST/STM32F4xx/Include/stm32f407xx.h(68): warning:  #47-D: incompatible redefinition of macro "__FPU_PRESENT"
  #define __FPU_PRESENT             1U       /*!< FPU present                                   */
../Drivers/STM32F4xx_HAL_Driver/Src/stm32f4xx_hal.c: 1 warning, 0 errors
compiling stm32f4xx_hal_exti.c...
../Drivers/CMSIS/Device/ST/STM32F4xx/Include/stm32f407xx.h(68): warning:  #47-D: incompatible redefinition of macro "__FPU_PRESENT"
  #define __FPU_PRESENT             1U       /*!< FPU present                                   */
../Drivers/STM32F4xx_HAL_Driver/Src/stm32f4xx_hal_exti.c: 1 warning, 0 errors
compiling stm32f4xx_hal_i2c.c...
../Drivers/CMSIS/Device/ST/STM32F4xx/Include/stm32f407xx.h(68): warning:  #47-D: incompatible redefinition of macro "__FPU_PRESENT"
  #define __FPU_PRESENT             1U       /*!< FPU present                                   */
../Drivers/STM32F4xx_HAL_Driver/Src/stm32f4xx_hal_i2c.c: 1 warning, 0 errors
compiling stm32f4xx_hal_i2c_ex.c...
../Drivers/CMSIS/Device/ST/STM32F4xx/Include/stm32f407xx.h(68): warning:  #47-D: incompatible redefinition of macro "__FPU_PRESENT"
  #define __FPU_PRESENT             1U       /*!< FPU present                                   */
../Drivers/STM32F4xx_HAL_Driver/Src/stm32f4xx_hal_i2c_ex.c: 1 warning, 0 errors
compiling stm32f4xx_hal_i2s.c...
../Drivers/CMSIS/Device/ST/STM32F4xx/Include/stm32f407xx.h(68): warning:  #47-D: incompatible redefinition of macro "__FPU_PRESENT"
  #define __FPU_PRESENT             1U       /*!< FPU present                                   */
../Drivers/STM32F4xx_HAL_Driver/Src/stm32f4xx_hal_i2s.c: 1 warning, 0 errors
compiling stm32f4xx_hal_i2s_ex.c...
../Drivers/CMSIS/Device/ST/STM32F4xx/Include/stm32f407xx.h(68): warning:  #47-D: incompatible redefinition of macro "__FPU_PRESENT"
  #define __FPU_PRESENT             1U       /*!< FPU present                                   */
../Drivers/STM32F4xx_HAL_Driver/Src/stm32f4xx_hal_i2s_ex.c: 1 warning, 0 errors
compiling stm32f4xx_hal_tim.c...
../Drivers/CMSIS/Device/ST/STM32F4xx/Include/stm32f407xx.h(68): warning:  #47-D: incompatible redefinition of macro "__FPU_PRESENT"
  #define __FPU_PRESENT             1U       /*!< FPU present                                   */
../Drivers/STM32F4xx_HAL_Driver/Src/stm32f4xx_hal_tim.c: 1 warning, 0 errors
compiling stm32f4xx_hal_tim_ex.c...
../Drivers/CMSIS/Device/ST/STM32F4xx/Include/stm32f407xx.h(68): warning:  #47-D: incompatible redefinition of macro "__FPU_PRESENT"
  #define __FPU_PRESENT             1U       /*!< FPU present                                   */
../Drivers/STM32F4xx_HAL_Driver/Src/stm32f4xx_hal_tim_ex.c: 1 warning, 0 errors
compiling stm32f4xx_hal_uart.c...
../Drivers/CMSIS/Device/ST/STM32F4xx/Include/stm32f407xx.h(68): warning:  #47-D: incompatible redefinition of macro "__FPU_PRESENT"
  #define __FPU_PRESENT             1U       /*!< FPU present                                   */
../Drivers/STM32F4xx_HAL_Driver/Src/stm32f4xx_hal_uart.c: 1 warning, 0 errors
compiling system_stm32f4xx.c...
../Drivers/CMSIS/Device/ST/STM32F4xx/Include/stm32f407xx.h(68): warning:  #47-D: incompatible redefinition of macro "__FPU_PRESENT"
  #define __FPU_PRESENT             1U       /*!< FPU present                                   */
../Src/system_stm32f4xx.c: 1 warning, 0 errors
compiling croutine.c...
compiling event_groups.c...
compiling list.c...
compiling queue.c...
compiling stream_buffer.c...
compiling tasks.c...
compiling timers.c...
compiling cmsis_os.c...
compiling heap_4.c...
compiling port.c...
compiling microphone.c...
../Drivers/CMSIS/Device/ST/STM32F4xx/Include/stm32f407xx.h(68): warning:  #47-D: incompatible redefinition of macro "__FPU_PRESENT"
  #define __FPU_PRESENT             1U       /*!< FPU present                                   */
../Inc/microphone.h(91): warning:  #1-D: last line of file ends without a newline
  #endif
../Inc/processing.h(22): warning:  #1-D: last line of file ends without a newline
  #endif
../Inc/microphone.h(83): warning:  #1295-D: Deprecated declaration AUDIO_IN_ClockConfig - give arg types
  void AUDIO_IN_ClockConfig();
../Inc/microphone.h(86): warning:  #1295-D: Deprecated declaration AUDIO_IN_Init - give arg types
  struct AudioIn * AUDIO_IN_Init();
../Inc/microphone.h(91): warning:  #1-D: last line of file ends without a newline
  #endif
..\Src\microphone.c: 6 warnings, 0 errors
compiling processing.c...
../Drivers/CMSIS/Device/ST/STM32F4xx/Include/stm32f407xx.h(68): warning:  #47-D: incompatible redefinition of macro "__FPU_PRESENT"
  #define __FPU_PRESENT             1U       /*!< FPU present                                   */
../Inc/microphone.h(83): warning:  #1295-D: Deprecated declaration AUDIO_IN_ClockConfig - give arg types
  void AUDIO_IN_ClockConfig();
../Inc/microphone.h(86): warning:  #1295-D: Deprecated declaration AUDIO_IN_Init - give arg types
  struct AudioIn * AUDIO_IN_Init();
../Inc/microphone.h(91): warning:  #1-D: last line of file ends without a newline
  #endif
../Inc/processing.h(22): warning:  #1-D: last line of file ends without a newline
  #endif
../Inc/processing.h(22): warning:  #1-D: last line of file ends without a newline
  #endif
..\Src\processing.c(73): warning:  #1-D: last line of file ends without a newline
  }
..\Src\processing.c(73): warning:  #940-D: missing return statement at end of non-void function "proccesing_init"
  }
..\Src\processing.c: 8 warnings, 0 errors
compiling retarget_io.c...
linking...
Program Size: Code=32100 RO-data=15192 RW-data=1212 ZI-data=47692  
FromELF: creating hex file...
"stm32_audio_processing\stm32_audio_processing.axf" - 0 Error(s), 25 Warning(s).

<h2>Software Packages used:</h2>

Package Vendor: ARM
                http://www.keil.com/pack/ARM.CMSIS.5.0.0-Beta4.pack
                ARM::CMSIS:CORE:5.0.0
                CMSIS (Cortex Microcontroller Software Interface Standard)
   * Component: CORE Version: 5.0.0
   * Component: DSP Version: 1.4.6

Package Vendor: Keil
                http://www.keil.com/pack/Keil.ARM_Compiler.1.0.0.pack
                Keil::Compiler:I/O:STDIN:ITM:1.0.0
                Keil ARM Compiler extensions
   * Component: STDIN Variant: ITM Version: 1.0.0
   * Component: STDOUT Variant: ITM Version: 1.0.0
   * Component: STDERR Variant: ITM Version: 1.0.0
   * Component: TTY Variant: ITM Version: 1.0.0

<h2>Collection of Component include folders:</h2>
  C:\Users\HAKANAYDIN\Desktop\stm32F4_dsp_microphone_fft_rtos.git\trunk\stm32_audio_processing\MDK-ARM\RTE
  C:\Keil_v5\ARM\PACK\ARM\CMSIS\5.0.0-Beta4\CMSIS\Include
  C:\Keil_v5\ARM\PACK\Keil\STM32F4xx_DFP\2.9.0\Drivers\CMSIS\Device\ST\STM32F4xx\Include

<h2>Collection of Component Files used:</h2>

   * Component: ARM::CMSIS:CORE:5.0.0

   * Component: ARM::CMSIS:DSP:1.4.6
      Include file:  CMSIS\Include\arm_math.h
      Library file:  CMSIS\Lib\ARM\arm_cortexM4lf_math.lib

   * Component: Keil::Compiler:I/O:STDIN:ITM:1.0.0
      Source file:   Source\retarget_io.c

   * Component: Keil::Compiler:I/O:STDOUT:ITM:1.0.0
      Source file:   Source\retarget_io.c

   * Component: Keil::Compiler:I/O:STDERR:ITM:1.0.0
      Source file:   Source\retarget_io.c

   * Component: Keil::Compiler:I/O:TTY:ITM:1.0.0
      Source file:   Source\retarget_io.c
Build Time Elapsed:  00:03:27
</pre>
</body>
</html>
